Component: ARM Compiler 5.06 update 1 (build 61) Tool: armlink [4d35a8]

==============================================================================

Section Cross References

    main.o(i.__sti___8_main_cpp_3040d148) refers to gpio.o(i.gpio_init_out) for gpio_init_out
    main.o(i.__sti___8_main_cpp_3040d148) refers to main.o(.bss) for onBoardLED
    main.o(i.main) refers to main.o(i._ZN4mbed10DigitalOutaSEi) for mbed::DigitalOut::operator =(int)
    main.o(i.main) refers to wait_api.o(i.wait) for wait
    main.o(i.main) refers to main.o(.bss) for onBoardLED
    main.o(.ARM.exidx) refers to main.o(i.main) for i.main
    main.o(.ARM.exidx) refers to main.o(i.__sti___8_main_cpp_3040d148) for i.__sti___8_main_cpp_3040d148
    main.o(.init_array) refers to main.o(i.__sti___8_main_cpp_3040d148) for __sti___8_main_cpp_3040d148
    main.o(.init_array) refers to cpp_init.o(.text) for __cpp_initialize__aeabi_
    hal_cm.o(i.rt_ret_val) refers to hal_cm.o(i.rt_ret_regs) for rt_ret_regs
    hal_cm.o(i.rt_ret_val2) refers to hal_cm.o(i.rt_ret_regs) for rt_ret_regs
    rtx_conf_cm.o(.ARM.Collect$$$$000000FF) refers to rt_cmsis.o(i.osKernelInitialize) for osKernelInitialize
    rtx_conf_cm.o(.ARM.Collect$$$$000000FF) refers to rtx_conf_cm.o(i.set_main_stack) for set_main_stack
    rtx_conf_cm.o(.ARM.Collect$$$$000000FF) refers to rt_cmsis.o(i.osThreadCreate) for osThreadCreate
    rtx_conf_cm.o(.ARM.Collect$$$$000000FF) refers to rt_cmsis.o(i.osKernelStart) for osKernelStart
    rtx_conf_cm.o(.ARM.Collect$$$$000000FF) refers to rtx_conf_cm.o(.data) for .data
    rtx_conf_cm.o(i.os_error) refers to board.o(i.mbed_die) for mbed_die
    rtx_conf_cm.o(i.set_main_stack) refers to rtx_conf_cm.o(.data) for .data
    rtx_conf_cm.o(i.sysThreadError) refers to board.o(i.mbed_die) for mbed_die
    rtx_conf_cm.o(.data) refers to rt_cmsis.o(i.osTimerThread) for osTimerThread
    rtx_conf_cm.o(.data) refers to rtx_conf_cm.o(.bss) for os_thread_def_stack_osTimerThread
    rtx_conf_cm.o(.data) refers to retarget.o(i.$Sub$$main) for main
    rt_cmsis.o(i.isrMessagePut) refers to rt_mailbox.o(i.rt_mbx_check) for rt_mbx_check
    rt_cmsis.o(i.isrMessagePut) refers to rt_mailbox.o(i.isr_mbx_send) for isr_mbx_send
    rt_cmsis.o(i.osDelay) refers to rt_cmsis.o(i.__get_IPSR) for __get_IPSR
    rt_cmsis.o(i.osDelay) refers to rt_cmsis.o(i.svcDelay) for svcDelay
    rt_cmsis.o(i.osKernelInitialize) refers to rt_cmsis.o(i.__get_IPSR) for __get_IPSR
    rt_cmsis.o(i.osKernelInitialize) refers to rt_cmsis.o(i.__get_CONTROL) for __get_CONTROL
    rt_cmsis.o(i.osKernelInitialize) refers to rt_cmsis.o(i.svcKernelInitialize) for svcKernelInitialize
    rt_cmsis.o(i.osKernelRunning) refers to rt_cmsis.o(i.__get_IPSR) for __get_IPSR
    rt_cmsis.o(i.osKernelRunning) refers to rt_cmsis.o(i.__get_CONTROL) for __get_CONTROL
    rt_cmsis.o(i.osKernelRunning) refers to rt_cmsis.o(.data) for os_running
    rt_cmsis.o(i.osKernelRunning) refers to rt_cmsis.o(i.svcKernelRunning) for svcKernelRunning
    rt_cmsis.o(i.osKernelStart) refers to rt_cmsis.o(i.__get_IPSR) for __get_IPSR
    rt_cmsis.o(i.osKernelStart) refers to rt_cmsis.o(i.__get_CONTROL) for __get_CONTROL
    rt_cmsis.o(i.osKernelStart) refers to rtx_conf_cm.o(.constdata) for os_flags
    rt_cmsis.o(i.osKernelStart) refers to rt_cmsis.o(i.svcKernelStart) for svcKernelStart
    rt_cmsis.o(i.osMailAlloc) refers to rt_cmsis.o(i.__get_IPSR) for __get_IPSR
    rt_cmsis.o(i.osMailAlloc) refers to rt_cmsis.o(i.sysMailAlloc) for sysMailAlloc
    rt_cmsis.o(i.osMailCAlloc) refers to rt_cmsis.o(i.__get_IPSR) for __get_IPSR
    rt_cmsis.o(i.osMailCAlloc) refers to rt_cmsis.o(i.sysMailAlloc) for sysMailAlloc
    rt_cmsis.o(i.osMailCreate) refers to rt_cmsis.o(i.__get_IPSR) for __get_IPSR
    rt_cmsis.o(i.osMailCreate) refers to rt_cmsis.o(i.__get_CONTROL) for __get_CONTROL
    rt_cmsis.o(i.osMailCreate) refers to rt_cmsis.o(i.svcMailCreate) for svcMailCreate
    rt_cmsis.o(i.osMailCreate) refers to rt_cmsis.o(.data) for os_running
    rt_cmsis.o(i.osMailFree) refers to rt_cmsis.o(i.__get_IPSR) for __get_IPSR
    rt_cmsis.o(i.osMailFree) refers to rt_cmsis.o(i.sysMailFree) for sysMailFree
    rt_cmsis.o(i.osMailGet) refers to rt_cmsis.o(i.osMessageGet) for osMessageGet
    rt_cmsis.o(i.osMailPut) refers to rt_cmsis.o(i.osMessagePut) for osMessagePut
    rt_cmsis.o(i.osMessageCreate) refers to rt_cmsis.o(i.__get_IPSR) for __get_IPSR
    rt_cmsis.o(i.osMessageCreate) refers to rt_cmsis.o(i.__get_CONTROL) for __get_CONTROL
    rt_cmsis.o(i.osMessageCreate) refers to rt_cmsis.o(i.svcMessageCreate) for svcMessageCreate
    rt_cmsis.o(i.osMessageCreate) refers to rt_cmsis.o(.data) for os_running
    rt_cmsis.o(i.osMessageGet) refers to rt_cmsis.o(i.__get_IPSR) for __get_IPSR
    rt_cmsis.o(i.osMessageGet) refers to rt_mailbox.o(i.isr_mbx_receive) for isr_mbx_receive
    rt_cmsis.o(i.osMessageGet) refers to rt_cmsis.o(i.svcMessageGet) for svcMessageGet
[...]
    init.s                                   0x00000000   Number         0  init.o ABSOLUTE
    main.cpp                                 0x00000000   Number         0  main.o ABSOLUTE
    main.cpp                                 0x00000000   Number         0  main.o ABSOLUTE
    mbed-rtos/rtos/Mutex.cpp                 0x00000000   Number         0  mutex.o ABSOLUTE
    mbed-rtos/rtos/RtosTimer.cpp             0x00000000   Number         0  rtostimer.o ABSOLUTE
    mbed-rtos/rtos/Semaphore.cpp             0x00000000   Number         0  semaphore.o ABSOLUTE
    mbed-rtos/rtos/Thread.cpp                0x00000000   Number         0  thread.o ABSOLUTE
    mbed-rtos/rtx/TARGET_CORTEX_M/HAL_CM.c   0x00000000   Number         0  hal_cm.o ABSOLUTE
    mbed-rtos/rtx/TARGET_CORTEX_M/RTX_Conf_CM.c 0x00000000   Number         0  rtx_conf_cm.o ABSOLUTE
    mbed-rtos/rtx/TARGET_CORTEX_M/TARGET_RTOS_M4_M7/TOOLCHAIN_ARM/HAL_CM4.c 0x00000000   Number         0  hal_cm4.o ABSOLUTE
    mbed-rtos/rtx/TARGET_CORTEX_M/TARGET_RTOS_M4_M7/TOOLCHAIN_ARM/SVC_Table.S 0x00000000   Number         0  svc_table.o ABSOLUTE
    mbed-rtos/rtx/TARGET_CORTEX_M/rt_CMSIS.c 0x00000000   Number         0  rt_cmsis.o ABSOLUTE
    mbed-rtos/rtx/TARGET_CORTEX_M/rt_Event.c 0x00000000   Number         0  rt_event.o ABSOLUTE
    mbed-rtos/rtx/TARGET_CORTEX_M/rt_List.c  0x00000000   Number         0  rt_list.o ABSOLUTE
    mbed-rtos/rtx/TARGET_CORTEX_M/rt_Mailbox.c 0x00000000   Number         0  rt_mailbox.o ABSOLUTE
    mbed-rtos/rtx/TARGET_CORTEX_M/rt_MemBox.c 0x00000000   Number         0  rt_membox.o ABSOLUTE
    mbed-rtos/rtx/TARGET_CORTEX_M/rt_Mutex.c 0x00000000   Number         0  rt_mutex.o ABSOLUTE
    mbed-rtos/rtx/TARGET_CORTEX_M/rt_Robin.c 0x00000000   Number         0  rt_robin.o ABSOLUTE
    mbed-rtos/rtx/TARGET_CORTEX_M/rt_Semaphore.c 0x00000000   Number         0  rt_semaphore.o ABSOLUTE
    mbed-rtos/rtx/TARGET_CORTEX_M/rt_System.c 0x00000000   Number         0  rt_system.o ABSOLUTE
    mbed-rtos/rtx/TARGET_CORTEX_M/rt_Task.c  0x00000000   Number         0  rt_task.o ABSOLUTE
    mbed-rtos/rtx/TARGET_CORTEX_M/rt_Time.c  0x00000000   Number         0  rt_time.o ABSOLUTE
    mbed-rtos\rtx\TARGET_CORTEX_M\TARGET_RTOS_M4_M7\TOOLCHAIN_ARM\HAL_CM4.c 0x00000000   Number         0  hal_cm4.o ABSOLUTE
    mbed-rtos\rtx\TARGET_CORTEX_M\rt_CMSIS.c 0x00000000   Number         0  rt_cmsis.o ABSOLUTE
    mbed-rtos\rtx\TARGET_CORTEX_M\rt_System.c 0x00000000   Number         0  rt_system.o ABSOLUTE
    myasm.s                                  0x00000000   Number         0  myasm.o ABSOLUTE
    RESET                                    0x08000000   Section      404  startup_stm32f401xe.o(RESET)
    .ARM.Collect$$$$00000000                 0x08000194   Section        0  entry.o(.ARM.Collect$$$$00000000)
    .ARM.Collect$$$$00000001                 0x08000194   Section        4  entry2.o(.ARM.Collect$$$$00000001)
    .ARM.Collect$$$$00000004                 0x08000198   Section        4  entry5.o(.ARM.Collect$$$$00000004)
    .ARM.Collect$$$$00000006                 0x0800019c   Section        4  entry6b.o(.ARM.Collect$$$$00000006)
    .ARM.Collect$$$$00000008                 0x080001a0   Section        0  entry7b.o(.ARM.Collect$$$$00000008)
    .ARM.Collect$$$$00000009                 0x080001a0   Section        4  entry8a.o(.ARM.Collect$$$$00000009)
    .ARM.Collect$$$$0000000A                 0x080001a4   Section        0  entry8b.o(.ARM.Collect$$$$0000000A)
    .ARM.Collect$$$$0000000D                 0x080001a4   Section        0  entry10a.o(.ARM.Collect$$$$0000000D)
    .ARM.Collect$$$$0000000F                 0x080001a4   Section        0  entry11a.o(.ARM.Collect$$$$0000000F)
    .ARM.Collect$$$$000000FF                 0x080001a4   Section        0  rtx_conf_cm.o(.ARM.Collect$$$$000000FF)
    .ARM.Collect$$$$00002712                 0x080001c0   Section        4  entry2.o(.ARM.Collect$$$$00002712)
    __lit__00000000                          0x080001c0   Data           4  entry2.o(.ARM.Collect$$$$00002712)
    .emb_text                                0x080001c4   Section      384  hal_cm4.o(.emb_text)
    $v0                                      0x080001c4   Number         0  hal_cm4.o(.emb_text)
    .text                                    0x08000344   Section       36  startup_stm32f401xe.o(.text)
    $v0                                      0x08000344   Number         0  startup_stm32f401xe.o(.text)
    .text                                    0x08000368   Section        0  initio_oe.o(.text)
    .text                                    0x08000388   Section        0  memcpya.o(.text)
    .text                                    0x080003ac   Section        0  strlen.o(.text)
    .text                                    0x080003ba   Section        0  strcmp.o(.text)
    .text                                    0x080003d6   Section        0  strncmp.o(.text)
    .text                                    0x080003f4   Section        0  __0sscanf.o(.text)
    .text                                    0x0800042c   Section        0  _scanf_int.o(.text)
    .text                                    0x08000578   Section        0  cpp_init.o(.text)
    .text                                    0x08000598   Section        0  fputc_fp.o(.text)
    .text                                    0x080005c0   Section        0  uidiv.o(.text)
    .text                                    0x080005ec   Section        0  uldiv.o(.text)
    .text                                    0x0800064e   Section        0  _chval.o(.text)
    .text                                    0x0800066c   Section        0  scanf_char.o(.text)
    _scanf_char_input                        0x0800066d   Thumb Code    12  scanf_char.o(.text)
    .text                                    0x08000694   Section        0  _sgetc.o(.text)
    .text                                    0x080006d4   Section        0  iusefp.o(.text)
    .text                                    0x080006d4   Section        0  dadd.o(.text)
    .text                                    0x08000822   Section        0  dmul.o(.text)
    .text                                    0x08000906   Section        0  ddiv.o(.text)
    .text                                    0x080009e4   Section        0  dfixul.o(.text)
    .text                                    0x08000a14   Section       48  cdrcmple.o(.text)
    .text                                    0x08000a44   Section       36  init.o(.text)
    .text                                    0x08000a68   Section        0  llshl.o(.text)
    .text                                    0x08000a86   Section        0  llushr.o(.text)
    .text                                    0x08000aa6   Section        0  llsshr.o(.text)
    .text                                    0x08000aca   Section        0  isspace_c.o(.text)
    .text                                    0x08000ad4   Section        0  _scanf.o(.text)
    .text                                    0x08000e00   Section        0  depilogue.o(.text)
    .text                                    0x08000ebc   Section        0  ctype_c.o(.text)
    SVC_TABLE                                0x08000ee4   Section        4  svc_table.o(SVC_TABLE)
    i.$Sub$$main                             0x08000ee8   Section        0  retarget.o(i.$Sub$$main)
    i.HAL_GPIO_Init                          0x08000efc   Section        0  stm32f4xx_hal_gpio.o(i.HAL_GPIO_Init)
    i.HAL_GetTick                            0x08001100   Section        0  stm32f4xx_hal.o(i.HAL_GetTick)
    i.HAL_IncTick                            0x0800110c   Section        0  stm32f4xx_hal.o(i.HAL_IncTick)
    i.HAL_Init                               0x0800111c   Section        0  stm32f4xx_hal.o(i.HAL_Init)
    i.HAL_InitTick                           0x08001150   Section        0  hal_tick.o(i.HAL_InitTick)
    i.HAL_MspInit                            0x08001204   Section        0  stm32f4xx_hal_msp_template.o(i.HAL_MspInit)
    i.HAL_NVIC_SetPriorityGrouping           0x08001208   Section        0  stm32f4xx_hal_cortex.o(i.HAL_NVIC_SetPriorityGrouping)
    i.HAL_RCC_ClockConfig                    0x0800122c   Section        0  stm32f4xx_hal_rcc.o(i.HAL_RCC_ClockConfig)
    i.HAL_RCC_GetPCLK1Freq                   0x0800145c   Section        0  stm32f4xx_hal_rcc.o(i.HAL_RCC_GetPCLK1Freq)
    i.HAL_RCC_GetPCLK2Freq                   0x080014a8   Section        0  stm32f4xx_hal_rcc.o(i.HAL_RCC_GetPCLK2Freq)
    i.HAL_RCC_GetSysClockFreq                0x080014f4   Section        0  stm32f4xx_hal_rcc.o(i.HAL_RCC_GetSysClockFreq)
    i.HAL_RCC_OscConfig                      0x08001588   Section        0  stm32f4xx_hal_rcc.o(i.HAL_RCC_OscConfig)
    i.HAL_TIM_OC_Init                        0x08001940   Section        0  stm32f4xx_hal_tim.o(i.HAL_TIM_OC_Init)
    i.HAL_TIM_OC_MspInit                     0x08001976   Section        0  stm32f4xx_hal_tim.o(i.HAL_TIM_OC_MspInit)
    i.HAL_TIM_OC_Start                       0x08001978   Section        0  stm32f4xx_hal_tim.o(i.HAL_TIM_OC_Start)
    i.HAL_UART_Init                          0x080019ae   Section        0  stm32f4xx_hal_uart.o(i.HAL_UART_Init)
    i.HAL_UART_MspInit                       0x08001a0c   Section        0  stm32f4xx_hal_uart.o(i.HAL_UART_MspInit)
    i.NVIC_SetVector                         0x08001a10   Section        0  cmsis_nvic.o(i.NVIC_SetVector)
    i.SetSysClock_PLL_HSE                    0x08001a44   Section        0  system_stm32f4xx.o(i.SetSysClock_PLL_HSE)
    i.Set_GPIO_Clock                         0x08001ad0   Section        0  pinmap.o(i.Set_GPIO_Clock)
    i.SystemCoreClockUpdate                  0x08001ba0   Section        0  system_stm32f4xx.o(i.SystemCoreClockUpdate)
    i.SystemInit                             0x08001c24   Section        0  system_stm32f4xx.o(i.SystemInit)
    i.TIM_Base_SetConfig                     0x08001d34   Section        0  stm32f4xx_hal_tim.o(i.TIM_Base_SetConfig)
    i.UART_SetConfig                         0x08001dc8   Section        0  stm32f4xx_hal_uart.o(i.UART_SetConfig)
    UART_SetConfig                           0x08001dc9   Thumb Code   522  stm32f4xx_hal_uart.o(i.UART_SetConfig)
    i._ZN4mbed10DigitalOutaSEi               0x08001fe0   Section        0  main.o(i._ZN4mbed10DigitalOutaSEi)
    i._ZN4mbed8FileBase11getPathTypeEv       0x08002040   Section        0  FileBase.o(i._ZN4mbed8FileBase11getPathTypeEv)
    i._ZN4mbed8FileBase6lookupEPKcj          0x08002044   Section        0  FileBase.o(i._ZN4mbed8FileBase6lookupEPKcj)
    i._ZN4mbed8FilePath10fileSystemEv        0x0800207c   Section        0  FilePath.o(i._ZN4mbed8FilePath10fileSystemEv)
    i._ZN4mbed8FilePath4fileEv               0x08002094   Section        0  FilePath.o(i._ZN4mbed8FilePath4fileEv)
    i._ZN4mbed8FilePath6existsEv             0x080020b0   Section        0  FilePath.o(i._ZN4mbed8FilePath6existsEv)
    i._ZN4mbed8FilePath6isFileEv             0x080020ba   Section        0  FilePath.o(i._ZN4mbed8FilePath6isFileEv)
    i._ZN4mbed8FilePath8fileNameEv           0x080020d2   Section        0  FilePath.o(i._ZN4mbed8FilePath8fileNameEv)
    i._ZN4mbed8FilePathC1EPKc                0x080020d6   Section        0  FilePath.o(i._ZN4mbed8FilePathC1EPKc)
    i.__0vfprintf                            0x08002118   Section        0  printfa.o(i.__0vfprintf)
    i.__get_CONTROL                          0x08002130   Section        0  rt_cmsis.o(i.__get_CONTROL)
    __get_CONTROL                            0x08002131   Thumb Code     6  rt_cmsis.o(i.__get_CONTROL)
    i.__get_IPSR                             0x08002136   Section        0  rt_cmsis.o(i.__get_IPSR)
    __get_IPSR                               0x08002137   Thumb Code     6  rt_cmsis.o(i.__get_IPSR)
    i.__scatterload_copy                     0x0800213c   Section       14  handlers.o(i.__scatterload_copy)
    i.__scatterload_null                     0x0800214a   Section        2  handlers.o(i.__scatterload_null)
    i.__scatterload_zeroinit                 0x0800214c   Section       14  handlers.o(i.__scatterload_zeroinit)
    i.__sti___8_main_cpp_3040d148            0x0800215c   Section        0  main.o(i.__sti___8_main_cpp_3040d148)
    __sti___8_main_cpp_3040d148              0x0800215d   Thumb Code    28  main.o(i.__sti___8_main_cpp_3040d148)
    i._fflush$full                           0x0800217c   Section        0  fflush_f.o(i._fflush$full)
    i._fp_digits                             0x08002194   Section        0  printfa.o(i._fp_digits)
    _fp_digits                               0x08002195   Thumb Code   334  printfa.o(i._fp_digits)
    i._printf_core                           0x080022f8   Section        0  printfa.o(i._printf_core)
    _printf_core                             0x080022f9   Thumb Code  1744  printfa.o(i._printf_core)
    i._printf_post_padding                   0x080029d4   Section        0  printfa.o(i._printf_post_padding)
    _printf_post_padding                     0x080029d5   Thumb Code    36  printfa.o(i._printf_post_padding)
    i._printf_pre_padding                    0x080029f8   Section        0  printfa.o(i._printf_pre_padding)
    _printf_pre_padding                      0x080029f9   Thumb Code    46  printfa.o(i._printf_pre_padding)
    i._sys_open                              0x08002a28   Section        0  retarget.o(i._sys_open)
    i._sys_seek                              0x08002b0c   Section        0  retarget.o(i._sys_seek)
    i._sys_write                             0x08002b34   Section        0  retarget.o(i._sys_write)
    i.error                                  0x08002b94   Section        0  error.o(i.error)
    i.exit                                   0x08002bac   Section        0  retarget.o(i.exit)
    i.gpio_dir                               0x08002bcc   Section        0  gpio_api.o(i.gpio_dir)
    i.gpio_init                              0x08002c20   Section        0  gpio_api.o(i.gpio_init)
    i.gpio_init_out                          0x08002c5c   Section        0  gpio.o(i.gpio_init_out)
    i.gpio_init_out_ex                       0x08002ca8   Section        0  gpio.o(i.gpio_init_out_ex)
    i.gpio_mode                              0x08002d14   Section        0  gpio_api.o(i.gpio_mode)
    i.isrMessagePut                          0x08002d1c   Section        0  rt_cmsis.o(i.isrMessagePut)
    isrMessagePut                            0x08002d1d   Thumb Code    50  rt_cmsis.o(i.isrMessagePut)
    i.isr_mbx_receive                        0x08002d4e   Section        0  rt_mailbox.o(i.isr_mbx_receive)
    i.isr_mbx_send                           0x08002dac   Section        0  rt_mailbox.o(i.isr_mbx_send)
    i.main                                   0x08002dc4   Section        0  main.o(i.main)
    i.mbed_assert_internal                   0x08002df0   Section        0  assert.o(i.mbed_assert_internal)
    i.mbed_die                               0x08002e30   Section        0  board.o(i.mbed_die)
    i.mbed_main                              0x08002e9c   Section        0  retarget.o(i.mbed_main)
    i.mbed_sdk_init                          0x08002e9e   Section        0  mbed_overrides.o(i.mbed_sdk_init)
    i.osKernelInitialize                     0x08002eac   Section        0  rt_cmsis.o(i.osKernelInitialize)
    i.osKernelStart                          0x08002ed8   Section        0  rt_cmsis.o(i.osKernelStart)
    i.osMessageGet                           0x08002fa8   Section        0  rt_cmsis.o(i.osMessageGet)
    i.osThreadCreate                         0x08003024   Section        0  rt_cmsis.o(i.osThreadCreate)
    i.osThreadExit                           0x08003068   Section        0  rt_cmsis.o(i.osThreadExit)
    i.osTimerCall                            0x08003088   Section        0  rt_cmsis.o(i.osTimerCall)
    i.osTimerThread                          0x080030a8   Section        0  rt_cmsis.o(i.osTimerThread)
    i.os_error                               0x080030e0   Section        0  rtx_conf_cm.o(i.os_error)
    i.os_idle_demon                          0x080030ea   Section        0  rtx_conf_cm.o(i.os_idle_demon)
    i.os_tick_init                           0x080030f0   Section        0  rt_system.o(i.os_tick_init)
    i.os_tick_irqack                         0x08003120   Section        0  rt_system.o(i.os_tick_irqack)
    i.pin_function                           0x08003124   Section        0  pinmap.o(i.pin_function)
    i.pin_mode                               0x08003190   Section        0  pinmap.o(i.pin_mode)
    i.pinmap_merge                           0x080031e8   Section        0  pinmap_common.o(i.pinmap_merge)
    i.pinmap_peripheral                      0x08003224   Section        0  pinmap_common.o(i.pinmap_peripheral)
    i.pinmap_pinout                          0x08003284   Section        0  pinmap_common.o(i.pinmap_pinout)
    i.rt_alloc_box                           0x080032e0   Section        0  rt_membox.o(i.rt_alloc_box)
    i.rt_block                               0x08003300   Section        0  rt_task.o(i.rt_block)
    i.rt_chk_robin                           0x08003338   Section        0  rt_robin.o(i.rt_chk_robin)
    i.rt_dec_dly                             0x08003390   Section        0  rt_list.o(i.rt_dec_dly)
    i.rt_dispatch                            0x08003420   Section        0  rt_task.o(i.rt_dispatch)
    i.rt_evt_psh                             0x08003470   Section        0  rt_event.o(i.rt_evt_psh)
    i.rt_free_box                            0x080034cc   Section        0  rt_membox.o(i.rt_free_box)
    i.rt_get_TID                             0x080034f0   Section        0  rt_task.o(i.rt_get_TID)
    i.rt_get_first                           0x08003518   Section        0  rt_list.o(i.rt_get_first)
    i.rt_id2obj                              0x0800354a   Section        0  rt_cmsis.o(i.rt_id2obj)
    rt_id2obj                                0x0800354b   Thumb Code    16  rt_cmsis.o(i.rt_id2obj)
    i.rt_init_context                        0x0800355a   Section        0  rt_task.o(i.rt_init_context)
    i.rt_init_robin                          0x0800358c   Section        0  rt_robin.o(i.rt_init_robin)
    i.rt_init_stack                          0x080035a4   Section        0  hal_cm.o(i.rt_init_stack)
    i.rt_mbx_check                           0x080035f0   Section        0  rt_mailbox.o(i.rt_mbx_check)
    i.rt_mbx_init                            0x080035fc   Section        0  rt_mailbox.o(i.rt_mbx_init)
    i.rt_mbx_psh                             0x08003620   Section        0  rt_mailbox.o(i.rt_mbx_psh)
    i.rt_mbx_wait                            0x08003740   Section        0  rt_mailbox.o(i.rt_mbx_wait)
    i.rt_ms2tick                             0x08003818   Section        0  rt_cmsis.o(i.rt_ms2tick)
    rt_ms2tick                               0x08003819   Thumb Code    60  rt_cmsis.o(i.rt_ms2tick)
    i.rt_pop_req                             0x0800385c   Section        0  rt_system.o(i.rt_pop_req)
    i.rt_psh_req                             0x08003904   Section        0  rt_system.o(i.rt_psh_req)
    i.rt_psq_enq                             0x08003928   Section        0  rt_list.o(i.rt_psq_enq)
    i.rt_put_dly                             0x080039a4   Section        0  rt_list.o(i.rt_put_dly)
    i.rt_put_prio                            0x08003a00   Section        0  rt_list.o(i.rt_put_prio)
    i.rt_put_rdy_first                       0x08003a40   Section        0  rt_list.o(i.rt_put_rdy_first)
    i.rt_resort_prio                         0x08003a54   Section        0  rt_list.o(i.rt_resort_prio)
    i.rt_ret_regs                            0x08003a88   Section        0  hal_cm.o(i.rt_ret_regs)
    rt_ret_regs                              0x08003a89   Thumb Code    20  hal_cm.o(i.rt_ret_regs)
    i.rt_ret_val                             0x08003a9c   Section        0  hal_cm.o(i.rt_ret_val)
    i.rt_ret_val2                            0x08003aae   Section        0  hal_cm.o(i.rt_ret_val2)
    i.rt_rmv_dly                             0x08003ac8   Section        0  rt_list.o(i.rt_rmv_dly)
    i.rt_rmv_list                            0x08003af0   Section        0  rt_list.o(i.rt_rmv_list)
    i.rt_sem_psh                             0x08003b24   Section        0  rt_semaphore.o(i.rt_sem_psh)
    i.rt_stk_check                           0x08003b5c   Section        0  rt_system.o(i.rt_stk_check)
    i.rt_switch_req                          0x08003b98   Section        0  rt_task.o(i.rt_switch_req)
    i.rt_sys_init                            0x08003ba8   Section        0  rt_task.o(i.rt_sys_init)
    i.rt_sys_start                           0x08003c90   Section        0  rt_task.o(i.rt_sys_start)
    i.rt_systick                             0x08003cd4   Section        0  rt_system.o(i.rt_systick)
    i.rt_tid2ptcb                            0x08003d18   Section        0  rt_cmsis.o(i.rt_tid2ptcb)
    rt_tid2ptcb                              0x08003d19   Thumb Code    32  rt_cmsis.o(i.rt_tid2ptcb)
    i.rt_timer_insert                        0x08003d38   Section        0  rt_cmsis.o(i.rt_timer_insert)
    rt_timer_insert                          0x08003d39   Thumb Code    60  rt_cmsis.o(i.rt_timer_insert)
    i.rt_tsk_delete                          0x08003d78   Section        0  rt_task.o(i.rt_tsk_delete)
    i.rt_tsk_prio                            0x08003e08   Section        0  rt_task.o(i.rt_tsk_prio)
    i.rt_tsk_self                            0x08003e98   Section        0  rt_task.o(i.rt_tsk_self)
    i.serial_init                            0x08003eb0   Section        0  serial_api.o(i.serial_init)
    i.serial_putc                            0x08004050   Section        0  serial_api.o(i.serial_putc)
    i.set_main_stack                         0x08004074   Section        0  rtx_conf_cm.o(i.set_main_stack)
    i.svcKernelInitialize                    0x08004090   Section        0  rt_cmsis.o(i.svcKernelInitialize)
    i.svcKernelStart                         0x080040c0   Section        0  rt_cmsis.o(i.svcKernelStart)
    i.svcMessageCreate                       0x08004128   Section        0  rt_cmsis.o(i.svcMessageCreate)
    i.svcMessageGet                          0x08004164   Section        0  rt_cmsis.o(i.svcMessageGet)
    i.svcThreadCreate                        0x080041bc   Section        0  rt_cmsis.o(i.svcThreadCreate)
    i.svcThreadGetId                         0x08004244   Section        0  rt_cmsis.o(i.svcThreadGetId)
    i.svcThreadTerminate                     0x08004260   Section        0  rt_cmsis.o(i.svcThreadTerminate)
    i.svcTimerCall                           0x08004286   Section        0  rt_cmsis.o(i.svcTimerCall)
    i.sysThreadError                         0x080042b0   Section        0  rtx_conf_cm.o(i.sysThreadError)
    i.sysTimerTick                           0x080042bc   Section        0  rt_cmsis.o(i.sysTimerTick)
    i.ticker_irq_handler                     0x0800430c   Section        0  ticker_api.o(i.ticker_irq_handler)
    i.timer_irq_handler                      0x0800435c   Section        0  hal_tick.o(i.timer_irq_handler)
    i.us_ticker_clear_interrupt              0x080043b0   Section        0  us_ticker.o(i.us_ticker_clear_interrupt)
    i.us_ticker_disable_interrupt            0x080043c0   Section        0  us_ticker.o(i.us_ticker_disable_interrupt)
    i.us_ticker_init                         0x080043d4   Section        0  us_ticker.o(i.us_ticker_init)
    i.us_ticker_irq_handler                  0x080043fc   Section        0  us_ticker_api.o(i.us_ticker_irq_handler)
    i.us_ticker_read                         0x08004408   Section        0  us_ticker.o(i.us_ticker_read)
    i.us_ticker_set_interrupt                0x08004438   Section        0  us_ticker.o(i.us_ticker_set_interrupt)
    i.wait                                   0x0800444c   Section        0  wait_api.o(i.wait)
    i.wait_ms                                0x08004474   Section        0  wait_api.o(i.wait_ms)
    .constdata                               0x08004490   Section       27  rtx_conf_cm.o(.constdata)
    __tagsym$$used                           0x080044a0   Number         0  rtx_conf_cm.o(.constdata)
    __tagsym$$used                           0x080044a4   Number         0  rtx_conf_cm.o(.constdata)
    .constdata                               0x080044ab   Section       16  stm32f4xx_hal_rcc.o(.constdata)
    .constdata                               0x080044bb   Section       16  system_stm32f4xx.o(.constdata)
    .constdata                               0x080044cc   Section       20  us_ticker_api.o(.constdata)
    us_interface                             0x080044cc   Data          20  us_ticker_api.o(.constdata)
    .constdata                               0x080044e0   Section        8  us_ticker_api.o(.constdata)
    us_data                                  0x080044e0   Data           8  us_ticker_api.o(.constdata)
    .constdata                               0x080044e8   Section       72  PeripheralPins.o(.constdata)
    .constdata                               0x08004530   Section       72  PeripheralPins.o(.constdata)
    .constdata                               0x08004578   Section       52  pinmap.o(.constdata)
    gpio_mode                                0x08004578   Data          52  pinmap.o(.constdata)
    .constdata                               0x080045ac   Section       64  ctype_c.o(.constdata)
    .conststring                             0x080045ec   Section       66  main.o(.conststring)
    .conststring                             0x08004630   Section      110  board.o(.conststring)
    .conststring                             0x080046a0   Section      104  serial_api.o(.conststring)
    .conststring                             0x08004708   Section      102  gpio_api.o(.conststring)
    .conststring                             0x08004770   Section      100  pinmap.o(.conststring)
    .init_array                              0x080047f4   Section        4  main.o(.init_array)
    .init_array                              0x080047f8   Section        0  cpp_init.o(.init_array)
    .data                                    0x20000194   Section      152  rtx_conf_cm.o(.data)
    .data                                    0x2000022c   Section        8  rt_cmsis.o(.data)
    .data                                    0x20000234   Section        8  rt_robin.o(.data)
    .data                                    0x2000023c   Section        7  rt_system.o(.data)
    os_lock                                  0x20000240   Data           1  rt_system.o(.data)
    os_psh_flag                              0x20000241   Data           1  rt_system.o(.data)
    pend_flags                               0x20000242   Data           1  rt_system.o(.data)
    .data                                    0x20000244   Section        8  rt_task.o(.data)
    .data                                    0x2000024c   Section        4  rt_time.o(.data)
    .data                                    0x20000250   Section        4  hal_tick.o(.data)
    .data                                    0x20000254   Section        4  retarget.o(.data)
    n                                        0x20000254   Data           4  retarget.o(.data)
    .data                                    0x20000258   Section        4  stm32f4xx_hal.o(.data)
    uwTick                                   0x20000258   Data           4  stm32f4xx_hal.o(.data)
    .data                                    0x2000025c   Section        4  system_stm32f4xx.o(.data)
    .data                                    0x20000260   Section        8  serial_api.o(.data)
    irq_handler                              0x20000264   Data           4  serial_api.o(.data)
    .data                                    0x20000268   Section        8  us_ticker_api.o(.data)
    events                                   0x20000268   Data           8  us_ticker_api.o(.data)
    .data                                    0x20000270   Section        4  us_ticker.o(.data)
    us_ticker_inited                         0x20000270   Data           4  us_ticker.o(.data)
    .data                                    0x20000274   Section        4  FileBase.o(.data)
    .bss                                     0x20000278   Section       16  main.o(.bss)
    .bss                                     0x20000288   Section     1248  rtx_conf_cm.o(.bss)
    .bss                                     0x20000768   Section       48  rt_list.o(.bss)
    .bss                                     0x20000798   Section       52  rt_task.o(.bss)
    .bss                                     0x200007cc   Section       60  hal_tick.o(.bss)
    .bss                                     0x20000808   Section       64  retarget.o(.bss)
    filehandles                              0x20000808   Data          64  retarget.o(.bss)
    .bss                                     0x20000848   Section      124  serial_api.o(.bss)
    serial_irq_ids                           0x20000848   Data          32  serial_api.o(.bss)
    .bss                                     0x200008c4   Section       60  us_ticker.o(.bss)
    TimMasterHandle                          0x200008c4   Data          60  us_ticker.o(.bss)
    .bss                                     0x20000900   Section       20  stdout_f.o(.bss)
    .bss                                     0x20000914   Section       20  stderr_f.o(.bss)

    Global Symbols

    Symbol Name                              Value     Ov Type        Size  Object(Section)

    BuildAttributes$$THM_ISAv4$E$P$D$K$B$S$7EM$VFPi3$EXTD16$VFPS$VFMA$PE$A:L22UL41UL21$X:L11$S22US41US21$IEEE1$IW$USESV6$~STKCKD$USESV7$~SHL$OTIME$ROPI$EBA8$UX$MICROLIB$REQ8$PRES8$EABIv2 0x00000000   Number         0  anon$$obj.o ABSOLUTE
    __ARM_use_no_argv                        0x00000000   Number         0  main.o ABSOLUTE
    SHT$$ARM_EXIDX$$Base                      - Undefined Reference
    SHT$$ARM_EXIDX$$Limit                     - Undefined Reference
    __ARM::default_unexpected_handler()       - Undefined Weak Reference
    __ARM_exceptions_buffer_required          - Undefined Weak Reference
    __aeabi_unwind_cpp_pr1                    - Undefined Weak Reference
    __aeabi_unwind_cpp_pr2                    - Undefined Weak Reference
    __cxa_begin_cleanup                       - Undefined Weak Reference
    __cxa_finalize                            - Undefined Weak Reference
    __cxa_type_match                          - Undefined Weak Reference
    __decompress                              - Undefined Weak Reference
    _clock_init                               - Undefined Weak Reference
    _microlib_exit                            - Undefined Weak Reference
    _scanf_longlong                           - Undefined Weak Reference
    _scanf_real                               - Undefined Weak Reference
    _scanf_string                             - Undefined Weak Reference
    __Vectors_Size                           0x00000194   Number         0  startup_stm32f401xe.o ABSOLUTE
    __RL_RTX_VER                             0x00000450   Number         0  rt_system.o ABSOLUTE
    __Vectors                                0x08000000   Data           4  startup_stm32f401xe.o(RESET)
    __Vectors_End                            0x08000194   Data           0  startup_stm32f401xe.o(RESET)
    __main                                   0x08000195   Thumb Code     0  entry.o(.ARM.Collect$$$$00000000)
    _main_stk                                0x08000195   Thumb Code     0  entry2.o(.ARM.Collect$$$$00000001)
    _main_scatterload                        0x08000199   Thumb Code     0  entry5.o(.ARM.Collect$$$$00000004)
    __main_after_scatterload                 0x0800019d   Thumb Code     0  entry5.o(.ARM.Collect$$$$00000004)
    __use_full_stdio                         0x0800019d   Thumb Code     0  entry6b.o(.ARM.Collect$$$$00000006)
    __main_after_initio                      0x080001a1   Thumb Code     0  entry6b.o(.ARM.Collect$$$$00000006)
    _main_clock                              0x080001a1   Thumb Code     0  entry7b.o(.ARM.Collect$$$$00000008)
    _main_cpp_init$empty                     0x080001a1   Thumb Code     0  entry8a.o(.ARM.Collect$$$$00000009)
    __rt_final_cpp                           0x080001a5   Thumb Code     0  entry10a.o(.ARM.Collect$$$$0000000D)
    __rt_final_exit                          0x080001a5   Thumb Code     0  entry11a.o(.ARM.Collect$$$$0000000F)
    _main_cpp_init                           0x080001a5   Thumb Code     0  entry8b.o(.ARM.Collect$$$$0000000A)
    _main_init                               0x080001a5   Thumb Code    22  rtx_conf_cm.o(.ARM.Collect$$$$000000FF)
    rt_set_PSP                               0x080001c5   Thumb Code     6  hal_cm4.o(.emb_text)
    rt_get_PSP                               0x080001cb   Thumb Code     6  hal_cm4.o(.emb_text)
    os_set_env                               0x080001d1   Thumb Code    24  hal_cm4.o(.emb_text)
    _alloc_box                               0x080001ed   Thumb Code    28  hal_cm4.o(.emb_text)
    _free_box                                0x0800020d   Thumb Code    28  hal_cm4.o(.emb_text)
    SVC_Handler                              0x0800022d   Thumb Code   148  hal_cm4.o(.emb_text)
    PendSV_Handler                           0x080002cd   Thumb Code    96  hal_cm4.o(.emb_text)
    SysTick_Handler                          0x08000331   Thumb Code     8  hal_cm4.o(.emb_text)
    OS_Tick_Handler                          0x08000339   Thumb Code    12  hal_cm4.o(.emb_text)
    Reset_Handler                            0x08000345   Thumb Code     8  startup_stm32f401xe.o(.text)
    NMI_Handler                              0x0800034d   Thumb Code     2  startup_stm32f401xe.o(.text)
    HardFault_Handler                        0x0800034f   Thumb Code     2  startup_stm32f401xe.o(.text)
    MemManage_Handler                        0x08000351   Thumb Code     2  startup_stm32f401xe.o(.text)
    BusFault_Handler                         0x08000353   Thumb Code     2  startup_stm32f401xe.o(.text)
    UsageFault_Handler                       0x08000355   Thumb Code     2  startup_stm32f401xe.o(.text)
    DebugMon_Handler                         0x08000359   Thumb Code     2  startup_stm32f401xe.o(.text)
    ADC_IRQHandler                           0x0800035f   Thumb Code     0  startup_stm32f401xe.o(.text)
    DMA1_Stream0_IRQHandler                  0x0800035f   Thumb Code     0  startup_stm32f401xe.o(.text)
    DMA1_Stream1_IRQHandler                  0x0800035f   Thumb Code     0  startup_stm32f401xe.o(.text)
    DMA1_Stream2_IRQHandler                  0x0800035f   Thumb Code     0  startup_stm32f401xe.o(.text)
    DMA1_Stream3_IRQHandler                  0x0800035f   Thumb Code     0  startup_stm32f401xe.o(.text)
    DMA1_Stream4_IRQHandler                  0x0800035f   Thumb Code     0  startup_stm32f401xe.o(.text)
    DMA1_Stream5_IRQHandler                  0x0800035f   Thumb Code     0  startup_stm32f401xe.o(.text)
    DMA1_Stream6_IRQHandler                  0x0800035f   Thumb Code     0  startup_stm32f401xe.o(.text)
    DMA1_Stream7_IRQHandler                  0x0800035f   Thumb Code     0  startup_stm32f401xe.o(.text)
    DMA2_Stream0_IRQHandler                  0x0800035f   Thumb Code     0  startup_stm32f401xe.o(.text)
    DMA2_Stream1_IRQHandler                  0x0800035f   Thumb Code     0  startup_stm32f401xe.o(.text)
    DMA2_Stream2_IRQHandler                  0x0800035f   Thumb Code     0  startup_stm32f401xe.o(.text)
    DMA2_Stream3_IRQHandler                  0x0800035f   Thumb Code     0  startup_stm32f401xe.o(.text)
    DMA2_Stream4_IRQHandler                  0x0800035f   Thumb Code     0  startup_stm32f401xe.o(.text)
    DMA2_Stream5_IRQHandler                  0x0800035f   Thumb Code     0  startup_stm32f401xe.o(.text)
    DMA2_Stream6_IRQHandler                  0x0800035f   Thumb Code     0  startup_stm32f401xe.o(.text)
    DMA2_Stream7_IRQHandler                  0x0800035f   Thumb Code     0  startup_stm32f401xe.o(.text)
    EXTI0_IRQHandler                         0x0800035f   Thumb Code     0  startup_stm32f401xe.o(.text)
    EXTI15_10_IRQHandler                     0x0800035f   Thumb Code     0  startup_stm32f401xe.o(.text)
    EXTI1_IRQHandler                         0x0800035f   Thumb Code     0  startup_stm32f401xe.o(.text)
    EXTI2_IRQHandler                         0x0800035f   Thumb Code     0  startup_stm32f401xe.o(.text)
    EXTI3_IRQHandler                         0x0800035f   Thumb Code     0  startup_stm32f401xe.o(.text)
    EXTI4_IRQHandler                         0x0800035f   Thumb Code     0  startup_stm32f401xe.o(.text)
    EXTI9_5_IRQHandler                       0x0800035f   Thumb Code     0  startup_stm32f401xe.o(.text)
    FLASH_IRQHandler                         0x0800035f   Thumb Code     0  startup_stm32f401xe.o(.text)
    FPU_IRQHandler                           0x0800035f   Thumb Code     0  startup_stm32f401xe.o(.text)
    I2C1_ER_IRQHandler                       0x0800035f   Thumb Code     0  startup_stm32f401xe.o(.text)
    I2C1_EV_IRQHandler                       0x0800035f   Thumb Code     0  startup_stm32f401xe.o(.text)
    I2C2_ER_IRQHandler                       0x0800035f   Thumb Code     0  startup_stm32f401xe.o(.text)
    I2C2_EV_IRQHandler                       0x0800035f   Thumb Code     0  startup_stm32f401xe.o(.text)
    I2C3_ER_IRQHandler                       0x0800035f   Thumb Code     0  startup_stm32f401xe.o(.text)
    I2C3_EV_IRQHandler                       0x0800035f   Thumb Code     0  startup_stm32f401xe.o(.text)
    OTG_FS_IRQHandler                        0x0800035f   Thumb Code     0  startup_stm32f401xe.o(.text)
    OTG_FS_WKUP_IRQHandler                   0x0800035f   Thumb Code     0  startup_stm32f401xe.o(.text)
    PVD_IRQHandler                           0x0800035f   Thumb Code     0  startup_stm32f401xe.o(.text)
    RCC_IRQHandler                           0x0800035f   Thumb Code     0  startup_stm32f401xe.o(.text)
    RTC_Alarm_IRQHandler                     0x0800035f   Thumb Code     0  startup_stm32f401xe.o(.text)
    RTC_WKUP_IRQHandler                      0x0800035f   Thumb Code     0  startup_stm32f401xe.o(.text)
    SDIO_IRQHandler                          0x0800035f   Thumb Code     0  startup_stm32f401xe.o(.text)
    SPI1_IRQHandler                          0x0800035f   Thumb Code     0  startup_stm32f401xe.o(.text)
    SPI2_IRQHandler                          0x0800035f   Thumb Code     0  startup_stm32f401xe.o(.text)
    SPI3_IRQHandler                          0x0800035f   Thumb Code     0  startup_stm32f401xe.o(.text)
    SPI4_IRQHandler                          0x0800035f   Thumb Code     0  startup_stm32f401xe.o(.text)
    TAMP_STAMP_IRQHandler                    0x0800035f   Thumb Code     0  startup_stm32f401xe.o(.text)
    TIM1_BRK_TIM9_IRQHandler                 0x0800035f   Thumb Code     0  startup_stm32f401xe.o(.text)
    TIM1_CC_IRQHandler                       0x0800035f   Thumb Code     0  startup_stm32f401xe.o(.text)
    TIM1_TRG_COM_TIM11_IRQHandler            0x0800035f   Thumb Code     0  startup_stm32f401xe.o(.text)
    TIM1_UP_TIM10_IRQHandler                 0x0800035f   Thumb Code     0  startup_stm32f401xe.o(.text)
    TIM2_IRQHandler                          0x0800035f   Thumb Code     0  startup_stm32f401xe.o(.text)
    TIM3_IRQHandler                          0x0800035f   Thumb Code     0  startup_stm32f401xe.o(.text)
    TIM4_IRQHandler                          0x0800035f   Thumb Code     0  startup_stm32f401xe.o(.text)
    TIM5_IRQHandler                          0x0800035f   Thumb Code     0  startup_stm32f401xe.o(.text)
    USART1_IRQHandler                        0x0800035f   Thumb Code     0  startup_stm32f401xe.o(.text)
    USART2_IRQHandler                        0x0800035f   Thumb Code     0  startup_stm32f401xe.o(.text)
    USART6_IRQHandler                        0x0800035f   Thumb Code     0  startup_stm32f401xe.o(.text)
    WWDG_IRQHandler                          0x0800035f   Thumb Code     0  startup_stm32f401xe.o(.text)
    _initio                                  0x08000369   Thumb Code    20  initio_oe.o(.text)
    __aeabi_memcpy                           0x08000389   Thumb Code    36  memcpya.o(.text)
    __aeabi_memcpy4                          0x08000389   Thumb Code     0  memcpya.o(.text)
    __aeabi_memcpy8                          0x08000389   Thumb Code     0  memcpya.o(.text)
    strlen                                   0x080003ad   Thumb Code    14  strlen.o(.text)
    strcmp                                   0x080003bb   Thumb Code    28  strcmp.o(.text)
    strncmp                                  0x080003d7   Thumb Code    30  strncmp.o(.text)
    __0sscanf                                0x080003f5   Thumb Code    48  __0sscanf.o(.text)
    _scanf_int                               0x0800042d   Thumb Code   332  _scanf_int.o(.text)
    __cpp_initialize__aeabi_                 0x08000579   Thumb Code    22  cpp_init.o(.text)
    fputc                                    0x08000599   Thumb Code    40  fputc_fp.o(.text)
    __aeabi_uidiv                            0x080005c1   Thumb Code     0  uidiv.o(.text)
    __aeabi_uidivmod                         0x080005c1   Thumb Code    44  uidiv.o(.text)
    __aeabi_uldivmod                         0x080005ed   Thumb Code    98  uldiv.o(.text)
    _chval                                   0x0800064f   Thumb Code    28  _chval.o(.text)
    __vfscanf_char                           0x08000679   Thumb Code    20  scanf_char.o(.text)
    _sgetc                                   0x08000695   Thumb Code    30  _sgetc.o(.text)
    _sbackspace                              0x080006b3   Thumb Code    34  _sgetc.o(.text)
    __I$use$fp                               0x080006d5   Thumb Code     0  iusefp.o(.text)
    __aeabi_dadd                             0x080006d5   Thumb Code   322  dadd.o(.text)
    __aeabi_dsub                             0x08000817   Thumb Code     6  dadd.o(.text)
    __aeabi_drsub                            0x0800081d   Thumb Code     6  dadd.o(.text)
    __aeabi_dmul                             0x08000823   Thumb Code   228  dmul.o(.text)
    __aeabi_ddiv                             0x08000907   Thumb Code   222  ddiv.o(.text)
    __aeabi_d2ulz                            0x080009e5   Thumb Code    48  dfixul.o(.text)
    __aeabi_cdrcmple                         0x08000a15   Thumb Code    48  cdrcmple.o(.text)
    __scatterload                            0x08000a45   Thumb Code    28  init.o(.text)
    __scatterload_rt2                        0x08000a45   Thumb Code     0  init.o(.text)
    __aeabi_llsl                             0x08000a69   Thumb Code    30  llshl.o(.text)
    _ll_shift_l                              0x08000a69   Thumb Code     0  llshl.o(.text)
    __aeabi_llsr                             0x08000a87   Thumb Code    32  llushr.o(.text)
    _ll_ushift_r                             0x08000a87   Thumb Code     0  llushr.o(.text)
    __aeabi_lasr                             0x08000aa7   Thumb Code    36  llsshr.o(.text)
    _ll_sshift_r                             0x08000aa7   Thumb Code     0  llsshr.o(.text)
    isspace                                  0x08000acb   Thumb Code    10  isspace_c.o(.text)
    __vfscanf                                0x08000ad5   Thumb Code   808  _scanf.o(.text)
    _double_round                            0x08000e01   Thumb Code    30  depilogue.o(.text)
    _double_epilogue                         0x08000e1f   Thumb Code   156  depilogue.o(.text)
    __ctype_lookup                           0x08000ebd   Thumb Code    34  ctype_c.o(.text)
    SVC_Count                                0x08000ee4   Data           4  svc_table.o(SVC_TABLE)
    SVC_Table                                0x08000ee8   Data           0  svc_table.o(SVC_TABLE)
    main                                     0x08000ee9   Thumb Code    18  retarget.o(i.$Sub$$main)
    HAL_GPIO_Init                            0x08000efd   Thumb Code   494  stm32f4xx_hal_gpio.o(i.HAL_GPIO_Init)
    HAL_GetTick                              0x08001101   Thumb Code     6  stm32f4xx_hal.o(i.HAL_GetTick)
    HAL_IncTick                              0x0800110d   Thumb Code    10  stm32f4xx_hal.o(i.HAL_IncTick)
    HAL_Init                                 0x0800111d   Thumb Code    48  stm32f4xx_hal.o(i.HAL_Init)
    HAL_InitTick                             0x08001151   Thumb Code   144  hal_tick.o(i.HAL_InitTick)
    HAL_MspInit                              0x08001205   Thumb Code     2  stm32f4xx_hal_msp_template.o(i.HAL_MspInit)
    HAL_NVIC_SetPriorityGrouping             0x08001209   Thumb Code    30  stm32f4xx_hal_cortex.o(i.HAL_NVIC_SetPriorityGrouping)
    HAL_RCC_ClockConfig                      0x0800122d   Thumb Code   546  stm32f4xx_hal_rcc.o(i.HAL_RCC_ClockConfig)
    HAL_RCC_GetPCLK1Freq                     0x0800145d   Thumb Code    64  stm32f4xx_hal_rcc.o(i.HAL_RCC_GetPCLK1Freq)
    HAL_RCC_GetPCLK2Freq                     0x080014a9   Thumb Code    64  stm32f4xx_hal_rcc.o(i.HAL_RCC_GetPCLK2Freq)
    HAL_RCC_GetSysClockFreq                  0x080014f5   Thumb Code   132  stm32f4xx_hal_rcc.o(i.HAL_RCC_GetSysClockFreq)
    HAL_RCC_OscConfig                        0x08001589   Thumb Code   912  stm32f4xx_hal_rcc.o(i.HAL_RCC_OscConfig)
    HAL_TIM_OC_Init                          0x08001941   Thumb Code    54  stm32f4xx_hal_tim.o(i.HAL_TIM_OC_Init)
    HAL_TIM_OC_MspInit                       0x08001977   Thumb Code     2  stm32f4xx_hal_tim.o(i.HAL_TIM_OC_MspInit)
    HAL_TIM_OC_Start                         0x08001979   Thumb Code    54  stm32f4xx_hal_tim.o(i.HAL_TIM_OC_Start)
    HAL_UART_Init                            0x080019af   Thumb Code    94  stm32f4xx_hal_uart.o(i.HAL_UART_Init)
    HAL_UART_MspInit                         0x08001a0d   Thumb Code     2  stm32f4xx_hal_uart.o(i.HAL_UART_MspInit)
    NVIC_SetVector                           0x08001a11   Thumb Code    48  cmsis_nvic.o(i.NVIC_SetVector)
    SetSysClock_PLL_HSE                      0x08001a45   Thumb Code   132  system_stm32f4xx.o(i.SetSysClock_PLL_HSE)
    Set_GPIO_Clock                           0x08001ad1   Thumb Code   142  pinmap.o(i.Set_GPIO_Clock)
    SystemCoreClockUpdate                    0x08001ba1   Thumb Code   112  system_stm32f4xx.o(i.SystemCoreClockUpdate)
    SystemInit                               0x08001c25   Thumb Code   226  system_stm32f4xx.o(i.SystemInit)
    TIM_Base_SetConfig                       0x08001d35   Thumb Code   132  stm32f4xx_hal_tim.o(i.TIM_Base_SetConfig)
    mbed::DigitalOut::operator =(int)        0x08001fe1   Thumb Code    66  main.o(i._ZN4mbed10DigitalOutaSEi)
    mbed::FileBase::getPathType()            0x08002041   Thumb Code     4  FileBase.o(i._ZN4mbed8FileBase11getPathTypeEv)
    mbed::FileBase::lookup(const char*, unsigned) 0x08002045   Thumb Code    50  FileBase.o(i._ZN4mbed8FileBase6lookupEPKcj)
    mbed::FilePath::fileSystem()             0x0800207d   Thumb Code    24  FilePath.o(i._ZN4mbed8FilePath10fileSystemEv)
    mbed::FilePath::file()                   0x08002095   Thumb Code    28  FilePath.o(i._ZN4mbed8FilePath4fileEv)
    mbed::FilePath::exists()                 0x080020b1   Thumb Code    10  FilePath.o(i._ZN4mbed8FilePath6existsEv)
    mbed::FilePath::isFile()                 0x080020bb   Thumb Code    24  FilePath.o(i._ZN4mbed8FilePath6isFileEv)
    mbed::FilePath::fileName()               0x080020d3   Thumb Code     4  FilePath.o(i._ZN4mbed8FilePath8fileNameEv)
    mbed::FilePath::FilePath(const char*)    0x080020d7   Thumb Code    64  FilePath.o(i._ZN4mbed8FilePathC1EPKc)
    mbed::FilePath::FilePath__sub_object(const char*) 0x080020d7   Thumb Code     0  FilePath.o(i._ZN4mbed8FilePathC1EPKc)
    __0vfprintf                              0x08002119   Thumb Code    20  printfa.o(i.__0vfprintf)
    __1vfprintf                              0x08002119   Thumb Code     0  printfa.o(i.__0vfprintf)
    __2vfprintf                              0x08002119   Thumb Code     0  printfa.o(i.__0vfprintf)
    __c89vfprintf                            0x08002119   Thumb Code     0  printfa.o(i.__0vfprintf)
    vfprintf                                 0x08002119   Thumb Code     0  printfa.o(i.__0vfprintf)
    __scatterload_copy                       0x0800213d   Thumb Code    14  handlers.o(i.__scatterload_copy)
    __scatterload_null                       0x0800214b   Thumb Code     2  handlers.o(i.__scatterload_null)
    __scatterload_zeroinit                   0x0800214d   Thumb Code    14  handlers.o(i.__scatterload_zeroinit)
    fflush                                   0x0800217d   Thumb Code    24  fflush_f.o(i._fflush$full)
    _sys_open                                0x08002a29   Thumb Code   212  retarget.o(i._sys_open)
    _sys_seek                                0x08002b0d   Thumb Code    36  retarget.o(i._sys_seek)
    _sys_write                               0x08002b35   Thumb Code    82  retarget.o(i._sys_write)
    error                                    0x08002b95   Thumb Code    20  error.o(i.error)
    exit                                     0x08002bad   Thumb Code    24  retarget.o(i.exit)
    gpio_dir                                 0x08002bcd   Thumb Code    54  gpio_api.o(i.gpio_dir)
    gpio_init                                0x08002c21   Thumb Code    58  gpio_api.o(i.gpio_init)
    gpio_init_out                            0x08002c5d   Thumb Code    68  gpio.o(i.gpio_init_out)
    gpio_init_out_ex                         0x08002ca9   Thumb Code    80  gpio.o(i.gpio_init_out_ex)
    gpio_mode                                0x08002d15   Thumb Code     8  gpio_api.o(i.gpio_mode)
    isr_mbx_receive                          0x08002d4f   Thumb Code    94  rt_mailbox.o(i.isr_mbx_receive)
    isr_mbx_send                             0x08002dad   Thumb Code    22  rt_mailbox.o(i.isr_mbx_send)
    $Super$$main                             0x08002dc5   Thumb Code    36  main.o(i.main)
    mbed_assert_internal                     0x08002df1   Thumb Code    12  assert.o(i.mbed_assert_internal)
    mbed_die                                 0x08002e31   Thumb Code    80  board.o(i.mbed_die)
    mbed_main                                0x08002e9d   Thumb Code     2  retarget.o(i.mbed_main)
    mbed_sdk_init                            0x08002e9f   Thumb Code    14  mbed_overrides.o(i.mbed_sdk_init)
    osKernelInitialize                       0x08002ead   Thumb Code    40  rt_cmsis.o(i.osKernelInitialize)
    osKernelStart                            0x08002ed9   Thumb Code   198  rt_cmsis.o(i.osKernelStart)
    osMessageGet                             0x08002fa9   Thumb Code   118  rt_cmsis.o(i.osMessageGet)
    osThreadCreate                           0x08003025   Thumb Code    58  rt_cmsis.o(i.osThreadCreate)
    osThreadExit                             0x08003069   Thumb Code    22  rt_cmsis.o(i.osThreadExit)
    osTimerCall                              0x08003089   Thumb Code    26  rt_cmsis.o(i.osTimerCall)
    osTimerThread                            0x080030a9   Thumb Code    50  rt_cmsis.o(i.osTimerThread)
    os_error                                 0x080030e1   Thumb Code    10  rtx_conf_cm.o(i.os_error)
    os_idle_demon                            0x080030eb   Thumb Code     4  rtx_conf_cm.o(i.os_idle_demon)
    os_tick_init                             0x080030f1   Thumb Code    38  rt_system.o(i.os_tick_init)
    os_tick_irqack                           0x08003121   Thumb Code     2  rt_system.o(i.os_tick_irqack)
    pin_function                             0x08003125   Thumb Code    80  pinmap.o(i.pin_function)
    pin_mode                                 0x08003191   Thumb Code    64  pinmap.o(i.pin_mode)
    pinmap_merge                             0x080031e9   Thumb Code    38  pinmap_common.o(i.pinmap_merge)
    pinmap_peripheral                        0x08003225   Thumb Code    62  pinmap_common.o(i.pinmap_peripheral)
    pinmap_pinout                            0x08003285   Thumb Code    72  pinmap_common.o(i.pinmap_pinout)
    rt_alloc_box                             0x080032e1   Thumb Code    30  rt_membox.o(i.rt_alloc_box)
    rt_block                                 0x08003301   Thumb Code    48  rt_task.o(i.rt_block)
    rt_chk_robin                             0x08003339   Thumb Code    76  rt_robin.o(i.rt_chk_robin)
    rt_dec_dly                               0x08003391   Thumb Code   130  rt_list.o(i.rt_dec_dly)
    rt_dispatch                              0x08003421   Thumb Code    72  rt_task.o(i.rt_dispatch)
    rt_evt_psh                               0x08003471   Thumb Code    88  rt_event.o(i.rt_evt_psh)
    rt_free_box                              0x080034cd   Thumb Code    36  rt_membox.o(i.rt_free_box)
    rt_get_TID                               0x080034f1   Thumb Code    32  rt_task.o(i.rt_get_TID)
    rt_get_first                             0x08003519   Thumb Code    50  rt_list.o(i.rt_get_first)
    rt_init_context                          0x0800355b   Thumb Code    50  rt_task.o(i.rt_init_context)
    rt_init_robin                            0x0800358d   Thumb Code    14  rt_robin.o(i.rt_init_robin)
    rt_init_stack                            0x080035a5   Thumb Code    70  hal_cm.o(i.rt_init_stack)
    rt_mbx_check                             0x080035f1   Thumb Code    12  rt_mailbox.o(i.rt_mbx_check)
    rt_mbx_init                              0x080035fd   Thumb Code    34  rt_mailbox.o(i.rt_mbx_init)
    rt_mbx_psh                               0x08003621   Thumb Code   282  rt_mailbox.o(i.rt_mbx_psh)
    rt_mbx_wait                              0x08003741   Thumb Code   210  rt_mailbox.o(i.rt_mbx_wait)
    rt_pop_req                               0x0800385d   Thumb Code   154  rt_system.o(i.rt_pop_req)
    rt_psh_req                               0x08003905   Thumb Code    24  rt_system.o(i.rt_psh_req)
    rt_psq_enq                               0x08003929   Thumb Code   120  rt_list.o(i.rt_psq_enq)
    rt_put_dly                               0x080039a5   Thumb Code    88  rt_list.o(i.rt_put_dly)
    rt_put_prio                              0x08003a01   Thumb Code    64  rt_list.o(i.rt_put_prio)
    rt_put_rdy_first                         0x08003a41   Thumb Code    16  rt_list.o(i.rt_put_rdy_first)
    rt_resort_prio                           0x08003a55   Thumb Code    48  rt_list.o(i.rt_resort_prio)
    rt_ret_val                               0x08003a9d   Thumb Code    18  hal_cm.o(i.rt_ret_val)
    rt_ret_val2                              0x08003aaf   Thumb Code    26  hal_cm.o(i.rt_ret_val2)
    rt_rmv_dly                               0x08003ac9   Thumb Code    40  rt_list.o(i.rt_rmv_dly)
    rt_rmv_list                              0x08003af1   Thumb Code    48  rt_list.o(i.rt_rmv_list)
    rt_sem_psh                               0x08003b25   Thumb Code    52  rt_semaphore.o(i.rt_sem_psh)
    rt_stk_check                             0x08003b5d   Thumb Code    50  rt_system.o(i.rt_stk_check)
    rt_switch_req                            0x08003b99   Thumb Code    10  rt_task.o(i.rt_switch_req)
    rt_sys_init                              0x08003ba9   Thumb Code   182  rt_task.o(i.rt_sys_init)
    rt_sys_start                             0x08003c91   Thumb Code    62  rt_task.o(i.rt_sys_start)
    rt_systick                               0x08003cd5   Thumb Code    56  rt_system.o(i.rt_systick)
    rt_tsk_delete                            0x08003d79   Thumb Code   132  rt_task.o(i.rt_tsk_delete)
    rt_tsk_prio                              0x08003e09   Thumb Code   126  rt_task.o(i.rt_tsk_prio)
    rt_tsk_self                              0x08003e99   Thumb Code    18  rt_task.o(i.rt_tsk_self)
    serial_init                              0x08003eb1   Thumb Code   324  serial_api.o(i.serial_init)
    serial_putc                              0x08004051   Thumb Code    30  serial_api.o(i.serial_putc)
    set_main_stack                           0x08004075   Thumb Code    14  rtx_conf_cm.o(i.set_main_stack)
    svcKernelInitialize                      0x08004091   Thumb Code    40  rt_cmsis.o(i.svcKernelInitialize)
    svcKernelStart                           0x080040c1   Thumb Code    80  rt_cmsis.o(i.svcKernelStart)
    svcMessageCreate                         0x08004129   Thumb Code    60  rt_cmsis.o(i.svcMessageCreate)
    svcMessageGet                            0x08004165   Thumb Code    86  rt_cmsis.o(i.svcMessageGet)
    svcThreadCreate                          0x080041bd   Thumb Code   126  rt_cmsis.o(i.svcThreadCreate)
    svcThreadGetId                           0x08004245   Thumb Code    24  rt_cmsis.o(i.svcThreadGetId)
    svcThreadTerminate                       0x08004261   Thumb Code    38  rt_cmsis.o(i.svcThreadTerminate)
    svcTimerCall                             0x08004287   Thumb Code    42  rt_cmsis.o(i.svcTimerCall)
    sysThreadError                           0x080042b1   Thumb Code    12  rtx_conf_cm.o(i.sysThreadError)
    sysTimerTick                             0x080042bd   Thumb Code    70  rt_cmsis.o(i.sysTimerTick)
    ticker_irq_handler                       0x0800430d   Thumb Code    78  ticker_api.o(i.ticker_irq_handler)
    timer_irq_handler                        0x0800435d   Thumb Code    76  hal_tick.o(i.timer_irq_handler)
    us_ticker_clear_interrupt                0x080043b1   Thumb Code    12  us_ticker.o(i.us_ticker_clear_interrupt)
    us_ticker_disable_interrupt              0x080043c1   Thumb Code    14  us_ticker.o(i.us_ticker_disable_interrupt)
    us_ticker_init                           0x080043d5   Thumb Code    26  us_ticker.o(i.us_ticker_init)
    us_ticker_irq_handler                    0x080043fd   Thumb Code     6  us_ticker_api.o(i.us_ticker_irq_handler)
    us_ticker_read                           0x08004409   Thumb Code    30  us_ticker.o(i.us_ticker_read)
    us_ticker_set_interrupt                  0x08004439   Thumb Code    16  us_ticker.o(i.us_ticker_set_interrupt)
    wait                                     0x0800444d   Thumb Code    36  wait_api.o(i.wait)
    wait_ms                                  0x08004475   Thumb Code    28  wait_api.o(i.wait_ms)
    os_maxtaskrun                            0x08004490   Data           2  rtx_conf_cm.o(.constdata)
    os_rrobin                                0x08004494   Data           4  rtx_conf_cm.o(.constdata)
    os_trv                                   0x08004498   Data           4  rtx_conf_cm.o(.constdata)
    os_flags                                 0x0800449c   Data           1  rtx_conf_cm.o(.constdata)
    os_clockrate                             0x080044a0   Data           4  rtx_conf_cm.o(.constdata)
    os_timernum                              0x080044a4   Data           4  rtx_conf_cm.o(.constdata)
    idle_task_stack_size                     0x080044a8   Data           2  rtx_conf_cm.o(.constdata)
    os_fifo_size                             0x080044aa   Data           1  rtx_conf_cm.o(.constdata)
    APBAHBPrescTable                         0x080044ab   Data          16  stm32f4xx_hal_rcc.o(.constdata)
    AHBPrescTable                            0x080044bb   Data          16  system_stm32f4xx.o(.constdata)
    PinMap_UART_TX                           0x080044e8   Data          72  PeripheralPins.o(.constdata)
    PinMap_UART_RX                           0x08004530   Data          72  PeripheralPins.o(.constdata)
    __ctype_categories                       0x080045ac   Data          64  ctype_c.o(.constdata)
    Region$$Table$$Base                      0x080047d4   Number         0  anon$$obj.o(Region$$Table)
    Region$$Table$$Limit                     0x080047f4   Number         0  anon$$obj.o(Region$$Table)
    SHT$$INIT_ARRAY$$Base                    0x080047f4   Number         0  main.o(.init_array)
    SHT$$INIT_ARRAY$$Limit                   0x080047f8   Number         0  cpp_init.o(.init_array)
    os_thread_def_osTimerThread              0x20000194   Data          68  rtx_conf_cm.o(.data)
    osThreadId_osTimerThread                 0x200001d8   Data           4  rtx_conf_cm.o(.data)
    os_messageQ_def_osTimerMessageQ          0x200001dc   Data           8  rtx_conf_cm.o(.data)
    osMessageQId_osTimerMessageQ             0x200001e4   Data           4  rtx_conf_cm.o(.data)
    os_thread_def_main                       0x200001e8   Data          68  rtx_conf_cm.o(.data)
    os_initialized                           0x2000022c   Data           1  rt_cmsis.o(.data)
    os_running                               0x2000022d   Data           1  rt_cmsis.o(.data)
    os_timer_head                            0x20000230   Data           4  rt_cmsis.o(.data)
    os_robin                                 0x20000234   Data           8  rt_robin.o(.data)
    os_tick_irqn                             0x2000023c   Data           4  rt_system.o(.data)
    os_tsk                                   0x20000244   Data           8  rt_task.o(.data)
    os_time                                  0x2000024c   Data           4  rt_time.o(.data)
    PreviousVal                              0x20000250   Data           4  hal_tick.o(.data)
    SystemCoreClock                          0x2000025c   Data           4  system_stm32f4xx.o(.data)
    stdio_uart_inited                        0x20000260   Data           4  serial_api.o(.data)
    mbed::FileBase::_head                    0x20000274   Data           4  FileBase.o(.data)
    onBoardLED                               0x20000278   Data          16  main.o(.bss)
    idle_task_stack                          0x20000288   Data         512  rtx_conf_cm.o(.bss)
    os_fifo                                  0x20000488   Data         132  rtx_conf_cm.o(.bss)
    os_active_TCB                            0x2000050c   Data          60  rtx_conf_cm.o(.bss)
    os_thread_def_stack_osTimerThread        0x20000548   Data         512  rtx_conf_cm.o(.bss)
    os_messageQ_q_osTimerMessageQ            0x20000748   Data          32  rtx_conf_cm.o(.bss)
    os_rdy                                   0x20000768   Data          24  rt_list.o(.bss)
    os_dly                                   0x20000780   Data          24  rt_list.o(.bss)
    os_idle_TCB                              0x20000798   Data          52  rt_task.o(.bss)
    TimMasterHandle                          0x200007cc   Data          60  hal_tick.o(.bss)
    UartHandle                               0x20000868   Data          64  serial_api.o(.bss)
    stdio_uart                               0x200008a8   Data          28  serial_api.o(.bss)
    __stdout                                 0x20000900   Data          20  stdout_f.o(.bss)
    __stderr                                 0x20000914   Data          20  stderr_f.o(.bss)
    Image$$RW_IRAM1$$ZI$$Limit               0x20000928   Number         0  anon$$obj.o ABSOLUTE
    __heap_limit                             0x20017c00   Number         0  startup_stm32f401xe.o ABSOLUTE
    __initial_sp                             0x20018000   Number         0  startup_stm32f401xe.o ABSOLUTE



==============================================================================

Memory Map of the image

  Image Entry point : 0x08000195

  Load Region LR_IROM1 (Base: 0x08000000, Size: 0x000048dc, Max: 0x00080000, ABSOLUTE)

    Execution Region ER_IROM1 (Base: 0x08000000, Size: 0x000047f8, Max: 0x00080000, ABSOLUTE)

    Base Addr    Size         Type   Attr      Idx    E Section Name        Object

    0x08000000   0x00000194   Data   RO         2067    RESET               startup_stm32f401xe.o
    0x08000194   0x00000000   Code   RO         4453  * .ARM.Collect$$$$00000000  mc_w.l(entry.o)
    0x08000194   0x00000004   Code   RO         4582    .ARM.Collect$$$$00000001  mc_w.l(entry2.o)
    0x08000198   0x00000004   Code   RO         4585    .ARM.Collect$$$$00000004  mc_w.l(entry5.o)
    0x0800019c   0x00000004   Code   RO         4455    .ARM.Collect$$$$00000006  mc_w.l(entry6b.o)
    0x080001a0   0x00000000   Code   RO         4587    .ARM.Collect$$$$00000008  mc_w.l(entry7b.o)
    0x080001a0   0x00000004   Code   RO         4588    .ARM.Collect$$$$00000009  mc_w.l(entry8a.o)
    0x080001a4   0x00000000   Code   RO         4589    .ARM.Collect$$$$0000000A  mc_w.l(entry8b.o)
    0x080001a4   0x00000000   Code   RO         4590    .ARM.Collect$$$$0000000D  mc_w.l(entry10a.o)
    0x080001a4   0x00000000   Code   RO         4592    .ARM.Collect$$$$0000000F  mc_w.l(entry11a.o)
    0x080001a4   0x0000001c   Code   RO          538    .ARM.Collect$$$$000000FF  rtx_conf_cm.o
    0x080001c0   0x00000004   Code   RO         4583    .ARM.Collect$$$$00002712  mc_w.l(entry2.o)
    0x080001c4   0x00000180   Code   RO         1657    .emb_text           hal_cm4.o
    0x08000344   0x00000024   Code   RO         2068    .text               startup_stm32f401xe.o
    0x08000368   0x00000020   Code   RO         4489    .text               mc_w.l(initio_oe.o)
    0x08000388   0x00000024   Code   RO         4499    .text               mc_w.l(memcpya.o)
    0x080003ac   0x0000000e   Code   RO         4505    .text               mc_w.l(strlen.o)
    0x080003ba   0x0000001c   Code   RO         4507    .text               mc_w.l(strcmp.o)
    0x080003d6   0x0000001e   Code   RO         4509    .text               mc_w.l(strncmp.o)
    0x080003f4   0x00000038   Code   RO         4541    .text               mc_w.l(__0sscanf.o)
    0x0800042c   0x0000014c   Code   RO         4543    .text               mc_w.l(_scanf_int.o)
    0x08000578   0x00000020   Code   RO         4548    .text               mc_w.l(cpp_init.o)
    0x08000598   0x00000028   Code   RO         4599    .text               mc_w.l(fputc_fp.o)
    0x080005c0   0x0000002c   Code   RO         4601    .text               mc_w.l(uidiv.o)
    0x080005ec   0x00000062   Code   RO         4603    .text               mc_w.l(uldiv.o)
    0x0800064e   0x0000001c   Code   RO         4633    .text               mc_w.l(_chval.o)
    0x0800066a   0x00000002   PAD
    0x0800066c   0x00000028   Code   RO         4635    .text               mc_w.l(scanf_char.o)
    0x08000694   0x00000040   Code   RO         4637    .text               mc_w.l(_sgetc.o)
    0x080006d4   0x00000000   Code   RO         4639    .text               mc_w.l(iusefp.o)
    0x080006d4   0x0000014e   Code   RO         4646    .text               mf_w.l(dadd.o)
    0x08000822   0x000000e4   Code   RO         4648    .text               mf_w.l(dmul.o)
    0x08000906   0x000000de   Code   RO         4650    .text               mf_w.l(ddiv.o)
    0x080009e4   0x00000030   Code   RO         4652    .text               mf_w.l(dfixul.o)
    0x08000a14   0x00000030   Code   RO         4654    .text               mf_w.l(cdrcmple.o)
    0x08000a44   0x00000024   Code   RO         4685    .text               mc_w.l(init.o)
    0x08000a68   0x0000001e   Code   RO         4687    .text               mc_w.l(llshl.o)
    0x08000a86   0x00000020   Code   RO         4689    .text               mc_w.l(llushr.o)
    0x08000aa6   0x00000024   Code   RO         4691    .text               mc_w.l(llsshr.o)
    0x08000aca   0x0000000a   Code   RO         4693    .text               mc_w.l(isspace_c.o)
    0x08000ad4   0x0000032c   Code   RO         4697    .text               mc_w.l(_scanf.o)
    0x08000e00   0x000000ba   Code   RO         4700    .text               mf_w.l(depilogue.o)
    0x08000eba   0x00000002   PAD
    0x08000ebc   0x00000028   Code   RO         4715    .text               mc_w.l(ctype_c.o)
    0x08000ee4   0x00000004   Code   RO          491    SVC_TABLE           svc_table.o
    0x08000ee8   0x00000012   Code   RO         1945    i.$Sub$$main        retarget.o
    0x08000efa   0x00000002   PAD
    0x08000efc   0x00000204   Code   RO         2463    i.HAL_GPIO_Init     stm32f4xx_hal_gpio.o
    0x08001100   0x0000000c   Code   RO         2086    i.HAL_GetTick       stm32f4xx_hal.o
    0x0800110c   0x00000010   Code   RO         2087    i.HAL_IncTick       stm32f4xx_hal.o
    0x0800111c   0x00000034   Code   RO         2088    i.HAL_Init          stm32f4xx_hal.o
    0x08001150   0x000000b4   Code   RO         1925    i.HAL_InitTick      hal_tick.o
    0x08001204   0x00000002   Code   RO         2447    i.HAL_MspInit       stm32f4xx_hal_msp_template.o
    0x08001206   0x00000002   PAD
    0x08001208   0x00000024   Code   RO         2236    i.HAL_NVIC_SetPriorityGrouping  stm32f4xx_hal_cortex.o
    0x0800122c   0x00000230   Code   RO         3051    i.HAL_RCC_ClockConfig  stm32f4xx_hal_rcc.o
    0x0800145c   0x0000004c   Code   RO         3058    i.HAL_RCC_GetPCLK1Freq  stm32f4xx_hal_rcc.o
    0x080014a8   0x0000004c   Code   RO         3059    i.HAL_RCC_GetPCLK2Freq  stm32f4xx_hal_rcc.o
    0x080014f4   0x00000094   Code   RO         3060    i.HAL_RCC_GetSysClockFreq  stm32f4xx_hal_rcc.o
    0x08001588   0x000003b8   Code   RO         3063    i.HAL_RCC_OscConfig  stm32f4xx_hal_rcc.o
    0x08001940   0x00000036   Code   RO         3456    i.HAL_TIM_OC_Init   stm32f4xx_hal_tim.o
    0x08001976   0x00000002   Code   RO         3458    i.HAL_TIM_OC_MspInit  stm32f4xx_hal_tim.o
    0x08001978   0x00000036   Code   RO         3459    i.HAL_TIM_OC_Start  stm32f4xx_hal_tim.o
    0x080019ae   0x0000005e   Code   RO         3699    i.HAL_UART_Init     stm32f4xx_hal_uart.o
    0x08001a0c   0x00000002   Code   RO         3701    i.HAL_UART_MspInit  stm32f4xx_hal_uart.o
    0x08001a0e   0x00000002   PAD
    0x08001a10   0x00000034   Code   RO         1916    i.NVIC_SetVector    cmsis_nvic.o
    0x08001a44   0x0000008c   Code   RO         4000    i.SetSysClock_PLL_HSE  system_stm32f4xx.o
    0x08001ad0   0x000000d0   Code   RO         4233    i.Set_GPIO_Clock    mbed.ar(pinmap.o)
    0x08001ba0   0x00000084   Code   RO         4002    i.SystemCoreClockUpdate  system_stm32f4xx.o
    0x08001c24   0x00000110   Code   RO         4003    i.SystemInit        system_stm32f4xx.o
    0x08001d34   0x00000094   Code   RO         3493    i.TIM_Base_SetConfig  stm32f4xx_hal_tim.o
    0x08001dc8   0x00000218   Code   RO         3717    i.UART_SetConfig    stm32f4xx_hal_uart.o
    0x08001fe0   0x00000060   Code   RO           32    i._ZN4mbed10DigitalOutaSEi  main.o
    0x08002040   0x00000004   Code   RO         4265    i._ZN4mbed8FileBase11getPathTypeEv  mbed.ar(FileBase.o)
    0x08002044   0x00000038   Code   RO         4267    i._ZN4mbed8FileBase6lookupEPKcj  mbed.ar(FileBase.o)
    0x0800207c   0x00000018   Code   RO         4061    i._ZN4mbed8FilePath10fileSystemEv  mbed.ar(FilePath.o)
    0x08002094   0x0000001c   Code   RO         4063    i._ZN4mbed8FilePath4fileEv  mbed.ar(FilePath.o)
    0x080020b0   0x0000000a   Code   RO         4064    i._ZN4mbed8FilePath6existsEv  mbed.ar(FilePath.o)
    0x080020ba   0x00000018   Code   RO         4065    i._ZN4mbed8FilePath6isFileEv  mbed.ar(FilePath.o)
    0x080020d2   0x00000004   Code   RO         4066    i._ZN4mbed8FilePath8fileNameEv  mbed.ar(FilePath.o)
    0x080020d6   0x00000040   Code   RO         4067    i._ZN4mbed8FilePathC1EPKc  mbed.ar(FilePath.o)
    0x08002116   0x00000002   PAD
    0x08002118   0x00000018   Code   RO         4517    i.__0vfprintf       mc_w.l(printfa.o)
    0x08002130   0x00000006   Code   RO          597    i.__get_CONTROL     rt_cmsis.o
    0x08002136   0x00000006   Code   RO          598    i.__get_IPSR        rt_cmsis.o
    0x0800213c   0x0000000e   Code   RO         4724    i.__scatterload_copy  mc_w.l(handlers.o)
    0x0800214a   0x00000002   Code   RO         4725    i.__scatterload_null  mc_w.l(handlers.o)
    0x0800214c   0x0000000e   Code   RO         4726    i.__scatterload_zeroinit  mc_w.l(handlers.o)
    0x0800215a   0x00000002   PAD
    0x0800215c   0x00000020   Code   RO            4    i.__sti___8_main_cpp_3040d148  main.o
    0x0800217c   0x00000018   Code   RO         4487    i._fflush$full      mc_w.l(fflush_f.o)
    0x08002194   0x00000164   Code   RO         4521    i._fp_digits        mc_w.l(printfa.o)
    0x080022f8   0x000006dc   Code   RO         4522    i._printf_core      mc_w.l(printfa.o)
    0x080029d4   0x00000024   Code   RO         4523    i._printf_post_padding  mc_w.l(printfa.o)
    0x080029f8   0x0000002e   Code   RO         4524    i._printf_pre_padding  mc_w.l(printfa.o)
    0x08002a26   0x00000002   PAD
    0x08002a28   0x000000e4   Code   RO         1956    i._sys_open         retarget.o
    0x08002b0c   0x00000028   Code   RO         1958    i._sys_seek         retarget.o
    0x08002b34   0x00000060   Code   RO         1959    i._sys_write        retarget.o
    0x08002b94   0x00000018   Code   RO         4152    i.error             mbed.ar(error.o)
    0x08002bac   0x00000020   Code   RO         1961    i.exit              retarget.o
    0x08002bcc   0x00000054   Code   RO         4218    i.gpio_dir          mbed.ar(gpio_api.o)
    0x08002c20   0x0000003a   Code   RO         4219    i.gpio_init         mbed.ar(gpio_api.o)
    0x08002c5a   0x00000002   PAD
    0x08002c5c   0x0000004c   Code   RO         4163    i.gpio_init_out     mbed.ar(gpio.o)
    0x08002ca8   0x0000006c   Code   RO         4164    i.gpio_init_out_ex  mbed.ar(gpio.o)
    0x08002d14   0x00000008   Code   RO         4220    i.gpio_mode         mbed.ar(gpio_api.o)
    0x08002d1c   0x00000032   Code   RO          599    i.isrMessagePut     rt_cmsis.o
    0x08002d4e   0x0000005e   Code   RO         1291    i.isr_mbx_receive   rt_mailbox.o
    0x08002dac   0x00000016   Code   RO         1292    i.isr_mbx_send      rt_mailbox.o
    0x08002dc2   0x00000002   PAD
    0x08002dc4   0x0000002c   Code   RO            5    i.main              main.o
    0x08002df0   0x00000040   Code   RO         4147    i.mbed_assert_internal  mbed.ar(assert.o)
    0x08002e30   0x0000006c   Code   RO         1906    i.mbed_die          board.o
    0x08002e9c   0x00000002   Code   RO         1962    i.mbed_main         retarget.o
    0x08002e9e   0x0000000e   Code   RO         1937    i.mbed_sdk_init     mbed_overrides.o
    0x08002eac   0x0000002c   Code   RO          601    i.osKernelInitialize  rt_cmsis.o
    0x08002ed8   0x000000d0   Code   RO          603    i.osKernelStart     rt_cmsis.o
    0x08002fa8   0x0000007c   Code   RO          611    i.osMessageGet      rt_cmsis.o
    0x08003024   0x00000044   Code   RO          629    i.osThreadCreate    rt_cmsis.o
    0x08003068   0x00000020   Code   RO          630    i.osThreadExit      rt_cmsis.o
    0x08003088   0x00000020   Code   RO          636    i.osTimerCall       rt_cmsis.o
    0x080030a8   0x00000038   Code   RO          641    i.osTimerThread     rt_cmsis.o
    0x080030e0   0x0000000a   Code   RO          539    i.os_error          rtx_conf_cm.o
    0x080030ea   0x00000004   Code   RO          540    i.os_idle_demon     rtx_conf_cm.o
    0x080030ee   0x00000002   PAD
    0x080030f0   0x00000030   Code   RO         1463    i.os_tick_init      rt_system.o
    0x08003120   0x00000002   Code   RO         1464    i.os_tick_irqack    rt_system.o
    0x08003122   0x00000002   PAD
    0x08003124   0x0000006c   Code   RO         4234    i.pin_function      mbed.ar(pinmap.o)
    0x08003190   0x00000058   Code   RO         4235    i.pin_mode          mbed.ar(pinmap.o)
    0x080031e8   0x0000003c   Code   RO         4300    i.pinmap_merge      mbed.ar(pinmap_common.o)
    0x08003224   0x00000060   Code   RO         4301    i.pinmap_peripheral  mbed.ar(pinmap_common.o)
    0x08003284   0x0000005c   Code   RO         4302    i.pinmap_pinout     mbed.ar(pinmap_common.o)
    0x080032e0   0x0000001e   Code   RO         1341    i.rt_alloc_box      rt_membox.o
    0x080032fe   0x00000002   PAD
    0x08003300   0x00000038   Code   RO         1541    i.rt_block          rt_task.o
    0x08003338   0x00000058   Code   RO         1399    i.rt_chk_robin      rt_robin.o
    0x08003390   0x00000090   Code   RO         1215    i.rt_dec_dly        rt_list.o
    0x08003420   0x00000050   Code   RO         1542    i.rt_dispatch       rt_task.o
    0x08003470   0x0000005c   Code   RO         1176    i.rt_evt_psh        rt_event.o
    0x080034cc   0x00000024   Code   RO         1342    i.rt_free_box       rt_membox.o
    0x080034f0   0x00000028   Code   RO         1543    i.rt_get_TID        rt_task.o
    0x08003518   0x00000032   Code   RO         1216    i.rt_get_first      rt_list.o
    0x0800354a   0x00000010   Code   RO          644    i.rt_id2obj         rt_cmsis.o
    0x0800355a   0x00000032   Code   RO         1544    i.rt_init_context   rt_task.o
    0x0800358c   0x00000018   Code   RO         1400    i.rt_init_robin     rt_robin.o
    0x080035a4   0x0000004c   Code   RO          494    i.rt_init_stack     hal_cm.o
    0x080035f0   0x0000000c   Code   RO         1293    i.rt_mbx_check      rt_mailbox.o
    0x080035fc   0x00000022   Code   RO         1294    i.rt_mbx_init       rt_mailbox.o
    0x0800361e   0x00000002   PAD
    0x08003620   0x00000120   Code   RO         1295    i.rt_mbx_psh        rt_mailbox.o
    0x08003740   0x000000d8   Code   RO         1297    i.rt_mbx_wait       rt_mailbox.o
    0x08003818   0x00000044   Code   RO          645    i.rt_ms2tick        rt_cmsis.o
    0x0800385c   0x000000a8   Code   RO         1465    i.rt_pop_req        rt_system.o
    0x08003904   0x00000024   Code   RO         1466    i.rt_psh_req        rt_system.o
    0x08003928   0x0000007c   Code   RO         1218    i.rt_psq_enq        rt_list.o
    0x080039a4   0x0000005c   Code   RO         1219    i.rt_put_dly        rt_list.o
    0x08003a00   0x00000040   Code   RO         1220    i.rt_put_prio       rt_list.o
    0x08003a40   0x00000014   Code   RO         1221    i.rt_put_rdy_first  rt_list.o
    0x08003a54   0x00000034   Code   RO         1222    i.rt_resort_prio    rt_list.o
    0x08003a88   0x00000014   Code   RO          495    i.rt_ret_regs       hal_cm.o
    0x08003a9c   0x00000012   Code   RO          496    i.rt_ret_val        hal_cm.o
    0x08003aae   0x0000001a   Code   RO          497    i.rt_ret_val2       hal_cm.o
    0x08003ac8   0x00000028   Code   RO         1223    i.rt_rmv_dly        rt_list.o
    0x08003af0   0x00000034   Code   RO         1224    i.rt_rmv_list       rt_list.o
    0x08003b24   0x00000038   Code   RO         1423    i.rt_sem_psh        rt_semaphore.o
    0x08003b5c   0x0000003c   Code   RO         1468    i.rt_stk_check      rt_system.o
    0x08003b98   0x00000010   Code   RO         1545    i.rt_switch_req     rt_task.o
    0x08003ba8   0x000000e8   Code   RO         1546    i.rt_sys_init       rt_task.o
    0x08003c90   0x00000044   Code   RO         1547    i.rt_sys_start      rt_task.o
    0x08003cd4   0x00000044   Code   RO         1470    i.rt_systick        rt_system.o
    0x08003d18   0x00000020   Code   RO          646    i.rt_tid2ptcb       rt_cmsis.o
    0x08003d38   0x00000040   Code   RO          647    i.rt_timer_insert   rt_cmsis.o
    0x08003d78   0x00000090   Code   RO         1548    i.rt_tsk_delete     rt_task.o
    0x08003e08   0x00000090   Code   RO         1550    i.rt_tsk_prio       rt_task.o
    0x08003e98   0x00000018   Code   RO         1551    i.rt_tsk_self       rt_task.o
    0x08003eb0   0x000001a0   Code   RO         4024    i.serial_init       mbed.ar(serial_api.o)
    0x08004050   0x00000024   Code   RO         4028    i.serial_putc       mbed.ar(serial_api.o)
    0x08004074   0x0000001c   Code   RO          541    i.set_main_stack    rtx_conf_cm.o
    0x08004090   0x00000030   Code   RO          650    i.svcKernelInitialize  rt_cmsis.o
    0x080040c0   0x00000068   Code   RO          652    i.svcKernelStart    rt_cmsis.o
    0x08004128   0x0000003c   Code   RO          654    i.svcMessageCreate  rt_cmsis.o
    0x08004164   0x00000056   Code   RO          655    i.svcMessageGet     rt_cmsis.o
    0x080041ba   0x00000002   PAD
    0x080041bc   0x00000088   Code   RO          670    i.svcThreadCreate   rt_cmsis.o
    0x08004244   0x0000001c   Code   RO          671    i.svcThreadGetId    rt_cmsis.o
    0x08004260   0x00000026   Code   RO          674    i.svcThreadTerminate  rt_cmsis.o
    0x08004286   0x0000002a   Code   RO          676    i.svcTimerCall      rt_cmsis.o
    0x080042b0   0x0000000c   Code   RO          542    i.sysThreadError    rtx_conf_cm.o
    0x080042bc   0x00000050   Code   RO          685    i.sysTimerTick      rt_cmsis.o
    0x0800430c   0x0000004e   Code   RO         4317    i.ticker_irq_handler  mbed.ar(ticker_api.o)
    0x0800435a   0x00000002   PAD
    0x0800435c   0x00000054   Code   RO         1926    i.timer_irq_handler  hal_tick.o
    0x080043b0   0x00000010   Code   RO         4247    i.us_ticker_clear_interrupt  mbed.ar(us_ticker.o)
    0x080043c0   0x00000014   Code   RO         4248    i.us_ticker_disable_interrupt  mbed.ar(us_ticker.o)
    0x080043d4   0x00000028   Code   RO         4249    i.us_ticker_init    mbed.ar(us_ticker.o)
    0x080043fc   0x0000000c   Code   RO         4178    i.us_ticker_irq_handler  mbed.ar(us_ticker_api.o)
    0x08004408   0x00000030   Code   RO         4250    i.us_ticker_read    mbed.ar(us_ticker.o)
    0x08004438   0x00000014   Code   RO         4251    i.us_ticker_set_interrupt  mbed.ar(us_ticker.o)
    0x0800444c   0x00000028   Code   RO         4190    i.wait              mbed.ar(wait_api.o)
    0x08004474   0x0000001c   Code   RO         4191    i.wait_ms           mbed.ar(wait_api.o)
    0x08004490   0x0000001b   Data   RO          544    .constdata          rtx_conf_cm.o
    0x080044ab   0x00000010   Data   RO         3064    .constdata          stm32f4xx_hal_rcc.o
    0x080044bb   0x00000010   Data   RO         4004    .constdata          system_stm32f4xx.o
    0x080044cb   0x00000001   PAD
    0x080044cc   0x00000014   Data   RO         4179    .constdata          mbed.ar(us_ticker_api.o)
    0x080044e0   0x00000008   Data   RO         4180    .constdata          mbed.ar(us_ticker_api.o)
    0x080044e8   0x00000048   Data   RO         4206    .constdata          mbed.ar(PeripheralPins.o)
    0x08004530   0x00000048   Data   RO         4207    .constdata          mbed.ar(PeripheralPins.o)
    0x08004578   0x00000034   Data   RO         4236    .constdata          mbed.ar(pinmap.o)
    0x080045ac   0x00000040   Data   RO         4716    .constdata          mc_w.l(ctype_c.o)
    0x080045ec   0x00000042   Data   RO            9    .conststring        main.o
    0x0800462e   0x00000002   PAD
    0x08004630   0x0000006e   Data   RO         1907    .conststring        board.o
    0x0800469e   0x00000002   PAD
    0x080046a0   0x00000068   Data   RO         4036    .conststring        mbed.ar(serial_api.o)
    0x08004708   0x00000066   Data   RO         4222    .conststring        mbed.ar(gpio_api.o)
    0x0800476e   0x00000002   PAD
    0x08004770   0x00000064   Data   RO         4237    .conststring        mbed.ar(pinmap.o)
    0x080047d4   0x00000020   Data   RO         4722    Region$$Table       anon$$obj.o
    0x080047f4   0x00000004   Data   RO           10    .init_array         main.o
    0x080047f8   0x00000000   Data   RO         4546    .init_array         mc_w.l(cpp_init.o)


    Execution Region RW_IRAM1 (Base: 0x20000194, Size: 0x00000794, Max: 0x00017e6c, ABSOLUTE)

    Base Addr    Size         Type   Attr      Idx    E Section Name        Object

    0x20000194   0x00000098   Data   RW          545    .data               rtx_conf_cm.o
    0x2000022c   0x00000008   Data   RW          686    .data               rt_cmsis.o
    0x20000234   0x00000008   Data   RW         1401    .data               rt_robin.o
    0x2000023c   0x00000007   Data   RW         1473    .data               rt_system.o
    0x20000243   0x00000001   PAD
    0x20000244   0x00000008   Data   RW         1553    .data               rt_task.o
    0x2000024c   0x00000004   Data   RW         1628    .data               rt_time.o
    0x20000250   0x00000004   Data   RW         1928    .data               hal_tick.o
    0x20000254   0x00000004   Data   RW         2007    .data               retarget.o
    0x20000258   0x00000004   Data   RW         2094    .data               stm32f4xx_hal.o
    0x2000025c   0x00000004   Data   RW         4005    .data               system_stm32f4xx.o
    0x20000260   0x00000008   Data   RW         4037    .data               mbed.ar(serial_api.o)
    0x20000268   0x00000008   Data   RW         4181    .data               mbed.ar(us_ticker_api.o)
    0x20000270   0x00000004   Data   RW         4253    .data               mbed.ar(us_ticker.o)
    0x20000274   0x00000004   Data   RW         4279    .data               mbed.ar(FileBase.o)
    0x20000278   0x00000010   Zero   RW            8    .bss                main.o
    0x20000288   0x000004e0   Zero   RW          543    .bss                rtx_conf_cm.o
    0x20000768   0x00000030   Zero   RW         1225    .bss                rt_list.o
    0x20000798   0x00000034   Zero   RW         1552    .bss                rt_task.o
    0x200007cc   0x0000003c   Zero   RW         1927    .bss                hal_tick.o
    0x20000808   0x00000040   Zero   RW         2003    .bss                retarget.o
    0x20000848   0x0000007c   Zero   RW         4034    .bss                mbed.ar(serial_api.o)
    0x200008c4   0x0000003c   Zero   RW         4252    .bss                mbed.ar(us_ticker.o)
    0x20000900   0x00000014   Zero   RW         4497    .bss                mc_w.l(stdout_f.o)
    0x20000914   0x00000014   Zero   RW         4498    .bss                mc_w.l(stderr_f.o)


==============================================================================

Image component sizes


      Code (inc. data)   RO Data    RW Data    ZI Data      Debug   Object Name

       108         28        110          0          0        124   board.o
        52          4          0          0          0        132   cmsis_nvic.o
       140          6          0          0          0       6823   hal_cm.o
       384         28          0          0          0        908   hal_cm4.o
       264         44          0          4         60        256   hal_tick.o
       172         42         70          0         16       9908   main.o
        14          0          0          0          0        128   mbed_overrides.o
       416         42          0          4         64        760   retarget.o
      1428        120          0          8          0      26748   rt_cmsis.o
        92          4          0          0          0        709   rt_event.o
       638         34          0          0         48       8521   rt_list.o
       666         12          0          0          0       4357   rt_mailbox.o
        66          0          0          0          0       1273   rt_membox.o
       112         22          0          8          0       1290   rt_robin.o
        56          4          0          0          0        629   rt_semaphore.o
       382         58          0          7          0       6407   rt_system.o
       854        122          0          8         52       8848   rt_task.o
         0          0          0          4          0        222   rt_time.o
        82         20         27        152       1248      11517   rtx_conf_cm.o
        36          8        404          0          0        276   startup_stm32f401xe.o
        80         16          0          4          0        356   stm32f4xx_hal.o
        36          6          0          0          0        116   stm32f4xx_hal_cortex.o
       516         22          0          0          0        140   stm32f4xx_hal_gpio.o
         2          0          0          0          0        116   stm32f4xx_hal_msp_template.o
      1812         94         16          0          0        652   stm32f4xx_hal_rcc.o
       258         16          0          0          0        488   stm32f4xx_hal_tim.o
       632         14          0          0          0        376   stm32f4xx_hal_uart.o
         4          4          0          0          0        248   svc_table.o
       544         74         16          4          0        400   system_stm32f4xx.o

    ----------------------------------------------------------------------
      9864        844        680        204       1488      92728   Object Totals
         0          0         32          0          0          0   (incl. Generated)
        18          0          5          1          0          0   (incl. Padding)

    ----------------------------------------------------------------------

      Code (inc. data)   RO Data    RW Data    ZI Data      Debug   Library Member Name

        60          6          0          4          0        244   FileBase.o
       154          0          0          0          0        728   FilePath.o
         0          0        144          0          0          0   PeripheralPins.o
        64         52          0          0          0        116   assert.o
        24          4          0          0          0        128   error.o
       184         36          0          0          0        276   gpio.o
       150         30        102          0          0        388   gpio_api.o
       404        126        152          0          0        392   pinmap.o
       248         76          0          0          0        384   pinmap_common.o
       452         98        104          8        124        252   serial_api.o
        78          0          0          0          0        136   ticker_api.o
       144         46          0          4         60        588   us_ticker.o
        12          6         28          8          0        116   us_ticker_api.o
        68          4          0          0          0        256   wait_api.o
        56          8          0          0          0         84   __0sscanf.o
        28          0          0          0          0         68   _chval.o
       812          4          0          0          0        112   _scanf.o
       332          0          0          0          0         96   _scanf_int.o
        64          0          0          0          0         84   _sgetc.o
        32         10          0          0          0         80   cpp_init.o
        40          6         64          0          0         68   ctype_c.o
         0          0          0          0          0          0   entry.o
         0          0          0          0          0          0   entry10a.o
         0          0          0          0          0          0   entry11a.o
         8          4          0          0          0          0   entry2.o
         4          0          0          0          0          0   entry5.o
         4          0          0          0          0          0   entry6b.o
         0          0          0          0          0          0   entry7b.o
         4          0          0          0          0          0   entry8a.o
         0          0          0          0          0          0   entry8b.o
        24          0          0          0          0         76   fflush_f.o
        40          0          0          0          0         80   fputc_fp.o
        30          0          0          0          0          0   handlers.o
        36          8          0          0          0         68   init.o
        32         12          0          0          0         72   initio_oe.o
        10          0          0          0          0         68   isspace_c.o
         0          0          0          0          0          0   iusefp.o
        30          0          0          0          0         68   llshl.o
        36          0          0          0          0         68   llsshr.o
        32          0          0          0          0         68   llushr.o
        36          0          0          0          0         68   memcpya.o
      2218         84          0          0          0        440   printfa.o
        40          8          0          0          0         84   scanf_char.o
         0          0          0          0         20          0   stderr_f.o
         0          0          0          0         20          0   stdout_f.o
        28          0          0          0          0         76   strcmp.o
        14          0          0          0          0         68   strlen.o
        30          0          0          0          0         80   strncmp.o
        44          0          0          0          0         80   uidiv.o
        98          0          0          0          0         92   uldiv.o
        48          0          0          0          0         68   cdrcmple.o
       334          0          0          0          0        148   dadd.o
       222          0          0          0          0        100   ddiv.o
       186          0          0          0          0        176   depilogue.o
        48          0          0          0          0         68   dfixul.o
       228          0          0          0          0         96   dmul.o

    ----------------------------------------------------------------------
      7284        628        596         24        224       6808   Library Totals
        14          0          2          0          0          0   (incl. Padding)

    ----------------------------------------------------------------------

      Code (inc. data)   RO Data    RW Data    ZI Data      Debug   Library Name

      2042        484        530         24        184       4004   mbed.ar
      4162        144         64          0         40       2148   mc_w.l
      1066          0          0          0          0        656   mf_w.l

    ----------------------------------------------------------------------
      7284        628        596         24        224       6808   Library Totals

    ----------------------------------------------------------------------

==============================================================================


      Code (inc. data)   RO Data    RW Data    ZI Data      Debug   

     17148       1472       1276        228       1712      85580   Grand Totals
     17148       1472       1276        228       1712      85580   ELF Image Totals
     17148       1472       1276        228          0          0   ROM Totals

==============================================================================

    Total RO  Size (Code + RO Data)                18424 (  17.99kB)
    Total RW  Size (RW Data + ZI Data)              1940 (   1.89kB)
    Total ROM Size (Code + RO Data + RW Data)      18652 (  18.21kB)

==============================================================================

