<html>
<body>
<pre>
<h1>µVision Build Log</h1>
<h2>Tool Versions:</h2>
IDE-Version: µVision V5.23.0.0
Copyright (C) 2017 ARM Ltd and ARM Germany GmbH. All rights reserved.
License Information: Nicholas Outram University of Plymouth Flex license: MDK-ARM Professional: 100 user(s) (mdk_pro) Borrow: 
 
Tool Versions:
Toolchain:       MDK-ARM Professional: 100 user(s)  Version: 5.23
Toolchain Path:  C:\Keil_v5\ARM\ARMCC\Bin
C Compiler:      Armcc.exe V5.06 update 4 (build 422)
Assembler:       Armasm.exe V5.06 update 4 (build 422)
Linker/Locator:  ArmLink.exe V5.06 update 4 (build 422)
Library Manager: ArmAr.exe V5.06 update 4 (build 422)
Hex Converter:   FromElf.exe V5.06 update 4 (build 422)
CPU DLL:         
Dialog DLL:      DCM.DLL V1.15.0.0
Target DLL:      STLink\ST-LINKIII-KEIL_SWO.dll V2.0.18.0
Dialog DLL:      TCM.DLL V1.27.0.0
 
<h2>Project:</h2>
C:\Users\nicho\Documents\GitHub\SOFT253\SOFT253_Template_Weather_OS.uvprojx
Project File Date:  04/04/2017

<h2>Output:</h2>
*** Using Compiler 'V5.06 update 4 (build 422)', folder: 'C:\Keil_v5\ARM\ARMCC\Bin'
Build target 'SOFT253_Template_Weather_OS'
compiling aes.c...
compiling aesni.c...
compiling AnalogIn.cpp...
compiling hts221.cpp...
compiling LPS25H.cpp...
LPS25H/LPS25H.cpp(118): warning:  #1035-D: single-precision operand implicitly converted to double-precision
      return (float)temp / 480  + 42.5;
LPS25H/LPS25H.cpp: 1 warning, 0 errors
compiling arc4.c...
compiling asn1parse.c...
compiling analogin_api.c...
compiling analogout_api.c...
compiling asn1write.c...
compiling blowfish.c...
compiling base64.c...
compiling bignum.c...
compiling BusIn.cpp...
compiling BusInOut.cpp...
compiling camellia.c...
compiling BusOut.cpp...
compiling CAN.cpp...
compiling CallChain.cpp...
compiling can_api.c...
compiling ccsbcs.cpp...
compiling ccm.c...
compiling certs.c...
compiling cipher_wrap.c...
compiling cipher.c...
compiling cmac.c...
compiling ctr_drbg.c...
compiling debug.c...
compiling des.c...
compiling dhm.c...
compiling cmsis_nvic.c...
compiling ChainingBlockDevice.cpp...
compiling ecdh.c...
compiling ecjpake.c...
compiling ecdsa.c...
compiling Dir.cpp...
compiling entropy.c...
compiling ecp_curves.c...
compiling entropy_poll.c...
compiling equeue.c...
compiling ecp.c...
compiling equeue_posix.c...
compiling error.c...
compiling Ethernet.cpp...
compiling equeue_mbed.cpp...
compiling EventQueue.cpp...
compiling ff.cpp...
compiling FATFileSystem.cpp...
compiling FileBase.cpp...
compiling File.cpp...
compiling FileSystemLike.cpp...
compiling FilePath.cpp...
compiling gcm.c...
compiling FlashIAP.cpp...
compiling FileSystem.cpp...
compiling gpio_irq_device.c...
compiling gpio_irq_api.c...
compiling gpio_api.c...
compiling greentea_test_env.cpp...
compiling greentea_serial.cpp...
compiling HAL_CM.c...
compiling greentea_metrics.cpp...
mbed-os/features/frameworks/greentea-client/source/greentea_metrics.cpp(37): warning:  #177-D: variable "mutex"  was declared but never referenced
  static SingletonPtr<Mutex> mutex;
mbed-os/features/frameworks/greentea-client/source/greentea_metrics.cpp: 1 warning, 0 errors
compiling hal_init_pre.c...
compiling HAL_CM4.c...
compiling havege.c...
compiling hal_tick_16b.c...
compiling hal_tick_32b.c...
compiling hmac_drbg.c...
compiling HeapBlockDevice.cpp...
compiling I2CSlave.cpp...
compiling i2c_api.c...
compiling I2C.cpp...
compiling InterruptIn.cpp...
compiling LocalFileSystem.cpp...
compiling InterruptManager.cpp...
compiling lp_ticker.c...
compiling mbed_alloc_wrappers.cpp...
compiling mbed-utest-shim.cpp...
compiling mbed_application.c...
compiling mbed_assert.c...
compiling mbed_error.c...
compiling mbed_critical.c...
compiling mbed_board.c...
compiling mbed_lp_ticker_api.c...
compiling mbed_interface.c...
compiling mbed_gpio.c...
compiling mbed_mem_trace.c...
compiling mbed_pinmap_common.c...
compiling mbed_overrides.c...
compiling mbed_retarget.cpp...
"no source": Warning:  #541-D: allowing all exceptions is incompatible with previous function "operator new(std::size_t)"  (declared at line 78 of "C:\Keil_v5\ARM\ARMCC\Bin\..\include\new")
"no source": Warning:  #541-D: allowing all exceptions is incompatible with previous function "operator new[](std::size_t)"  (declared at line 97 of "C:\Keil_v5\ARM\ARMCC\Bin\..\include\new")
"no source": Warning:  #541-D: allowing all exceptions is incompatible with previous function "operator delete(void *)"  (declared at line 81 of "C:\Keil_v5\ARM\ARMCC\Bin\..\include\new")
"no source": Warning:  #541-D: allowing all exceptions is incompatible with previous function "operator delete[](void *)"  (declared at line 100 of "C:\Keil_v5\ARM\ARMCC\Bin\..\include\new")
mbed-os/platform/mbed_retarget.cpp: 4 warnings, 0 errors
compiling mbed_semihost_api.c...
compiling mbed_stats.c...
compiling mbed_trng.c...
compiling mbed_rtc_time.cpp...
compiling mbed_wait_api_no_rtos.c...
compiling mbed_ticker_api.c...
compiling mbed_us_ticker_api.c...
compiling md2.c...
compiling md.c...
compiling md4.c...
compiling md5.c...
compiling md_wrap.c...
compiling memory_buffer_alloc.c...
compiling Mutex.cpp...
compiling net_sockets.c...
compiling NetworkInterface.cpp...
compiling nsapi_dns.cpp...
compiling oid.c...
compiling padlock.c...
compiling mbed_wait_api_rtos.cpp...
compiling pem.c...
compiling PeripheralPins.c...
compiling NetworkStack.cpp...
compiling pk.c...
compiling pk_wrap.c...
compiling pinmap.c...
compiling pkcs12.c...
compiling pkcs5.c...
compiling pkcs11.c...
compiling platform.c...
compiling pkparse.c...
compiling pkwrite.c...
compiling pwmout_api.c...
compiling port_api.c...
compiling pwmout_device.c...
compiling ripemd160.c...
compiling rsa.c...
compiling rt_Event.c...
compiling rt_List.c...
compiling rt_CMSIS.c...
compiling rt_MemBox.c...
compiling rt_Mailbox.c...
compiling rt_Memory.c...
compiling rt_Mutex.c...
compiling rt_OsEventObserver.c...
compiling rt_Robin.c...
compiling RawSerial.cpp...
compiling rt_Semaphore.c...
compiling rt_Time.c...
compiling rt_System.c...
compiling rt_Task.c...
compiling rt_Timer.c...
compiling rtos_idle.c...
compiling rtc_api.c...
compiling Semaphore.cpp...
compiling RTX_Conf_CM.c...
compiling RtosTimer.cpp...
compiling Serial.cpp...
compiling serial_api.c...
compiling sha1.c...
compiling sha256.c...
compiling sha512.c...
compiling SerialBase.cpp...
compiling sleep.c...
compiling SlicingBlockDevice.cpp...
compiling Socket.cpp...
compiling SocketAddress.cpp...
compiling SPI.cpp...
compiling ssl_cache.c...
compiling ssl_ciphersuites.c...
compiling ssl_cli.c...
compiling ssl_cookie.c...
compiling ssl_srv.c...
compiling ssl_ticket.c...
compiling spi_api.c...
compiling SPISlave.cpp...
compiling ssl_tls.c...
assembling startup_stm32f401xe.S...
compiling stm32f4xx_hal.c...
compiling stm32f4xx_hal_adc.c...
compiling stm32f4xx_hal_adc_ex.c...
compiling stm32f4xx_hal_cec.c...
compiling stm32f4xx_hal_cortex.c...
compiling stm32f4xx_hal_can.c...
mbed-os/targets/TARGET_STM/TARGET_STM32F4/device/stm32f4xx_hal_can.c(1424): warning:  #1565-D: white space between backslash and newline in line splice ignored
            STM32F429xx || STM32F439xx || STM32F446xx || STM32F469xx || STM32F479xx || STM32F412Zx ||\ 
mbed-os/targets/TARGET_STM/TARGET_STM32F4/device/stm32f4xx_hal_can.c: 1 warning, 0 errors
compiling stm32f4xx_hal_crc.c...
compiling stm32f4xx_hal_cryp_ex.c...
compiling stm32f4xx_hal_cryp.c...
compiling stm32f4xx_hal_dcmi.c...
compiling stm32f4xx_hal_dac_ex.c...
compiling stm32f4xx_hal_dac.c...
compiling stm32f4xx_hal_dcmi_ex.c...
compiling stm32f4xx_hal_dfsdm.c...
compiling stm32f4xx_hal_dma2d.c...
compiling stm32f4xx_hal_dma.c...
compiling stm32f4xx_hal_dma_ex.c...
compiling stm32f4xx_hal_eth.c...
compiling stm32f4xx_hal_flash.c...
compiling stm32f4xx_hal_dsi.c...
compiling stm32f4xx_hal_flash_ex.c...
compiling stm32f4xx_hal_flash_ramfunc.c...
compiling stm32f4xx_hal_fmpi2c.c...
compiling stm32f4xx_hal_fmpi2c_ex.c...
compiling stm32f4xx_hal_hash.c...
compiling stm32f4xx_hal_gpio.c...
compiling stm32f4xx_hal_hash_ex.c...
compiling stm32f4xx_hal_i2c.c...
compiling stm32f4xx_hal_hcd.c...
compiling stm32f4xx_hal_i2s.c...
compiling stm32f4xx_hal_i2c_ex.c...
compiling stm32f4xx_hal_i2s_ex.c...
compiling stm32f4xx_hal_iwdg.c...
compiling stm32f4xx_hal_irda.c...
compiling stm32f4xx_hal_lptim.c...
compiling stm32f4xx_hal_ltdc.c...
compiling stm32f4xx_hal_nand.c...
compiling stm32f4xx_hal_msp_template.c...
compiling stm32f4xx_hal_ltdc_ex.c...
compiling stm32f4xx_hal_pccard.c...
compiling stm32f4xx_hal_pcd.c...
compiling stm32f4xx_hal_nor.c...
compiling stm32f4xx_hal_pcd_ex.c...
compiling stm32f4xx_hal_qspi.c...
compiling stm32f4xx_hal_pwr_ex.c...
compiling stm32f4xx_hal_pwr.c...
compiling stm32f4xx_hal_rng.c...
compiling stm32f4xx_hal_rcc_ex.c...
compiling stm32f4xx_hal_rcc.c...
compiling stm32f4xx_hal_rtc.c...
compiling stm32f4xx_hal_sai.c...
compiling stm32f4xx_hal_rtc_ex.c...
compiling stm32f4xx_hal_sai_ex.c...
compiling stm32f4xx_hal_sd.c...
compiling stm32f4xx_hal_sdram.c...
compiling stm32f4xx_hal_spdifrx.c...
compiling stm32f4xx_hal_smartcard.c...
compiling stm32f4xx_hal_spi.c...
compiling stm32f4xx_hal_tim_ex.c...
compiling stm32f4xx_hal_sram.c...
compiling stm32f4xx_hal_tim.c...
compiling stm32f4xx_hal_usart.c...
compiling stm32f4xx_hal_uart.c...
compiling stm32f4xx_hal_wwdg.c...
compiling stm32f4xx_ll_fsmc.c...
compiling stm32f4xx_ll_sdmmc.c...
compiling stm32f4xx_ll_fmc.c...
compiling stm32f4xx_ll_usb.c...
mbed-os/targets/TARGET_STM/TARGET_STM32F4/device/stm32f4xx_ll_usb.c(786): warning:  #3108-D: attribute "__packed__" does not apply here
        
SBx_DFIFO(ch_ep_num) = *((
_packed uint32_t *)src);
mbed-os/targets/TARGET_STM/TARGET_STM32F4/device/stm32f4xx_ll_usb.c(812): warning:  #3108-D: attribute "__packed__" does not apply here
      *(
_packed uint32_t *)dest = USBx_DFIFO(0U);
mbed-os/targets/TARGET_STM/TARGET_STM32F4/device/stm32f4xx_ll_usb.c: 2 warnings, 0 errors
compiling stm_spi_api.c...
assembling SVC_Table.S...
compiling Stream.cpp...
compiling sys.cpp...
compiling system_stm32f4xx.c...
compiling TCPSocket.cpp...
compiling threading.c...
compiling TCPServer.cpp...
compiling Ticker.cpp...
compiling Thread.cpp...
compiling TimerEvent.cpp...
compiling Timeout.cpp...
compiling Timer.cpp...
compiling trng_api.c...
compiling timing.c...
compiling unity.c...
compiling UDPSocket.cpp...
compiling us_ticker_16b.c...
compiling unity_handler.cpp...
compiling us_ticker_32b.c...
compiling utest_case.cpp...
compiling utest_default_handlers.cpp...
compiling utest_greentea_handlers.cpp...
compiling utest_stack_trace.cpp...
compiling utest_types.cpp...
compiling utest_shim.cpp...
compiling utest_harness.cpp...
compiling version_features.c...
compiling version.c...
compiling WiFiAccessPoint.cpp...
compiling x509_create.c...
compiling x509.c...
compiling x509_crl.c...
compiling x509write_crt.c...
compiling x509_csr.c...
compiling x509write_csr.c...
compiling x509_crt.c...
compiling xtea.c...
compiling main.cpp...
linking...
Program Size: Code=41476 RO-data=2924 RW-data=244 ZI-data=10668  
".\BUILD\SOFT253_Template_Weather_OS.axf" - 0 Error(s), 5 Warning(s).

<h2>Collection of Component include folders:</h2>
  .\RTE\_SOFT253_Template_Weather_OS
  C:\Keil_v5\ARM\PACK\Keil\STM32F4xx_DFP\2.11.0\Drivers\CMSIS\Device\ST\STM32F4xx\Include

<h2>Collection of Component Files used:</h2>
Build Time Elapsed:  00:06:46
</pre>
</body>
</html>
