Component: ARM Compiler 5.06 update 3 (build 300) Tool: armlink [4d35c9]

==============================================================================

Section Cross References

    main.o(i.__sti___8_main_cpp_myled) refers to gpio.o(i.gpio_init_out) for gpio_init_out
    main.o(i.__sti___8_main_cpp_myled) refers to I2C.o(i._ZN4mbed3I2CC1E7PinNameS1_) for mbed::I2C::I2C(PinName, PinName)
    main.o(i.__sti___8_main_cpp_myled) refers to lps25h.o(i._ZN6LPS25HC1ERN4mbed3I2CEh) for LPS25H::LPS25H(mbed::I2C&, unsigned char)
    main.o(i.__sti___8_main_cpp_myled) refers to main.o(.bss) for myled
    main.o(i.main) refers to hts221.o(i._Z11hts221_initv) for hts221_init()
    main.o(i.main) refers to hts221.o(i._Z12HTS221_Calibv) for HTS221_Calib()
    main.o(i.main) refers to getc.o(i.getc) for getc
    main.o(i.main) refers to printfa.o(i.__0printf) for __2printf
    main.o(i.main) refers to hts221.o(i._Z19HTS221_ReadTempHumiPfS_) for HTS221_ReadTempHumi(float*, float*)
    main.o(i.main) refers to f2d.o(.text) for __aeabi_f2d
    main.o(i.main) refers to lps25h.o(i._ZN6LPS25H3getEv) for LPS25H::get()
    main.o(i.main) refers to lps25h.o(i._ZN6LPS25H11temperatureEv) for LPS25H::temperature()
    main.o(i.main) refers to lps25h.o(i._ZN6LPS25H8pressureEv) for LPS25H::pressure()
    main.o(i.main) refers to main.o(i._ZN4mbed10DigitalOutaSEi) for mbed::DigitalOut::operator =(int)
    main.o(i.main) refers to thread.o(i._ZN4rtos6Thread4waitEj) for rtos::Thread::wait(unsigned)
    main.o(i.main) refers to main.o(.data) for cmd
    main.o(i.main) refers to stdin_f.o(.bss) for __stdin
    main.o(i.main) refers to main.o(.conststring) for .conststring
    main.o(i.main) refers to main.o(.bss) for barometer
    main.o(.ARM.exidx) refers to main.o(i.main) for i.main
    main.o(.ARM.exidx) refers to main.o(i.__sti___8_main_cpp_myled) for i.__sti___8_main_cpp_myled
    main.o(.init_array) refers to main.o(i.__sti___8_main_cpp_myled) for __sti___8_main_cpp_myled
    main.o(.init_array) refers to cpp_init.o(.text) for __cpp_initialize__aeabi_
    hal_cm.o(i.rt_ret_val) refers to hal_cm.o(i.rt_ret_regs) for rt_ret_regs
    hal_cm.o(i.rt_ret_val2) refers to hal_cm.o(i.rt_ret_regs) for rt_ret_regs
    rtx_conf_cm.o(.ARM.Collect$$$$000000FF) refers to rt_cmsis.o(i.osKernelInitialize) for osKernelInitialize
    rtx_conf_cm.o(.ARM.Collect$$$$000000FF) refers to rtx_conf_cm.o(i.set_main_stack) for set_main_stack
    rtx_conf_cm.o(.ARM.Collect$$$$000000FF) refers to rt_cmsis.o(i.osThreadCreate) for osThreadCreate
    rtx_conf_cm.o(.ARM.Collect$$$$000000FF) refers to rt_cmsis.o(i.osKernelStart) for osKernelStart
    rtx_conf_cm.o(.ARM.Collect$$$$000000FF) refers to rtx_conf_cm.o(.data) for .data
    rtx_conf_cm.o(i.os_error) refers to board.o(i.mbed_die) for mbed_die
    rtx_conf_cm.o(i.set_main_stack) refers to rtx_conf_cm.o(.data) for .data
    rtx_conf_cm.o(i.sysThreadError) refers to board.o(i.mbed_die) for mbed_die
    rtx_conf_cm.o(.data) refers to rt_cmsis.o(i.osTimerThread) for osTimerThread
    rtx_conf_cm.o(.data) refers to rtx_conf_cm.o(.bss) for os_thread_def_stack_osTimerThread
    rtx_conf_cm.o(.data) refers to retarget.o(i.$Sub$$main) for main
    rt_cmsis.o(i.isrMessagePut) refers to rt_mailbox.o(i.rt_mbx_check) for rt_mbx_check
    rt_cmsis.o(i.isrMessagePut) refers to rt_mailbox.o(i.isr_mbx_send) for isr_mbx_send
    rt_cmsis.o(i.osDelay) refers to rt_cmsis.o(i.__get_IPSR) for __get_IPSR
    rt_cmsis.o(i.osDelay) refers to rt_cmsis.o(i.svcDelay) for svcDelay
    rt_cmsis.o(i.osKernelInitialize) refers to rt_cmsis.o(i.__get_IPSR) for __get_IPSR
    rt_cmsis.o(i.osKernelInitialize) refers to rt_cmsis.o(i.__get_CONTROL) for __get_CONTROL
    rt_cmsis.o(i.osKernelInitialize) refers to rt_cmsis.o(i.svcKernelInitialize) for svcKernelInitialize
    rt_cmsis.o(i.osKernelRunning) refers to rt_cmsis.o(i.__get_IPSR) for __get_IPSR
    rt_cmsis.o(i.osKernelRunning) refers to rt_cmsis.o(i.__get_CONTROL) for __get_CONTROL
    rt_cmsis.o(i.osKernelRunning) refers to rt_cmsis.o(.data) for os_running
    rt_cmsis.o(i.osKernelRunning) refers to rt_cmsis.o(i.svcKernelRunning) for svcKernelRunning
    rt_cmsis.o(i.osKernelStart) refers to rt_cmsis.o(i.__get_IPSR) for __get_IPSR
    rt_cmsis.o(i.osKernelStart) refers to rt_cmsis.o(i.__get_CONTROL) for __get_CONTROL
    rt_cmsis.o(i.osKernelStart) refers to rtx_conf_cm.o(.constdata) for os_flags
    rt_cmsis.o(i.osKernelStart) refers to rt_cmsis.o(i.svcKernelStart) for svcKernelStart
    rt_cmsis.o(i.osMailAlloc) refers to rt_cmsis.o(i.__get_IPSR) for __get_IPSR
    rt_cmsis.o(i.osMailAlloc) refers to rt_cmsis.o(i.sysMailAlloc) for sysMailAlloc
    rt_cmsis.o(i.osMailCAlloc) refers to rt_cmsis.o(i.__get_IPSR) for __get_IPSR
    rt_cmsis.o(i.osMailCAlloc) refers to rt_cmsis.o(i.sysMailAlloc) for sysMailAlloc
    rt_cmsis.o(i.osMailCreate) refers to rt_cmsis.o(i.__get_IPSR) for __get_IPSR
[...]
    i.rt_ms2tick                             0x08004834   Section        0  rt_cmsis.o(i.rt_ms2tick)
    rt_ms2tick                               0x08004835   Thumb Code    60  rt_cmsis.o(i.rt_ms2tick)
    i.rt_pop_req                             0x08004878   Section        0  rt_system.o(i.rt_pop_req)
    i.rt_psh_req                             0x08004920   Section        0  rt_system.o(i.rt_psh_req)
    i.rt_psq_enq                             0x08004944   Section        0  rt_list.o(i.rt_psq_enq)
    i.rt_put_dly                             0x080049c0   Section        0  rt_list.o(i.rt_put_dly)
    i.rt_put_prio                            0x08004a1c   Section        0  rt_list.o(i.rt_put_prio)
    i.rt_put_rdy_first                       0x08004a5c   Section        0  rt_list.o(i.rt_put_rdy_first)
    i.rt_resort_prio                         0x08004a70   Section        0  rt_list.o(i.rt_resort_prio)
    i.rt_ret_regs                            0x08004aa4   Section        0  hal_cm.o(i.rt_ret_regs)
    rt_ret_regs                              0x08004aa5   Thumb Code    20  hal_cm.o(i.rt_ret_regs)
    i.rt_ret_val                             0x08004ab8   Section        0  hal_cm.o(i.rt_ret_val)
    i.rt_ret_val2                            0x08004aca   Section        0  hal_cm.o(i.rt_ret_val2)
    i.rt_rmv_dly                             0x08004ae4   Section        0  rt_list.o(i.rt_rmv_dly)
    i.rt_rmv_list                            0x08004b0c   Section        0  rt_list.o(i.rt_rmv_list)
    i.rt_sem_psh                             0x08004b40   Section        0  rt_semaphore.o(i.rt_sem_psh)
    i.rt_stk_check                           0x08004b78   Section        0  rt_system.o(i.rt_stk_check)
    i.rt_switch_req                          0x08004bb4   Section        0  rt_task.o(i.rt_switch_req)
    i.rt_sys_init                            0x08004bc4   Section        0  rt_task.o(i.rt_sys_init)
    i.rt_sys_start                           0x08004cac   Section        0  rt_task.o(i.rt_sys_start)
    i.rt_systick                             0x08004cf0   Section        0  rt_system.o(i.rt_systick)
    i.rt_tid2ptcb                            0x08004d34   Section        0  rt_cmsis.o(i.rt_tid2ptcb)
    rt_tid2ptcb                              0x08004d35   Thumb Code    32  rt_cmsis.o(i.rt_tid2ptcb)
    i.rt_timer_insert                        0x08004d54   Section        0  rt_cmsis.o(i.rt_timer_insert)
    rt_timer_insert                          0x08004d55   Thumb Code    60  rt_cmsis.o(i.rt_timer_insert)
    i.rt_tsk_delete                          0x08004d94   Section        0  rt_task.o(i.rt_tsk_delete)
    i.rt_tsk_prio                            0x08004e24   Section        0  rt_task.o(i.rt_tsk_prio)
    i.rt_tsk_self                            0x08004eb4   Section        0  rt_task.o(i.rt_tsk_self)
    i.serial_getc                            0x08004ecc   Section        0  serial_api.o(i.serial_getc)
    i.serial_init                            0x08004eec   Section        0  serial_api.o(i.serial_init)
    i.serial_putc                            0x0800508c   Section        0  serial_api.o(i.serial_putc)
    i.set_main_stack                         0x080050b0   Section        0  rtx_conf_cm.o(i.set_main_stack)
    i.svcDelay                               0x080050cc   Section        0  rt_cmsis.o(i.svcDelay)
    i.svcKernelInitialize                    0x080050e8   Section        0  rt_cmsis.o(i.svcKernelInitialize)
    i.svcKernelStart                         0x08005118   Section        0  rt_cmsis.o(i.svcKernelStart)
    i.svcMessageCreate                       0x08005180   Section        0  rt_cmsis.o(i.svcMessageCreate)
    i.svcMessageGet                          0x080051bc   Section        0  rt_cmsis.o(i.svcMessageGet)
    i.svcThreadCreate                        0x08005214   Section        0  rt_cmsis.o(i.svcThreadCreate)
    i.svcThreadGetId                         0x0800529c   Section        0  rt_cmsis.o(i.svcThreadGetId)
    i.svcThreadTerminate                     0x080052b8   Section        0  rt_cmsis.o(i.svcThreadTerminate)
    i.svcTimerCall                           0x080052de   Section        0  rt_cmsis.o(i.svcTimerCall)
    i.sysThreadError                         0x08005308   Section        0  rtx_conf_cm.o(i.sysThreadError)
    i.sysTimerTick                           0x08005314   Section        0  rt_cmsis.o(i.sysTimerTick)
    i.ticker_irq_handler                     0x08005364   Section        0  ticker_api.o(i.ticker_irq_handler)
    i.timer_irq_handler                      0x080053b4   Section        0  hal_tick.o(i.timer_irq_handler)
    i.us_ticker_clear_interrupt              0x08005408   Section        0  us_ticker.o(i.us_ticker_clear_interrupt)
    i.us_ticker_disable_interrupt            0x08005418   Section        0  us_ticker.o(i.us_ticker_disable_interrupt)
    i.us_ticker_init                         0x0800542c   Section        0  us_ticker.o(i.us_ticker_init)
    i.us_ticker_irq_handler                  0x08005454   Section        0  us_ticker_api.o(i.us_ticker_irq_handler)
    i.us_ticker_read                         0x08005460   Section        0  us_ticker.o(i.us_ticker_read)
    i.us_ticker_set_interrupt                0x08005490   Section        0  us_ticker.o(i.us_ticker_set_interrupt)
    i.wait_ms                                0x080054a4   Section        0  wait_api.o(i.wait_ms)
    .constdata                               0x080054c0   Section       27  rtx_conf_cm.o(.constdata)
    __tagsym$$used                           0x080054d0   Number         0  rtx_conf_cm.o(.constdata)
    __tagsym$$used                           0x080054d4   Number         0  rtx_conf_cm.o(.constdata)
    .constdata                               0x080054db   Section       16  stm32f4xx_hal_rcc.o(.constdata)
    .constdata                               0x080054eb   Section       16  system_stm32f4xx.o(.constdata)
    .constdata                               0x080054fc   Section       20  us_ticker_api.o(.constdata)
    us_interface                             0x080054fc   Data          20  us_ticker_api.o(.constdata)
    .constdata                               0x08005510   Section        8  us_ticker_api.o(.constdata)
    us_data                                  0x08005510   Data           8  us_ticker_api.o(.constdata)
    .constdata                               0x08005518   Section       72  PeripheralPins.o(.constdata)
    .constdata                               0x08005560   Section       60  PeripheralPins.o(.constdata)
    .constdata                               0x0800559c   Section       72  PeripheralPins.o(.constdata)
    .constdata                               0x080055e4   Section       72  PeripheralPins.o(.constdata)
    .constdata                               0x0800562c   Section       52  pinmap.o(.constdata)
    gpio_mode                                0x0800562c   Data          52  pinmap.o(.constdata)
    .constdata                               0x08005660   Section       64  ctype_c.o(.constdata)
    .conststring                             0x080056a0   Section      134  main.o(.conststring)
    .conststring                             0x08005728   Section      110  board.o(.conststring)
    .conststring                             0x08005798   Section      104  serial_api.o(.conststring)
    .conststring                             0x08005800   Section      102  gpio_api.o(.conststring)
    .conststring                             0x08005868   Section      101  i2c_api.o(.conststring)
    .conststring                             0x080058d0   Section      100  pinmap.o(.conststring)
    .init_array                              0x08005954   Section        4  main.o(.init_array)
    .init_array                              0x08005958   Section        4  hts221.o(.init_array)
    .init_array                              0x0800595c   Section        0  cpp_init.o(.init_array)
    .data                                    0x20000194   Section       28  main.o(.data)
    .data                                    0x200001b0   Section      152  rtx_conf_cm.o(.data)
    .data                                    0x20000248   Section        8  rt_cmsis.o(.data)
    .data                                    0x20000250   Section        8  rt_robin.o(.data)
    .data                                    0x20000258   Section        7  rt_system.o(.data)
    os_lock                                  0x2000025c   Data           1  rt_system.o(.data)
    os_psh_flag                              0x2000025d   Data           1  rt_system.o(.data)
    pend_flags                               0x2000025e   Data           1  rt_system.o(.data)
    .data                                    0x20000260   Section        8  rt_task.o(.data)
    .data                                    0x20000268   Section        4  rt_time.o(.data)
    .data                                    0x2000026c   Section       32  hts221.o(.data)
    .data                                    0x2000028c   Section        4  hal_tick.o(.data)
    .data                                    0x20000290   Section        4  retarget.o(.data)
    n                                        0x20000290   Data           4  retarget.o(.data)
    .data                                    0x20000294   Section        4  stm32f4xx_hal.o(.data)
    uwTick                                   0x20000294   Data           4  stm32f4xx_hal.o(.data)
    .data                                    0x20000298   Section        4  system_stm32f4xx.o(.data)
    .data                                    0x2000029c   Section        8  serial_api.o(.data)
    irq_handler                              0x200002a0   Data           4  serial_api.o(.data)
    .data                                    0x200002a4   Section        4  I2C.o(.data)
    .data                                    0x200002a8   Section        8  us_ticker_api.o(.data)
    events                                   0x200002a8   Data           8  us_ticker_api.o(.data)
    .data                                    0x200002b0   Section       12  i2c_api.o(.data)
    .data                                    0x200002bc   Section        4  us_ticker.o(.data)
    us_ticker_inited                         0x200002bc   Data           4  us_ticker.o(.data)
    .data                                    0x200002c0   Section        4  FileBase.o(.data)
    .bss                                     0x200002c4   Section       60  main.o(.bss)
    .bss                                     0x20000300   Section     1248  rtx_conf_cm.o(.bss)
    .bss                                     0x200007e0   Section       48  rt_list.o(.bss)
    .bss                                     0x20000810   Section       52  rt_task.o(.bss)
    .bss                                     0x20000844   Section       12  hts221.o(.bss)
    .bss                                     0x20000850   Section       60  hal_tick.o(.bss)
    .bss                                     0x2000088c   Section       64  retarget.o(.bss)
    filehandles                              0x2000088c   Data          64  retarget.o(.bss)
    .bss                                     0x200008cc   Section      124  serial_api.o(.bss)
    serial_irq_ids                           0x200008cc   Data          32  serial_api.o(.bss)
    .bss                                     0x20000948   Section       60  i2c_api.o(.bss)
    .bss                                     0x20000984   Section       60  us_ticker.o(.bss)
    TimMasterHandle                          0x20000984   Data          60  us_ticker.o(.bss)
    .bss                                     0x200009c0   Section       20  stdin_f.o(.bss)
    .bss                                     0x200009d4   Section       20  stdout_f.o(.bss)
    .bss                                     0x200009e8   Section       20  stderr_f.o(.bss)

    Global Symbols

    Symbol Name                              Value     Ov Type        Size  Object(Section)

    BuildAttributes$$THM_ISAv4$E$P$D$K$B$S$7EM$VFPi3$EXTD16$VFPS$VFMA$PE$A:L22UL41UL21$X:L11$S22US41US21$IEEE1$IW$USESV6$~STKCKD$USESV7$~SHL$OTIME$ROPI$EBA8$UX$MICROLIB$REQ8$PRES8$EABIv2 0x00000000   Number         0  anon$$obj.o ABSOLUTE
    __ARM_use_no_argv                        0x00000000   Number         0  main.o ABSOLUTE
    _printf_a                                0x00000000   Number         0  stubs.o ABSOLUTE
    _printf_c                                0x00000000   Number         0  stubs.o ABSOLUTE
    _printf_charcount                        0x00000000   Number         0  stubs.o ABSOLUTE
    _printf_d                                0x00000000   Number         0  stubs.o ABSOLUTE
    _printf_e                                0x00000000   Number         0  stubs.o ABSOLUTE
    _printf_f                                0x00000000   Number         0  stubs.o ABSOLUTE
    _printf_flags                            0x00000000   Number         0  stubs.o ABSOLUTE
    _printf_fp_dec                           0x00000000   Number         0  stubs.o ABSOLUTE
    _printf_fp_hex                           0x00000000   Number         0  stubs.o ABSOLUTE
    _printf_g                                0x00000000   Number         0  stubs.o ABSOLUTE
    _printf_i                                0x00000000   Number         0  stubs.o ABSOLUTE
    _printf_int_dec                          0x00000000   Number         0  stubs.o ABSOLUTE
    _printf_l                                0x00000000   Number         0  stubs.o ABSOLUTE
    _printf_lc                               0x00000000   Number         0  stubs.o ABSOLUTE
    _printf_ll                               0x00000000   Number         0  stubs.o ABSOLUTE
    _printf_lld                              0x00000000   Number         0  stubs.o ABSOLUTE
    _printf_lli                              0x00000000   Number         0  stubs.o ABSOLUTE
    _printf_llo                              0x00000000   Number         0  stubs.o ABSOLUTE
    _printf_llu                              0x00000000   Number         0  stubs.o ABSOLUTE
    _printf_llx                              0x00000000   Number         0  stubs.o ABSOLUTE
    _printf_longlong_dec                     0x00000000   Number         0  stubs.o ABSOLUTE
    _printf_longlong_hex                     0x00000000   Number         0  stubs.o ABSOLUTE
    _printf_longlong_oct                     0x00000000   Number         0  stubs.o ABSOLUTE
    _printf_ls                               0x00000000   Number         0  stubs.o ABSOLUTE
    _printf_mbtowc                           0x00000000   Number         0  stubs.o ABSOLUTE
    _printf_n                                0x00000000   Number         0  stubs.o ABSOLUTE
    _printf_o                                0x00000000   Number         0  stubs.o ABSOLUTE
    _printf_p                                0x00000000   Number         0  stubs.o ABSOLUTE
    _printf_percent                          0x00000000   Number         0  stubs.o ABSOLUTE
    _printf_pre_padding                      0x00000000   Number         0  stubs.o ABSOLUTE
    _printf_return_value                     0x00000000   Number         0  stubs.o ABSOLUTE
    _printf_s                                0x00000000   Number         0  stubs.o ABSOLUTE
    _printf_sizespec                         0x00000000   Number         0  stubs.o ABSOLUTE
    _printf_str                              0x00000000   Number         0  stubs.o ABSOLUTE
    _printf_truncate_signed                  0x00000000   Number         0  stubs.o ABSOLUTE
    _printf_truncate_unsigned                0x00000000   Number         0  stubs.o ABSOLUTE
    _printf_u                                0x00000000   Number         0  stubs.o ABSOLUTE
    _printf_wc                               0x00000000   Number         0  stubs.o ABSOLUTE
    _printf_wctomb                           0x00000000   Number         0  stubs.o ABSOLUTE
    _printf_widthprec                        0x00000000   Number         0  stubs.o ABSOLUTE
    _printf_x                                0x00000000   Number         0  stubs.o ABSOLUTE
    SHT$$ARM_EXIDX$$Base                      - Undefined Reference
    SHT$$ARM_EXIDX$$Limit                     - Undefined Reference
    __ARM::default_unexpected_handler()       - Undefined Weak Reference
    __ARM_exceptions_buffer_required          - Undefined Weak Reference
    __aeabi_unwind_cpp_pr1                    - Undefined Weak Reference
    __aeabi_unwind_cpp_pr2                    - Undefined Weak Reference
    __cxa_begin_cleanup                       - Undefined Weak Reference
    __cxa_finalize                            - Undefined Weak Reference
    __cxa_type_match                          - Undefined Weak Reference
    _clock_init                               - Undefined Weak Reference
    _microlib_exit                            - Undefined Weak Reference
    _scanf_longlong                           - Undefined Weak Reference
    _scanf_real                               - Undefined Weak Reference
    _scanf_string                             - Undefined Weak Reference
    __Vectors_Size                           0x00000194   Number         0  startup_stm32f401xe.o ABSOLUTE
    __RL_RTX_VER                             0x00000450   Number         0  rt_system.o ABSOLUTE
    __Vectors                                0x08000000   Data           4  startup_stm32f401xe.o(RESET)
    __Vectors_End                            0x08000194   Data           0  startup_stm32f401xe.o(RESET)
    __main                                   0x08000195   Thumb Code     0  entry.o(.ARM.Collect$$$$00000000)
    _main_stk                                0x08000195   Thumb Code     0  entry2.o(.ARM.Collect$$$$00000001)
    _main_scatterload                        0x08000199   Thumb Code     0  entry5.o(.ARM.Collect$$$$00000004)
    __main_after_scatterload                 0x0800019d   Thumb Code     0  entry5.o(.ARM.Collect$$$$00000004)
    __use_full_stdio                         0x0800019d   Thumb Code     0  entry6b.o(.ARM.Collect$$$$00000006)
    __main_after_initio                      0x080001a1   Thumb Code     0  entry6b.o(.ARM.Collect$$$$00000006)
    _main_clock                              0x080001a1   Thumb Code     0  entry7b.o(.ARM.Collect$$$$00000008)
    _main_cpp_init$empty                     0x080001a1   Thumb Code     0  entry8a.o(.ARM.Collect$$$$00000009)
    __rt_final_cpp                           0x080001a5   Thumb Code     0  entry10a.o(.ARM.Collect$$$$0000000D)
    __rt_final_exit                          0x080001a5   Thumb Code     0  entry11a.o(.ARM.Collect$$$$0000000F)
    _main_cpp_init                           0x080001a5   Thumb Code     0  entry8b.o(.ARM.Collect$$$$0000000A)
    _main_init                               0x080001a5   Thumb Code    22  rtx_conf_cm.o(.ARM.Collect$$$$000000FF)
    rt_set_PSP                               0x080001c5   Thumb Code     6  hal_cm4.o(.emb_text)
    rt_get_PSP                               0x080001cb   Thumb Code     6  hal_cm4.o(.emb_text)
    os_set_env                               0x080001d1   Thumb Code    24  hal_cm4.o(.emb_text)
    _alloc_box                               0x080001ed   Thumb Code    28  hal_cm4.o(.emb_text)
    _free_box                                0x0800020d   Thumb Code    28  hal_cm4.o(.emb_text)
    SVC_Handler                              0x0800022d   Thumb Code   148  hal_cm4.o(.emb_text)
    PendSV_Handler                           0x080002cd   Thumb Code    96  hal_cm4.o(.emb_text)
    SysTick_Handler                          0x08000331   Thumb Code     8  hal_cm4.o(.emb_text)
    OS_Tick_Handler                          0x08000339   Thumb Code    12  hal_cm4.o(.emb_text)
    Reset_Handler                            0x08000345   Thumb Code     8  startup_stm32f401xe.o(.text)
    NMI_Handler                              0x0800034d   Thumb Code     2  startup_stm32f401xe.o(.text)
    HardFault_Handler                        0x0800034f   Thumb Code     2  startup_stm32f401xe.o(.text)
    MemManage_Handler                        0x08000351   Thumb Code     2  startup_stm32f401xe.o(.text)
    BusFault_Handler                         0x08000353   Thumb Code     2  startup_stm32f401xe.o(.text)
    UsageFault_Handler                       0x08000355   Thumb Code     2  startup_stm32f401xe.o(.text)
    DebugMon_Handler                         0x08000359   Thumb Code     2  startup_stm32f401xe.o(.text)
    ADC_IRQHandler                           0x0800035f   Thumb Code     0  startup_stm32f401xe.o(.text)
    DMA1_Stream0_IRQHandler                  0x0800035f   Thumb Code     0  startup_stm32f401xe.o(.text)
    DMA1_Stream1_IRQHandler                  0x0800035f   Thumb Code     0  startup_stm32f401xe.o(.text)
    DMA1_Stream2_IRQHandler                  0x0800035f   Thumb Code     0  startup_stm32f401xe.o(.text)
    DMA1_Stream3_IRQHandler                  0x0800035f   Thumb Code     0  startup_stm32f401xe.o(.text)
    DMA1_Stream4_IRQHandler                  0x0800035f   Thumb Code     0  startup_stm32f401xe.o(.text)
    DMA1_Stream5_IRQHandler                  0x0800035f   Thumb Code     0  startup_stm32f401xe.o(.text)
    DMA1_Stream6_IRQHandler                  0x0800035f   Thumb Code     0  startup_stm32f401xe.o(.text)
    DMA1_Stream7_IRQHandler                  0x0800035f   Thumb Code     0  startup_stm32f401xe.o(.text)
    DMA2_Stream0_IRQHandler                  0x0800035f   Thumb Code     0  startup_stm32f401xe.o(.text)
    DMA2_Stream1_IRQHandler                  0x0800035f   Thumb Code     0  startup_stm32f401xe.o(.text)
    DMA2_Stream2_IRQHandler                  0x0800035f   Thumb Code     0  startup_stm32f401xe.o(.text)
    DMA2_Stream3_IRQHandler                  0x0800035f   Thumb Code     0  startup_stm32f401xe.o(.text)
    DMA2_Stream4_IRQHandler                  0x0800035f   Thumb Code     0  startup_stm32f401xe.o(.text)
    DMA2_Stream5_IRQHandler                  0x0800035f   Thumb Code     0  startup_stm32f401xe.o(.text)
    DMA2_Stream6_IRQHandler                  0x0800035f   Thumb Code     0  startup_stm32f401xe.o(.text)
    DMA2_Stream7_IRQHandler                  0x0800035f   Thumb Code     0  startup_stm32f401xe.o(.text)
    EXTI0_IRQHandler                         0x0800035f   Thumb Code     0  startup_stm32f401xe.o(.text)
    EXTI15_10_IRQHandler                     0x0800035f   Thumb Code     0  startup_stm32f401xe.o(.text)
    EXTI1_IRQHandler                         0x0800035f   Thumb Code     0  startup_stm32f401xe.o(.text)
    EXTI2_IRQHandler                         0x0800035f   Thumb Code     0  startup_stm32f401xe.o(.text)
    EXTI3_IRQHandler                         0x0800035f   Thumb Code     0  startup_stm32f401xe.o(.text)
    EXTI4_IRQHandler                         0x0800035f   Thumb Code     0  startup_stm32f401xe.o(.text)
    EXTI9_5_IRQHandler                       0x0800035f   Thumb Code     0  startup_stm32f401xe.o(.text)
    FLASH_IRQHandler                         0x0800035f   Thumb Code     0  startup_stm32f401xe.o(.text)
    FPU_IRQHandler                           0x0800035f   Thumb Code     0  startup_stm32f401xe.o(.text)
    I2C1_ER_IRQHandler                       0x0800035f   Thumb Code     0  startup_stm32f401xe.o(.text)
    I2C1_EV_IRQHandler                       0x0800035f   Thumb Code     0  startup_stm32f401xe.o(.text)
    I2C2_ER_IRQHandler                       0x0800035f   Thumb Code     0  startup_stm32f401xe.o(.text)
    I2C2_EV_IRQHandler                       0x0800035f   Thumb Code     0  startup_stm32f401xe.o(.text)
    I2C3_ER_IRQHandler                       0x0800035f   Thumb Code     0  startup_stm32f401xe.o(.text)
    I2C3_EV_IRQHandler                       0x0800035f   Thumb Code     0  startup_stm32f401xe.o(.text)
    OTG_FS_IRQHandler                        0x0800035f   Thumb Code     0  startup_stm32f401xe.o(.text)
    OTG_FS_WKUP_IRQHandler                   0x0800035f   Thumb Code     0  startup_stm32f401xe.o(.text)
    PVD_IRQHandler                           0x0800035f   Thumb Code     0  startup_stm32f401xe.o(.text)
    RCC_IRQHandler                           0x0800035f   Thumb Code     0  startup_stm32f401xe.o(.text)
    RTC_Alarm_IRQHandler                     0x0800035f   Thumb Code     0  startup_stm32f401xe.o(.text)
    RTC_WKUP_IRQHandler                      0x0800035f   Thumb Code     0  startup_stm32f401xe.o(.text)
    SDIO_IRQHandler                          0x0800035f   Thumb Code     0  startup_stm32f401xe.o(.text)
    SPI1_IRQHandler                          0x0800035f   Thumb Code     0  startup_stm32f401xe.o(.text)
    SPI2_IRQHandler                          0x0800035f   Thumb Code     0  startup_stm32f401xe.o(.text)
    SPI3_IRQHandler                          0x0800035f   Thumb Code     0  startup_stm32f401xe.o(.text)
    SPI4_IRQHandler                          0x0800035f   Thumb Code     0  startup_stm32f401xe.o(.text)
    TAMP_STAMP_IRQHandler                    0x0800035f   Thumb Code     0  startup_stm32f401xe.o(.text)
    TIM1_BRK_TIM9_IRQHandler                 0x0800035f   Thumb Code     0  startup_stm32f401xe.o(.text)
    TIM1_CC_IRQHandler                       0x0800035f   Thumb Code     0  startup_stm32f401xe.o(.text)
    TIM1_TRG_COM_TIM11_IRQHandler            0x0800035f   Thumb Code     0  startup_stm32f401xe.o(.text)
    TIM1_UP_TIM10_IRQHandler                 0x0800035f   Thumb Code     0  startup_stm32f401xe.o(.text)
    TIM2_IRQHandler                          0x0800035f   Thumb Code     0  startup_stm32f401xe.o(.text)
    TIM3_IRQHandler                          0x0800035f   Thumb Code     0  startup_stm32f401xe.o(.text)
    TIM4_IRQHandler                          0x0800035f   Thumb Code     0  startup_stm32f401xe.o(.text)
    TIM5_IRQHandler                          0x0800035f   Thumb Code     0  startup_stm32f401xe.o(.text)
    USART1_IRQHandler                        0x0800035f   Thumb Code     0  startup_stm32f401xe.o(.text)
    USART2_IRQHandler                        0x0800035f   Thumb Code     0  startup_stm32f401xe.o(.text)
    USART6_IRQHandler                        0x0800035f   Thumb Code     0  startup_stm32f401xe.o(.text)
    WWDG_IRQHandler                          0x0800035f   Thumb Code     0  startup_stm32f401xe.o(.text)
    fgetc                                    0x08000369   Thumb Code    34  fgetc_pf.o(.text)
    _initio                                  0x0800038d   Thumb Code    32  initio_ioe.o(.text)
    __aeabi_memcpy                           0x080003bd   Thumb Code    36  memcpya.o(.text)
    __aeabi_memcpy4                          0x080003bd   Thumb Code     0  memcpya.o(.text)
    __aeabi_memcpy8                          0x080003bd   Thumb Code     0  memcpya.o(.text)
    strlen                                   0x080003e1   Thumb Code    14  strlen.o(.text)
    strcmp                                   0x080003ef   Thumb Code    28  strcmp.o(.text)
    strncmp                                  0x0800040b   Thumb Code    30  strncmp.o(.text)
    __0sscanf                                0x08000429   Thumb Code    48  __0sscanf.o(.text)
    _scanf_int                               0x08000461   Thumb Code   332  _scanf_int.o(.text)
    __cpp_initialize__aeabi_                 0x080005ad   Thumb Code    22  cpp_init.o(.text)
    __aeabi_dadd                             0x080005cd   Thumb Code   322  dadd.o(.text)
    __aeabi_dsub                             0x0800070f   Thumb Code     6  dadd.o(.text)
    __aeabi_drsub                            0x08000715   Thumb Code     6  dadd.o(.text)
    __aeabi_f2d                              0x0800071b   Thumb Code    38  f2d.o(.text)
    __aeabi_d2f                              0x08000741   Thumb Code    56  d2f.o(.text)
    fputc                                    0x08000779   Thumb Code    40  fputc_fp.o(.text)
    __aeabi_uidiv                            0x080007a1   Thumb Code     0  uidiv.o(.text)
    __aeabi_uidivmod                         0x080007a1   Thumb Code    44  uidiv.o(.text)
    __aeabi_uldivmod                         0x080007cd   Thumb Code    98  uldiv.o(.text)
    __aeabi_llsl                             0x0800082f   Thumb Code    30  llshl.o(.text)
    _ll_shift_l                              0x0800082f   Thumb Code     0  llshl.o(.text)
    __aeabi_lasr                             0x0800084d   Thumb Code    36  llsshr.o(.text)
    _ll_sshift_r                             0x0800084d   Thumb Code     0  llsshr.o(.text)
    _chval                                   0x08000871   Thumb Code    28  _chval.o(.text)
    __vfscanf_char                           0x08000899   Thumb Code    20  scanf_char.o(.text)
    _sgetc                                   0x080008b5   Thumb Code    30  _sgetc.o(.text)
    _sbackspace                              0x080008d3   Thumb Code    34  _sgetc.o(.text)
    __I$use$fp                               0x080008f5   Thumb Code     0  iusefp.o(.text)
    _float_round                             0x080008f5   Thumb Code    18  fepilogue.o(.text)
    _float_epilogue                          0x08000907   Thumb Code    92  fepilogue.o(.text)
    _double_round                            0x08000963   Thumb Code    30  depilogue.o(.text)
    _double_epilogue                         0x08000981   Thumb Code   156  depilogue.o(.text)
    __aeabi_dmul                             0x08000a1d   Thumb Code   228  dmul.o(.text)
    __aeabi_ddiv                             0x08000b01   Thumb Code   222  ddiv.o(.text)
    __aeabi_d2ulz                            0x08000bdf   Thumb Code    48  dfixul.o(.text)
    __aeabi_cdrcmple                         0x08000c11   Thumb Code    48  cdrcmple.o(.text)
    __scatterload                            0x08000c41   Thumb Code    28  init.o(.text)
    __scatterload_rt2                        0x08000c41   Thumb Code     0  init.o(.text)
    __aeabi_llsr                             0x08000c65   Thumb Code    32  llushr.o(.text)
    _ll_ushift_r                             0x08000c65   Thumb Code     0  llushr.o(.text)
    isspace                                  0x08000c85   Thumb Code    10  isspace_c.o(.text)
    __vfscanf                                0x08000c91   Thumb Code   808  _scanf.o(.text)
    __ctype_lookup                           0x08000fbd   Thumb Code    34  ctype_c.o(.text)
    __decompress                             0x08000fe5   Thumb Code     0  __dczerorl2.o(.text)
    __decompress1                            0x08000fe5   Thumb Code    86  __dczerorl2.o(.text)
    SVC_Count                                0x0800103c   Data           4  svc_table.o(SVC_TABLE)
    SVC_Table                                0x08001040   Data           0  svc_table.o(SVC_TABLE)
    main                                     0x08001041   Thumb Code    18  retarget.o(i.$Sub$$main)
    HAL_GPIO_Init                            0x08001055   Thumb Code   494  stm32f4xx_hal_gpio.o(i.HAL_GPIO_Init)
    HAL_GetTick                              0x08001259   Thumb Code     6  stm32f4xx_hal.o(i.HAL_GetTick)
    HAL_I2C_Init                             0x08001265   Thumb Code   248  stm32f4xx_hal_i2c.o(i.HAL_I2C_Init)
    HAL_I2C_MspInit                          0x08001365   Thumb Code     2  stm32f4xx_hal_i2c.o(i.HAL_I2C_MspInit)
    HAL_IncTick                              0x08001369   Thumb Code    10  stm32f4xx_hal.o(i.HAL_IncTick)
    HAL_Init                                 0x08001379   Thumb Code    48  stm32f4xx_hal.o(i.HAL_Init)
    HAL_InitTick                             0x080013ad   Thumb Code   144  hal_tick.o(i.HAL_InitTick)
    HAL_MspInit                              0x08001461   Thumb Code     2  stm32f4xx_hal_msp_template.o(i.HAL_MspInit)
    HAL_NVIC_SetPriorityGrouping             0x08001465   Thumb Code    30  stm32f4xx_hal_cortex.o(i.HAL_NVIC_SetPriorityGrouping)
    HAL_RCC_ClockConfig                      0x08001489   Thumb Code   546  stm32f4xx_hal_rcc.o(i.HAL_RCC_ClockConfig)
    HAL_RCC_GetPCLK1Freq                     0x080016b9   Thumb Code    64  stm32f4xx_hal_rcc.o(i.HAL_RCC_GetPCLK1Freq)
    HAL_RCC_GetPCLK2Freq                     0x08001705   Thumb Code    64  stm32f4xx_hal_rcc.o(i.HAL_RCC_GetPCLK2Freq)
    HAL_RCC_GetSysClockFreq                  0x08001751   Thumb Code   132  stm32f4xx_hal_rcc.o(i.HAL_RCC_GetSysClockFreq)
    HAL_RCC_OscConfig                        0x080017e5   Thumb Code   912  stm32f4xx_hal_rcc.o(i.HAL_RCC_OscConfig)
    HAL_TIM_OC_Init                          0x08001b9d   Thumb Code    54  stm32f4xx_hal_tim.o(i.HAL_TIM_OC_Init)
    HAL_TIM_OC_MspInit                       0x08001bd3   Thumb Code     2  stm32f4xx_hal_tim.o(i.HAL_TIM_OC_MspInit)
    HAL_TIM_OC_Start                         0x08001bd5   Thumb Code    54  stm32f4xx_hal_tim.o(i.HAL_TIM_OC_Start)
    HAL_UART_Init                            0x08001c0b   Thumb Code    94  stm32f4xx_hal_uart.o(i.HAL_UART_Init)
    HAL_UART_MspInit                         0x08001c69   Thumb Code     2  stm32f4xx_hal_uart.o(i.HAL_UART_MspInit)
    NVIC_SetVector                           0x08001c6d   Thumb Code    48  cmsis_nvic.o(i.NVIC_SetVector)
    SetSysClock_PLL_HSE                      0x08001ca1   Thumb Code   132  system_stm32f4xx.o(i.SetSysClock_PLL_HSE)
    Set_GPIO_Clock                           0x08001d2d   Thumb Code   142  pinmap.o(i.Set_GPIO_Clock)
    SystemCoreClockUpdate                    0x08001dfd   Thumb Code   112  system_stm32f4xx.o(i.SystemCoreClockUpdate)
    SystemInit                               0x08001e81   Thumb Code   226  system_stm32f4xx.o(i.SystemInit)
    TIM_Base_SetConfig                       0x08001f91   Thumb Code   132  stm32f4xx_hal_tim.o(i.TIM_Base_SetConfig)
    hts221_init()                            0x0800223d   Thumb Code    54  hts221.o(i._Z11hts221_initv)
    HTS221_Calib()                           0x0800227d   Thumb Code   358  hts221.o(i._Z12HTS221_Calibv)
    HTS221_ReadTempHumi(float*, float*)      0x08002415   Thumb Code   288  hts221.o(i._Z19HTS221_ReadTempHumiPfS_)
    hts221_register_read(char, char*, unsigned char) 0x08002565   Thumb Code    44  hts221.o(i._Z20hts221_register_readcPch)
    linear_interpolation(short, float, short, float, float) 0x08002595   Thumb Code    64  hts221.o(i._Z20linear_interpolationsfsff)
    hts221_register_write(unsigned char, unsigned char) 0x080025d5   Thumb Code    32  hts221.o(i._Z21hts221_register_writehh)
    hts221_verify_product_id()               0x080025f9   Thumb Code    28  hts221.o(i._Z24hts221_verify_product_idv)
    mbed::DigitalOut::operator =(int)        0x08002615   Thumb Code    66  main.o(i._ZN4mbed10DigitalOutaSEi)
    mbed::I2C::read(int, char*, int, bool)   0x08002675   Thumb Code    68  I2C.o(i._ZN4mbed3I2C4readEiPcib)
    mbed::I2C::write(int, const char*, int, bool) 0x080026bd   Thumb Code    68  I2C.o(i._ZN4mbed3I2C5writeEiPKcib)
    mbed::I2C::frequency(int)                0x08002705   Thumb Code    16  I2C.o(i._ZN4mbed3I2C9frequencyEi)
    mbed::I2C::I2C(PinName, PinName)         0x08002719   Thumb Code    28  I2C.o(i._ZN4mbed3I2CC1E7PinNameS1_)
    mbed::I2C::I2C__sub_object(PinName, PinName) 0x08002719   Thumb Code     0  I2C.o(i._ZN4mbed3I2CC1E7PinNameS1_)
    mbed::FileBase::getPathType()            0x0800273d   Thumb Code     4  FileBase.o(i._ZN4mbed8FileBase11getPathTypeEv)
    mbed::FileBase::lookup(const char*, unsigned) 0x08002741   Thumb Code    50  FileBase.o(i._ZN4mbed8FileBase6lookupEPKcj)
    mbed::FilePath::fileSystem()             0x08002779   Thumb Code    24  FilePath.o(i._ZN4mbed8FilePath10fileSystemEv)
    mbed::FilePath::file()                   0x08002791   Thumb Code    28  FilePath.o(i._ZN4mbed8FilePath4fileEv)
    mbed::FilePath::exists()                 0x080027ad   Thumb Code    10  FilePath.o(i._ZN4mbed8FilePath6existsEv)
    mbed::FilePath::isFile()                 0x080027b7   Thumb Code    24  FilePath.o(i._ZN4mbed8FilePath6isFileEv)
    mbed::FilePath::fileName()               0x080027cf   Thumb Code     4  FilePath.o(i._ZN4mbed8FilePath8fileNameEv)
    mbed::FilePath::FilePath(const char*)    0x080027d3   Thumb Code    64  FilePath.o(i._ZN4mbed8FilePathC1EPKc)
    mbed::FilePath::FilePath__sub_object(const char*) 0x080027d3   Thumb Code     0  FilePath.o(i._ZN4mbed8FilePathC1EPKc)
    rtos::Thread::wait(unsigned)             0x08002813   Thumb Code    12  thread.o(i._ZN4rtos6Thread4waitEj)
    LPS25H::temperature()                    0x08002821   Thumb Code    72  lps25h.o(i._ZN6LPS25H11temperatureEv)
    LPS25H::get()                            0x08002875   Thumb Code   128  lps25h.o(i._ZN6LPS25H3getEv)
    LPS25H::init()                           0x080028f5   Thumb Code   242  lps25h.o(i._ZN6LPS25H4initEv)
    LPS25H::pressure()                       0x080029ed   Thumb Code    18  lps25h.o(i._ZN6LPS25H8pressureEv)
    LPS25H::LPS25H(mbed::I2C&, unsigned char) 0x08002a05   Thumb Code    32  lps25h.o(i._ZN6LPS25HC1ERN4mbed3I2CEh)
    LPS25H::LPS25H__sub_object(mbed::I2C&, unsigned char) 0x08002a05   Thumb Code     0  lps25h.o(i._ZN6LPS25HC1ERN4mbed3I2CEh)
    __0printf                                0x08002a25   Thumb Code    22  printfa.o(i.__0printf)
    __1printf                                0x08002a25   Thumb Code     0  printfa.o(i.__0printf)
    __2printf                                0x08002a25   Thumb Code     0  printfa.o(i.__0printf)
    __c89printf                              0x08002a25   Thumb Code     0  printfa.o(i.__0printf)
    printf                                   0x08002a25   Thumb Code     0  printfa.o(i.__0printf)
    __0vfprintf                              0x08002a45   Thumb Code    20  printfa.o(i.__0vfprintf)
    __1vfprintf                              0x08002a45   Thumb Code     0  printfa.o(i.__0vfprintf)
    __2vfprintf                              0x08002a45   Thumb Code     0  printfa.o(i.__0vfprintf)
    __c89vfprintf                            0x08002a45   Thumb Code     0  printfa.o(i.__0vfprintf)
    vfprintf                                 0x08002a45   Thumb Code     0  printfa.o(i.__0vfprintf)
    __scatterload_copy                       0x08002a69   Thumb Code    14  handlers.o(i.__scatterload_copy)
    __scatterload_null                       0x08002a77   Thumb Code     2  handlers.o(i.__scatterload_null)
    __scatterload_zeroinit                   0x08002a79   Thumb Code    14  handlers.o(i.__scatterload_zeroinit)
    fflush                                   0x08002ad9   Thumb Code    24  fflush_f.o(i._fflush$full)
    _sys_open                                0x080033a5   Thumb Code   212  retarget.o(i._sys_open)
    _sys_read                                0x08003489   Thumb Code    70  retarget.o(i._sys_read)
    _sys_seek                                0x080034dd   Thumb Code    36  retarget.o(i._sys_seek)
    _sys_write                               0x08003505   Thumb Code    82  retarget.o(i._sys_write)
    error                                    0x08003565   Thumb Code    20  error.o(i.error)
    exit                                     0x0800357d   Thumb Code    24  retarget.o(i.exit)
    getc                                     0x0800359d   Thumb Code     4  getc.o(i.getc)
    gpio_dir                                 0x080035a1   Thumb Code    54  gpio_api.o(i.gpio_dir)
    gpio_init                                0x080035f5   Thumb Code    58  gpio_api.o(i.gpio_init)
    gpio_init_out                            0x08003631   Thumb Code    68  gpio.o(i.gpio_init_out)
    gpio_init_out_ex                         0x0800367d   Thumb Code    80  gpio.o(i.gpio_init_out_ex)
    gpio_mode                                0x080036e9   Thumb Code     8  gpio_api.o(i.gpio_mode)
    i2c_frequency                            0x080036f1   Thumb Code    98  i2c_api.o(i.i2c_frequency)
    i2c_init                                 0x0800377d   Thumb Code   430  i2c_api.o(i.i2c_init)
    i2c_read                                 0x08003971   Thumb Code   326  i2c_api.o(i.i2c_read)
    i2c_write                                0x08003abd   Thumb Code   302  i2c_api.o(i.i2c_write)
    isr_mbx_receive                          0x08003c23   Thumb Code    94  rt_mailbox.o(i.isr_mbx_receive)
    isr_mbx_send                             0x08003c81   Thumb Code    22  rt_mailbox.o(i.isr_mbx_send)
    $Super$$main                             0x08003c99   Thumb Code   208  main.o(i.main)
    mbed_assert_internal                     0x08003ddd   Thumb Code    12  assert.o(i.mbed_assert_internal)
    mbed_die                                 0x08003e1d   Thumb Code    80  board.o(i.mbed_die)
    mbed_main                                0x08003e89   Thumb Code     2  retarget.o(i.mbed_main)
    mbed_sdk_init                            0x08003e8b   Thumb Code    14  mbed_overrides.o(i.mbed_sdk_init)
    osDelay                                  0x08003e99   Thumb Code    28  rt_cmsis.o(i.osDelay)
    osKernelInitialize                       0x08003eb9   Thumb Code    40  rt_cmsis.o(i.osKernelInitialize)
    osKernelStart                            0x08003ee5   Thumb Code   198  rt_cmsis.o(i.osKernelStart)
    osMessageGet                             0x08003fb5   Thumb Code   118  rt_cmsis.o(i.osMessageGet)
    osThreadCreate                           0x08004031   Thumb Code    58  rt_cmsis.o(i.osThreadCreate)
    osThreadExit                             0x08004075   Thumb Code    22  rt_cmsis.o(i.osThreadExit)
    osTimerCall                              0x08004095   Thumb Code    26  rt_cmsis.o(i.osTimerCall)
    osTimerThread                            0x080040b5   Thumb Code    50  rt_cmsis.o(i.osTimerThread)
    os_error                                 0x080040ed   Thumb Code    10  rtx_conf_cm.o(i.os_error)
    os_idle_demon                            0x080040f7   Thumb Code     4  rtx_conf_cm.o(i.os_idle_demon)
    os_tick_init                             0x080040fd   Thumb Code    38  rt_system.o(i.os_tick_init)
    os_tick_irqack                           0x0800412d   Thumb Code     2  rt_system.o(i.os_tick_irqack)
    pin_function                             0x08004131   Thumb Code    80  pinmap.o(i.pin_function)
    pin_mode                                 0x0800419d   Thumb Code    64  pinmap.o(i.pin_mode)
    pinmap_merge                             0x080041f5   Thumb Code    38  pinmap_common.o(i.pinmap_merge)
    pinmap_peripheral                        0x08004231   Thumb Code    62  pinmap_common.o(i.pinmap_peripheral)
    pinmap_pinout                            0x08004291   Thumb Code    72  pinmap_common.o(i.pinmap_pinout)
    rt_alloc_box                             0x080042ed   Thumb Code    30  rt_membox.o(i.rt_alloc_box)
    rt_block                                 0x0800430d   Thumb Code    48  rt_task.o(i.rt_block)
    rt_chk_robin                             0x08004345   Thumb Code    76  rt_robin.o(i.rt_chk_robin)
    rt_dec_dly                               0x0800439d   Thumb Code   130  rt_list.o(i.rt_dec_dly)
    rt_dispatch                              0x0800442d   Thumb Code    72  rt_task.o(i.rt_dispatch)
    rt_dly_wait                              0x0800447d   Thumb Code    14  rt_time.o(i.rt_dly_wait)
    rt_evt_psh                               0x0800448d   Thumb Code    88  rt_event.o(i.rt_evt_psh)
    rt_free_box                              0x080044e9   Thumb Code    36  rt_membox.o(i.rt_free_box)
    rt_get_TID                               0x0800450d   Thumb Code    32  rt_task.o(i.rt_get_TID)
    rt_get_first                             0x08004535   Thumb Code    50  rt_list.o(i.rt_get_first)
    rt_init_context                          0x08004577   Thumb Code    50  rt_task.o(i.rt_init_context)
    rt_init_robin                            0x080045a9   Thumb Code    14  rt_robin.o(i.rt_init_robin)
    rt_init_stack                            0x080045c1   Thumb Code    70  hal_cm.o(i.rt_init_stack)
    rt_mbx_check                             0x0800460d   Thumb Code    12  rt_mailbox.o(i.rt_mbx_check)
    rt_mbx_init                              0x08004619   Thumb Code    34  rt_mailbox.o(i.rt_mbx_init)
    rt_mbx_psh                               0x0800463d   Thumb Code   282  rt_mailbox.o(i.rt_mbx_psh)
    rt_mbx_wait                              0x0800475d   Thumb Code   210  rt_mailbox.o(i.rt_mbx_wait)
    rt_pop_req                               0x08004879   Thumb Code   154  rt_system.o(i.rt_pop_req)
    rt_psh_req                               0x08004921   Thumb Code    24  rt_system.o(i.rt_psh_req)
    rt_psq_enq                               0x08004945   Thumb Code   120  rt_list.o(i.rt_psq_enq)
    rt_put_dly                               0x080049c1   Thumb Code    88  rt_list.o(i.rt_put_dly)
    rt_put_prio                              0x08004a1d   Thumb Code    64  rt_list.o(i.rt_put_prio)
    rt_put_rdy_first                         0x08004a5d   Thumb Code    16  rt_list.o(i.rt_put_rdy_first)
    rt_resort_prio                           0x08004a71   Thumb Code    48  rt_list.o(i.rt_resort_prio)
    rt_ret_val                               0x08004ab9   Thumb Code    18  hal_cm.o(i.rt_ret_val)
    rt_ret_val2                              0x08004acb   Thumb Code    26  hal_cm.o(i.rt_ret_val2)
    rt_rmv_dly                               0x08004ae5   Thumb Code    40  rt_list.o(i.rt_rmv_dly)
    rt_rmv_list                              0x08004b0d   Thumb Code    48  rt_list.o(i.rt_rmv_list)
    rt_sem_psh                               0x08004b41   Thumb Code    52  rt_semaphore.o(i.rt_sem_psh)
    rt_stk_check                             0x08004b79   Thumb Code    50  rt_system.o(i.rt_stk_check)
    rt_switch_req                            0x08004bb5   Thumb Code    10  rt_task.o(i.rt_switch_req)
    rt_sys_init                              0x08004bc5   Thumb Code   182  rt_task.o(i.rt_sys_init)
    rt_sys_start                             0x08004cad   Thumb Code    62  rt_task.o(i.rt_sys_start)
    rt_systick                               0x08004cf1   Thumb Code    56  rt_system.o(i.rt_systick)
    rt_tsk_delete                            0x08004d95   Thumb Code   132  rt_task.o(i.rt_tsk_delete)
    rt_tsk_prio                              0x08004e25   Thumb Code   126  rt_task.o(i.rt_tsk_prio)
    rt_tsk_self                              0x08004eb5   Thumb Code    18  rt_task.o(i.rt_tsk_self)
    serial_getc                              0x08004ecd   Thumb Code    26  serial_api.o(i.serial_getc)
    serial_init                              0x08004eed   Thumb Code   324  serial_api.o(i.serial_init)
    serial_putc                              0x0800508d   Thumb Code    30  serial_api.o(i.serial_putc)
    set_main_stack                           0x080050b1   Thumb Code    14  rtx_conf_cm.o(i.set_main_stack)
    svcDelay                                 0x080050cd   Thumb Code    28  rt_cmsis.o(i.svcDelay)
    svcKernelInitialize                      0x080050e9   Thumb Code    40  rt_cmsis.o(i.svcKernelInitialize)
    svcKernelStart                           0x08005119   Thumb Code    80  rt_cmsis.o(i.svcKernelStart)
    svcMessageCreate                         0x08005181   Thumb Code    60  rt_cmsis.o(i.svcMessageCreate)
    svcMessageGet                            0x080051bd   Thumb Code    86  rt_cmsis.o(i.svcMessageGet)
    svcThreadCreate                          0x08005215   Thumb Code   126  rt_cmsis.o(i.svcThreadCreate)
    svcThreadGetId                           0x0800529d   Thumb Code    24  rt_cmsis.o(i.svcThreadGetId)
    svcThreadTerminate                       0x080052b9   Thumb Code    38  rt_cmsis.o(i.svcThreadTerminate)
    svcTimerCall                             0x080052df   Thumb Code    42  rt_cmsis.o(i.svcTimerCall)
    sysThreadError                           0x08005309   Thumb Code    12  rtx_conf_cm.o(i.sysThreadError)
    sysTimerTick                             0x08005315   Thumb Code    70  rt_cmsis.o(i.sysTimerTick)
    ticker_irq_handler                       0x08005365   Thumb Code    78  ticker_api.o(i.ticker_irq_handler)
    timer_irq_handler                        0x080053b5   Thumb Code    76  hal_tick.o(i.timer_irq_handler)
    us_ticker_clear_interrupt                0x08005409   Thumb Code    12  us_ticker.o(i.us_ticker_clear_interrupt)
    us_ticker_disable_interrupt              0x08005419   Thumb Code    14  us_ticker.o(i.us_ticker_disable_interrupt)
    us_ticker_init                           0x0800542d   Thumb Code    26  us_ticker.o(i.us_ticker_init)
    us_ticker_irq_handler                    0x08005455   Thumb Code     6  us_ticker_api.o(i.us_ticker_irq_handler)
    us_ticker_read                           0x08005461   Thumb Code    30  us_ticker.o(i.us_ticker_read)
    us_ticker_set_interrupt                  0x08005491   Thumb Code    16  us_ticker.o(i.us_ticker_set_interrupt)
    wait_ms                                  0x080054a5   Thumb Code    28  wait_api.o(i.wait_ms)
    os_maxtaskrun                            0x080054c0   Data           2  rtx_conf_cm.o(.constdata)
    os_rrobin                                0x080054c4   Data           4  rtx_conf_cm.o(.constdata)
    os_trv                                   0x080054c8   Data           4  rtx_conf_cm.o(.constdata)
    os_flags                                 0x080054cc   Data           1  rtx_conf_cm.o(.constdata)
    os_clockrate                             0x080054d0   Data           4  rtx_conf_cm.o(.constdata)
    os_timernum                              0x080054d4   Data           4  rtx_conf_cm.o(.constdata)
    idle_task_stack_size                     0x080054d8   Data           2  rtx_conf_cm.o(.constdata)
    os_fifo_size                             0x080054da   Data           1  rtx_conf_cm.o(.constdata)
    APBAHBPrescTable                         0x080054db   Data          16  stm32f4xx_hal_rcc.o(.constdata)
    AHBPrescTable                            0x080054eb   Data          16  system_stm32f4xx.o(.constdata)
    PinMap_I2C_SDA                           0x08005518   Data          72  PeripheralPins.o(.constdata)
    PinMap_I2C_SCL                           0x08005560   Data          60  PeripheralPins.o(.constdata)
    PinMap_UART_TX                           0x0800559c   Data          72  PeripheralPins.o(.constdata)
    PinMap_UART_RX                           0x080055e4   Data          72  PeripheralPins.o(.constdata)
    __ctype_categories                       0x08005660   Data          64  ctype_c.o(.constdata)
    Region$$Table$$Base                      0x08005934   Number         0  anon$$obj.o(Region$$Table)
    Region$$Table$$Limit                     0x08005954   Number         0  anon$$obj.o(Region$$Table)
    SHT$$INIT_ARRAY$$Base                    0x08005954   Number         0  main.o(.init_array)
    SHT$$INIT_ARRAY$$Limit                   0x0800595c   Number         0  cpp_init.o(.init_array)
    tempCelsius                              0x20000194   Data           4  main.o(.data)
    humi                                     0x20000198   Data           4  main.o(.data)
    humiMax                                  0x2000019c   Data           4  main.o(.data)
    cmd                                      0x200001a0   Data           1  main.o(.data)
    seconds                                  0x200001a4   Data           4  main.o(.data)
    minutes                                  0x200001a8   Data           4  main.o(.data)
    hours                                    0x200001ac   Data           4  main.o(.data)
    os_thread_def_osTimerThread              0x200001b0   Data          68  rtx_conf_cm.o(.data)
    osThreadId_osTimerThread                 0x200001f4   Data           4  rtx_conf_cm.o(.data)
    os_messageQ_def_osTimerMessageQ          0x200001f8   Data           8  rtx_conf_cm.o(.data)
    osMessageQId_osTimerMessageQ             0x20000200   Data           4  rtx_conf_cm.o(.data)
    os_thread_def_main                       0x20000204   Data          68  rtx_conf_cm.o(.data)
    os_initialized                           0x20000248   Data           1  rt_cmsis.o(.data)
    os_running                               0x20000249   Data           1  rt_cmsis.o(.data)
    os_timer_head                            0x2000024c   Data           4  rt_cmsis.o(.data)
    os_robin                                 0x20000250   Data           8  rt_robin.o(.data)
    os_tick_irqn                             0x20000258   Data           4  rt_system.o(.data)
    os_tsk                                   0x20000260   Data           8  rt_task.o(.data)
    os_time                                  0x20000268   Data           4  rt_time.o(.data)
    H0_rH_x2                                 0x2000026c   Data           1  hts221.o(.data)
    H1_rH_x2                                 0x2000026d   Data           1  hts221.o(.data)
    T0_degC_x8                               0x2000026e   Data           2  hts221.o(.data)
    T1_degC_x8                               0x20000270   Data           2  hts221.o(.data)
    H0_T0_OUT                                0x20000272   Data           2  hts221.o(.data)
    H1_T0_OUT                                0x20000274   Data           2  hts221.o(.data)
    T0_OUT                                   0x20000276   Data           2  hts221.o(.data)
    T1_OUT                                   0x20000278   Data           2  hts221.o(.data)
    T0_DegC_cal                              0x2000027c   Data           4  hts221.o(.data)
    T1_DegC_cal                              0x20000280   Data           4  hts221.o(.data)
    H0_RH_cal                                0x20000284   Data           4  hts221.o(.data)
    H1_RH_cal                                0x20000288   Data           4  hts221.o(.data)
    PreviousVal                              0x2000028c   Data           4  hal_tick.o(.data)
    SystemCoreClock                          0x20000298   Data           4  system_stm32f4xx.o(.data)
    stdio_uart_inited                        0x2000029c   Data           4  serial_api.o(.data)
    mbed::I2C::_owner                        0x200002a4   Data           4  I2C.o(.data)
    i2c1_inited                              0x200002b0   Data           4  i2c_api.o(.data)
    i2c2_inited                              0x200002b4   Data           4  i2c_api.o(.data)
    i2c3_inited                              0x200002b8   Data           4  i2c_api.o(.data)
    mbed::FileBase::_head                    0x200002c0   Data           4  FileBase.o(.data)
    myled                                    0x200002c4   Data          16  main.o(.bss)
    i2c2                                     0x200002d4   Data          12  main.o(.bss)
    barometer                                0x200002e0   Data          32  main.o(.bss)
    idle_task_stack                          0x20000300   Data         512  rtx_conf_cm.o(.bss)
    os_fifo                                  0x20000500   Data         132  rtx_conf_cm.o(.bss)
    os_active_TCB                            0x20000584   Data          60  rtx_conf_cm.o(.bss)
    os_thread_def_stack_osTimerThread        0x200005c0   Data         512  rtx_conf_cm.o(.bss)
    os_messageQ_q_osTimerMessageQ            0x200007c0   Data          32  rtx_conf_cm.o(.bss)
    os_rdy                                   0x200007e0   Data          24  rt_list.o(.bss)
    os_dly                                   0x200007f8   Data          24  rt_list.o(.bss)
    os_idle_TCB                              0x20000810   Data          52  rt_task.o(.bss)
    i2c                                      0x20000844   Data          12  hts221.o(.bss)
    TimMasterHandle                          0x20000850   Data          60  hal_tick.o(.bss)
    UartHandle                               0x200008ec   Data          64  serial_api.o(.bss)
    stdio_uart                               0x2000092c   Data          28  serial_api.o(.bss)
    I2cHandle                                0x20000948   Data          60  i2c_api.o(.bss)
    __stdin                                  0x200009c0   Data          20  stdin_f.o(.bss)
    __stdout                                 0x200009d4   Data          20  stdout_f.o(.bss)
    __stderr                                 0x200009e8   Data          20  stderr_f.o(.bss)
    Image$$RW_IRAM1$$ZI$$Limit               0x200009fc   Number         0  anon$$obj.o ABSOLUTE
    __heap_limit                             0x20017c00   Number         0  startup_stm32f401xe.o ABSOLUTE
    __initial_sp                             0x20018000   Number         0  startup_stm32f401xe.o ABSOLUTE



==============================================================================

Memory Map of the image

  Image Entry point : 0x08000195

  Load Region LR_IROM1 (Base: 0x08000000, Size: 0x00005a8c, Max: 0x00080000, ABSOLUTE, COMPRESSED[0x00005984])

    Execution Region ER_IROM1 (Base: 0x08000000, Size: 0x0000595c, Max: 0x00080000, ABSOLUTE)

    Base Addr    Size         Type   Attr      Idx    E Section Name        Object

    0x08000000   0x00000194   Data   RO         2708    RESET               startup_stm32f401xe.o
    0x08000194   0x00000000   Code   RO         5166  * .ARM.Collect$$$$00000000  mc_w.l(entry.o)
    0x08000194   0x00000004   Code   RO         5538    .ARM.Collect$$$$00000001  mc_w.l(entry2.o)
    0x08000198   0x00000004   Code   RO         5541    .ARM.Collect$$$$00000004  mc_w.l(entry5.o)
    0x0800019c   0x00000004   Code   RO         5168    .ARM.Collect$$$$00000006  mc_w.l(entry6b.o)
    0x080001a0   0x00000000   Code   RO         5543    .ARM.Collect$$$$00000008  mc_w.l(entry7b.o)
    0x080001a0   0x00000004   Code   RO         5544    .ARM.Collect$$$$00000009  mc_w.l(entry8a.o)
    0x080001a4   0x00000000   Code   RO         5545    .ARM.Collect$$$$0000000A  mc_w.l(entry8b.o)
    0x080001a4   0x00000000   Code   RO         5546    .ARM.Collect$$$$0000000D  mc_w.l(entry10a.o)
    0x080001a4   0x00000000   Code   RO         5548    .ARM.Collect$$$$0000000F  mc_w.l(entry11a.o)
    0x080001a4   0x0000001c   Code   RO          551    .ARM.Collect$$$$000000FF  rtx_conf_cm.o
    0x080001c0   0x00000004   Code   RO         5539    .ARM.Collect$$$$00002712  mc_w.l(entry2.o)
    0x080001c4   0x00000180   Code   RO         1670    .emb_text           hal_cm4.o
    0x08000344   0x00000024   Code   RO         2709    .text               startup_stm32f401xe.o
    0x08000368   0x00000022   Code   RO         5190    .text               mc_w.l(fgetc_pf.o)
    0x0800038a   0x00000002   PAD
    0x0800038c   0x00000030   Code   RO         5204    .text               mc_w.l(initio_ioe.o)
    0x080003bc   0x00000024   Code   RO         5216    .text               mc_w.l(memcpya.o)
    0x080003e0   0x0000000e   Code   RO         5222    .text               mc_w.l(strlen.o)
    0x080003ee   0x0000001c   Code   RO         5224    .text               mc_w.l(strcmp.o)
    0x0800040a   0x0000001e   Code   RO         5226    .text               mc_w.l(strncmp.o)
    0x08000428   0x00000038   Code   RO         5491    .text               mc_w.l(__0sscanf.o)
    0x08000460   0x0000014c   Code   RO         5493    .text               mc_w.l(_scanf_int.o)
    0x080005ac   0x00000020   Code   RO         5498    .text               mc_w.l(cpp_init.o)
    0x080005cc   0x0000014e   Code   RO         5500    .text               mf_w.l(dadd.o)
    0x0800071a   0x00000026   Code   RO         5502    .text               mf_w.l(f2d.o)
    0x08000740   0x00000038   Code   RO         5504    .text               mf_w.l(d2f.o)
    0x08000778   0x00000028   Code   RO         5555    .text               mc_w.l(fputc_fp.o)
    0x080007a0   0x0000002c   Code   RO         5557    .text               mc_w.l(uidiv.o)
    0x080007cc   0x00000062   Code   RO         5559    .text               mc_w.l(uldiv.o)
    0x0800082e   0x0000001e   Code   RO         5561    .text               mc_w.l(llshl.o)
    0x0800084c   0x00000024   Code   RO         5563    .text               mc_w.l(llsshr.o)
    0x08000870   0x0000001c   Code   RO         5593    .text               mc_w.l(_chval.o)
    0x0800088c   0x00000028   Code   RO         5595    .text               mc_w.l(scanf_char.o)
    0x080008b4   0x00000040   Code   RO         5597    .text               mc_w.l(_sgetc.o)
    0x080008f4   0x00000000   Code   RO         5599    .text               mc_w.l(iusefp.o)
    0x080008f4   0x0000006e   Code   RO         5606    .text               mf_w.l(fepilogue.o)
    0x08000962   0x000000ba   Code   RO         5608    .text               mf_w.l(depilogue.o)
    0x08000a1c   0x000000e4   Code   RO         5610    .text               mf_w.l(dmul.o)
    0x08000b00   0x000000de   Code   RO         5612    .text               mf_w.l(ddiv.o)
    0x08000bde   0x00000030   Code   RO         5614    .text               mf_w.l(dfixul.o)
    0x08000c0e   0x00000002   PAD
    0x08000c10   0x00000030   Code   RO         5616    .text               mf_w.l(cdrcmple.o)
    0x08000c40   0x00000024   Code   RO         5647    .text               mc_w.l(init.o)
    0x08000c64   0x00000020   Code   RO         5649    .text               mc_w.l(llushr.o)
    0x08000c84   0x0000000a   Code   RO         5651    .text               mc_w.l(isspace_c.o)
    0x08000c8e   0x00000002   PAD
    0x08000c90   0x0000032c   Code   RO         5655    .text               mc_w.l(_scanf.o)
    0x08000fbc   0x00000028   Code   RO         5671    .text               mc_w.l(ctype_c.o)
    0x08000fe4   0x00000056   Code   RO         5686    .text               mc_w.l(__dczerorl2.o)
    0x0800103a   0x00000002   PAD
    0x0800103c   0x00000004   Code   RO          504    SVC_TABLE           svc_table.o
    0x08001040   0x00000012   Code   RO         2586    i.$Sub$$main        retarget.o
    0x08001052   0x00000002   PAD
    0x08001054   0x00000204   Code   RO         3104    i.HAL_GPIO_Init     stm32f4xx_hal_gpio.o
    0x08001258   0x0000000c   Code   RO         2727    i.HAL_GetTick       stm32f4xx_hal.o
    0x08001264   0x00000100   Code   RO         3189    i.HAL_I2C_Init      stm32f4xx_hal_i2c.o
    0x08001364   0x00000002   Code   RO         3208    i.HAL_I2C_MspInit   stm32f4xx_hal_i2c.o
    0x08001366   0x00000002   PAD
    0x08001368   0x00000010   Code   RO         2728    i.HAL_IncTick       stm32f4xx_hal.o
    0x08001378   0x00000034   Code   RO         2729    i.HAL_Init          stm32f4xx_hal.o
    0x080013ac   0x000000b4   Code   RO         2566    i.HAL_InitTick      hal_tick.o
    0x08001460   0x00000002   Code   RO         3088    i.HAL_MspInit       stm32f4xx_hal_msp_template.o
    0x08001462   0x00000002   PAD
    0x08001464   0x00000024   Code   RO         2877    i.HAL_NVIC_SetPriorityGrouping  stm32f4xx_hal_cortex.o
    0x08001488   0x00000230   Code   RO         3692    i.HAL_RCC_ClockConfig  stm32f4xx_hal_rcc.o
    0x080016b8   0x0000004c   Code   RO         3699    i.HAL_RCC_GetPCLK1Freq  stm32f4xx_hal_rcc.o
    0x08001704   0x0000004c   Code   RO         3700    i.HAL_RCC_GetPCLK2Freq  stm32f4xx_hal_rcc.o
    0x08001750   0x00000094   Code   RO         3701    i.HAL_RCC_GetSysClockFreq  stm32f4xx_hal_rcc.o
    0x080017e4   0x000003b8   Code   RO         3704    i.HAL_RCC_OscConfig  stm32f4xx_hal_rcc.o
    0x08001b9c   0x00000036   Code   RO         4097    i.HAL_TIM_OC_Init   stm32f4xx_hal_tim.o
    0x08001bd2   0x00000002   Code   RO         4099    i.HAL_TIM_OC_MspInit  stm32f4xx_hal_tim.o
    0x08001bd4   0x00000036   Code   RO         4100    i.HAL_TIM_OC_Start  stm32f4xx_hal_tim.o
    0x08001c0a   0x0000005e   Code   RO         4340    i.HAL_UART_Init     stm32f4xx_hal_uart.o
    0x08001c68   0x00000002   Code   RO         4342    i.HAL_UART_MspInit  stm32f4xx_hal_uart.o
    0x08001c6a   0x00000002   PAD
    0x08001c6c   0x00000034   Code   RO         2557    i.NVIC_SetVector    cmsis_nvic.o
    0x08001ca0   0x0000008c   Code   RO         4641    i.SetSysClock_PLL_HSE  system_stm32f4xx.o
    0x08001d2c   0x000000d0   Code   RO         4946    i.Set_GPIO_Clock    mbed.ar(pinmap.o)
    0x08001dfc   0x00000084   Code   RO         4643    i.SystemCoreClockUpdate  system_stm32f4xx.o
    0x08001e80   0x00000110   Code   RO         4644    i.SystemInit        system_stm32f4xx.o
    0x08001f90   0x00000094   Code   RO         4134    i.TIM_Base_SetConfig  stm32f4xx_hal_tim.o
    0x08002024   0x00000218   Code   RO         4358    i.UART_SetConfig    stm32f4xx_hal_uart.o
    0x0800223c   0x00000040   Code   RO         1913    i._Z11hts221_initv  hts221.o
    0x0800227c   0x00000198   Code   RO         1914    i._Z12HTS221_Calibv  hts221.o
    0x08002414   0x00000150   Code   RO         1915    i._Z19HTS221_ReadTempHumiPfS_  hts221.o
    0x08002564   0x00000030   Code   RO         1916    i._Z20hts221_register_readcPch  hts221.o
    0x08002594   0x00000040   Code   RO         1917    i._Z20linear_interpolationsfsff  hts221.o
    0x080025d4   0x00000024   Code   RO         1918    i._Z21hts221_register_writehh  hts221.o
    0x080025f8   0x0000001c   Code   RO         1919    i._Z24hts221_verify_product_idv  hts221.o
    0x08002614   0x00000060   Code   RO           33    i._ZN4mbed10DigitalOutaSEi  main.o
    0x08002674   0x00000048   Code   RO         4792    i._ZN4mbed3I2C4readEiPcib  mbed.ar(I2C.o)
    0x080026bc   0x00000048   Code   RO         4796    i._ZN4mbed3I2C5writeEiPKcib  mbed.ar(I2C.o)
    0x08002704   0x00000014   Code   RO         4798    i._ZN4mbed3I2C9frequencyEi  mbed.ar(I2C.o)
    0x08002718   0x00000024   Code   RO         4799    i._ZN4mbed3I2CC1E7PinNameS1_  mbed.ar(I2C.o)
    0x0800273c   0x00000004   Code   RO         4978    i._ZN4mbed8FileBase11getPathTypeEv  mbed.ar(FileBase.o)
    0x08002740   0x00000038   Code   RO         4980    i._ZN4mbed8FileBase6lookupEPKcj  mbed.ar(FileBase.o)
    0x08002778   0x00000018   Code   RO         4702    i._ZN4mbed8FilePath10fileSystemEv  mbed.ar(FilePath.o)
    0x08002790   0x0000001c   Code   RO         4704    i._ZN4mbed8FilePath4fileEv  mbed.ar(FilePath.o)
    0x080027ac   0x0000000a   Code   RO         4705    i._ZN4mbed8FilePath6existsEv  mbed.ar(FilePath.o)
    0x080027b6   0x00000018   Code   RO         4706    i._ZN4mbed8FilePath6isFileEv  mbed.ar(FilePath.o)
    0x080027ce   0x00000004   Code   RO         4707    i._ZN4mbed8FilePath8fileNameEv  mbed.ar(FilePath.o)
    0x080027d2   0x00000040   Code   RO         4708    i._ZN4mbed8FilePathC1EPKc  mbed.ar(FilePath.o)
    0x08002812   0x0000000c   Code   RO         1806    i._ZN4rtos6Thread4waitEj  thread.o
    0x0800281e   0x00000002   PAD
    0x08002820   0x00000054   Code   RO         2216    i._ZN6LPS25H11temperatureEv  lps25h.o
    0x08002874   0x00000080   Code   RO         2217    i._ZN6LPS25H3getEv  lps25h.o
    0x080028f4   0x000000f8   Code   RO         2218    i._ZN6LPS25H4initEv  lps25h.o
    0x080029ec   0x00000018   Code   RO         2220    i._ZN6LPS25H8pressureEv  lps25h.o
    0x08002a04   0x00000020   Code   RO         2226    i._ZN6LPS25HC1ERN4mbed3I2CEh  lps25h.o
    0x08002a24   0x00000020   Code   RO         5463    i.__0printf         mc_w.l(printfa.o)
    0x08002a44   0x00000018   Code   RO         5466    i.__0vfprintf       mc_w.l(printfa.o)
    0x08002a5c   0x00000006   Code   RO          610    i.__get_CONTROL     rt_cmsis.o
    0x08002a62   0x00000006   Code   RO          611    i.__get_IPSR        rt_cmsis.o
    0x08002a68   0x0000000e   Code   RO         5680    i.__scatterload_copy  mc_w.l(handlers.o)
    0x08002a76   0x00000002   Code   RO         5681    i.__scatterload_null  mc_w.l(handlers.o)
    0x08002a78   0x0000000e   Code   RO         5682    i.__scatterload_zeroinit  mc_w.l(handlers.o)
    0x08002a86   0x00000002   PAD
    0x08002a88   0x00000014   Code   RO         1920    i.__sti___10_hts221_cpp_i2c  hts221.o
    0x08002a9c   0x0000003c   Code   RO            4    i.__sti___8_main_cpp_myled  main.o
    0x08002ad8   0x00000018   Code   RO         5202    i._fflush$full      mc_w.l(fflush_f.o)
    0x08002af0   0x00000184   Code   RO         5470    i._fp_digits        mc_w.l(printfa.o)
    0x08002c74   0x000006dc   Code   RO         5471    i._printf_core      mc_w.l(printfa.o)
    0x08003350   0x00000024   Code   RO         5472    i._printf_post_padding  mc_w.l(printfa.o)
    0x08003374   0x0000002e   Code   RO         5473    i._printf_pre_padding  mc_w.l(printfa.o)
    0x080033a2   0x00000002   PAD
    0x080033a4   0x000000e4   Code   RO         2597    i._sys_open         retarget.o
    0x08003488   0x00000054   Code   RO         2598    i._sys_read         retarget.o
    0x080034dc   0x00000028   Code   RO         2599    i._sys_seek         retarget.o
    0x08003504   0x00000060   Code   RO         2600    i._sys_write        retarget.o
    0x08003564   0x00000018   Code   RO         4827    i.error             mbed.ar(error.o)
    0x0800357c   0x00000020   Code   RO         2602    i.exit              retarget.o
    0x0800359c   0x00000004   Code   RO         5200    i.getc              mc_w.l(getc.o)
    0x080035a0   0x00000054   Code   RO         4893    i.gpio_dir          mbed.ar(gpio_api.o)
    0x080035f4   0x0000003a   Code   RO         4894    i.gpio_init         mbed.ar(gpio_api.o)
    0x0800362e   0x00000002   PAD
    0x08003630   0x0000004c   Code   RO         4838    i.gpio_init_out     mbed.ar(gpio.o)
    0x0800367c   0x0000006c   Code   RO         4839    i.gpio_init_out_ex  mbed.ar(gpio.o)
    0x080036e8   0x00000008   Code   RO         4895    i.gpio_mode         mbed.ar(gpio_api.o)
    0x080036f0   0x0000008c   Code   RO         4910    i.i2c_frequency     mbed.ar(i2c_api.o)
    0x0800377c   0x000001f4   Code   RO         4911    i.i2c_init          mbed.ar(i2c_api.o)
    0x08003970   0x0000014c   Code   RO         4912    i.i2c_read          mbed.ar(i2c_api.o)
    0x08003abc   0x00000134   Code   RO         4919    i.i2c_write         mbed.ar(i2c_api.o)
    0x08003bf0   0x00000032   Code   RO          612    i.isrMessagePut     rt_cmsis.o
    0x08003c22   0x0000005e   Code   RO         1304    i.isr_mbx_receive   rt_mailbox.o
    0x08003c80   0x00000016   Code   RO         1305    i.isr_mbx_send      rt_mailbox.o
    0x08003c96   0x00000002   PAD
    0x08003c98   0x00000144   Code   RO            5    i.main              main.o
    0x08003ddc   0x00000040   Code   RO         4822    i.mbed_assert_internal  mbed.ar(assert.o)
    0x08003e1c   0x0000006c   Code   RO         2547    i.mbed_die          board.o
    0x08003e88   0x00000002   Code   RO         2603    i.mbed_main         retarget.o
    0x08003e8a   0x0000000e   Code   RO         2578    i.mbed_sdk_init     mbed_overrides.o
    0x08003e98   0x00000020   Code   RO          613    i.osDelay           rt_cmsis.o
    0x08003eb8   0x0000002c   Code   RO          614    i.osKernelInitialize  rt_cmsis.o
    0x08003ee4   0x000000d0   Code   RO          616    i.osKernelStart     rt_cmsis.o
    0x08003fb4   0x0000007c   Code   RO          624    i.osMessageGet      rt_cmsis.o
    0x08004030   0x00000044   Code   RO          642    i.osThreadCreate    rt_cmsis.o
    0x08004074   0x00000020   Code   RO          643    i.osThreadExit      rt_cmsis.o
    0x08004094   0x00000020   Code   RO          649    i.osTimerCall       rt_cmsis.o
    0x080040b4   0x00000038   Code   RO          654    i.osTimerThread     rt_cmsis.o
    0x080040ec   0x0000000a   Code   RO          552    i.os_error          rtx_conf_cm.o
    0x080040f6   0x00000004   Code   RO          553    i.os_idle_demon     rtx_conf_cm.o
    0x080040fa   0x00000002   PAD
    0x080040fc   0x00000030   Code   RO         1476    i.os_tick_init      rt_system.o
    0x0800412c   0x00000002   Code   RO         1477    i.os_tick_irqack    rt_system.o
    0x0800412e   0x00000002   PAD
    0x08004130   0x0000006c   Code   RO         4947    i.pin_function      mbed.ar(pinmap.o)
    0x0800419c   0x00000058   Code   RO         4948    i.pin_mode          mbed.ar(pinmap.o)
    0x080041f4   0x0000003c   Code   RO         5013    i.pinmap_merge      mbed.ar(pinmap_common.o)
    0x08004230   0x00000060   Code   RO         5014    i.pinmap_peripheral  mbed.ar(pinmap_common.o)
    0x08004290   0x0000005c   Code   RO         5015    i.pinmap_pinout     mbed.ar(pinmap_common.o)
    0x080042ec   0x0000001e   Code   RO         1354    i.rt_alloc_box      rt_membox.o
    0x0800430a   0x00000002   PAD
    0x0800430c   0x00000038   Code   RO         1554    i.rt_block          rt_task.o
    0x08004344   0x00000058   Code   RO         1412    i.rt_chk_robin      rt_robin.o
    0x0800439c   0x00000090   Code   RO         1228    i.rt_dec_dly        rt_list.o
    0x0800442c   0x00000050   Code   RO         1555    i.rt_dispatch       rt_task.o
    0x0800447c   0x0000000e   Code   RO         1637    i.rt_dly_wait       rt_time.o
    0x0800448a   0x00000002   PAD
    0x0800448c   0x0000005c   Code   RO         1189    i.rt_evt_psh        rt_event.o
    0x080044e8   0x00000024   Code   RO         1355    i.rt_free_box       rt_membox.o
    0x0800450c   0x00000028   Code   RO         1556    i.rt_get_TID        rt_task.o
    0x08004534   0x00000032   Code   RO         1229    i.rt_get_first      rt_list.o
    0x08004566   0x00000010   Code   RO          657    i.rt_id2obj         rt_cmsis.o
    0x08004576   0x00000032   Code   RO         1557    i.rt_init_context   rt_task.o
    0x080045a8   0x00000018   Code   RO         1413    i.rt_init_robin     rt_robin.o
    0x080045c0   0x0000004c   Code   RO          507    i.rt_init_stack     hal_cm.o
    0x0800460c   0x0000000c   Code   RO         1306    i.rt_mbx_check      rt_mailbox.o
    0x08004618   0x00000022   Code   RO         1307    i.rt_mbx_init       rt_mailbox.o
    0x0800463a   0x00000002   PAD
    0x0800463c   0x00000120   Code   RO         1308    i.rt_mbx_psh        rt_mailbox.o
    0x0800475c   0x000000d8   Code   RO         1310    i.rt_mbx_wait       rt_mailbox.o
    0x08004834   0x00000044   Code   RO          658    i.rt_ms2tick        rt_cmsis.o
    0x08004878   0x000000a8   Code   RO         1478    i.rt_pop_req        rt_system.o
    0x08004920   0x00000024   Code   RO         1479    i.rt_psh_req        rt_system.o
    0x08004944   0x0000007c   Code   RO         1231    i.rt_psq_enq        rt_list.o
    0x080049c0   0x0000005c   Code   RO         1232    i.rt_put_dly        rt_list.o
    0x08004a1c   0x00000040   Code   RO         1233    i.rt_put_prio       rt_list.o
    0x08004a5c   0x00000014   Code   RO         1234    i.rt_put_rdy_first  rt_list.o
    0x08004a70   0x00000034   Code   RO         1235    i.rt_resort_prio    rt_list.o
    0x08004aa4   0x00000014   Code   RO          508    i.rt_ret_regs       hal_cm.o
    0x08004ab8   0x00000012   Code   RO          509    i.rt_ret_val        hal_cm.o
    0x08004aca   0x0000001a   Code   RO          510    i.rt_ret_val2       hal_cm.o
    0x08004ae4   0x00000028   Code   RO         1236    i.rt_rmv_dly        rt_list.o
    0x08004b0c   0x00000034   Code   RO         1237    i.rt_rmv_list       rt_list.o
    0x08004b40   0x00000038   Code   RO         1436    i.rt_sem_psh        rt_semaphore.o
    0x08004b78   0x0000003c   Code   RO         1481    i.rt_stk_check      rt_system.o
    0x08004bb4   0x00000010   Code   RO         1558    i.rt_switch_req     rt_task.o
    0x08004bc4   0x000000e8   Code   RO         1559    i.rt_sys_init       rt_task.o
    0x08004cac   0x00000044   Code   RO         1560    i.rt_sys_start      rt_task.o
    0x08004cf0   0x00000044   Code   RO         1483    i.rt_systick        rt_system.o
    0x08004d34   0x00000020   Code   RO          659    i.rt_tid2ptcb       rt_cmsis.o
    0x08004d54   0x00000040   Code   RO          660    i.rt_timer_insert   rt_cmsis.o
    0x08004d94   0x00000090   Code   RO         1561    i.rt_tsk_delete     rt_task.o
    0x08004e24   0x00000090   Code   RO         1563    i.rt_tsk_prio       rt_task.o
    0x08004eb4   0x00000018   Code   RO         1564    i.rt_tsk_self       rt_task.o
    0x08004ecc   0x00000020   Code   RO         4664    i.serial_getc       mbed.ar(serial_api.o)
    0x08004eec   0x000001a0   Code   RO         4665    i.serial_init       mbed.ar(serial_api.o)
    0x0800508c   0x00000024   Code   RO         4669    i.serial_putc       mbed.ar(serial_api.o)
    0x080050b0   0x0000001c   Code   RO          554    i.set_main_stack    rtx_conf_cm.o
    0x080050cc   0x0000001c   Code   RO          662    i.svcDelay          rt_cmsis.o
    0x080050e8   0x00000030   Code   RO          663    i.svcKernelInitialize  rt_cmsis.o
    0x08005118   0x00000068   Code   RO          665    i.svcKernelStart    rt_cmsis.o
    0x08005180   0x0000003c   Code   RO          667    i.svcMessageCreate  rt_cmsis.o
    0x080051bc   0x00000056   Code   RO          668    i.svcMessageGet     rt_cmsis.o
    0x08005212   0x00000002   PAD
    0x08005214   0x00000088   Code   RO          683    i.svcThreadCreate   rt_cmsis.o
    0x0800529c   0x0000001c   Code   RO          684    i.svcThreadGetId    rt_cmsis.o
    0x080052b8   0x00000026   Code   RO          687    i.svcThreadTerminate  rt_cmsis.o
    0x080052de   0x0000002a   Code   RO          689    i.svcTimerCall      rt_cmsis.o
    0x08005308   0x0000000c   Code   RO          555    i.sysThreadError    rtx_conf_cm.o
    0x08005314   0x00000050   Code   RO          698    i.sysTimerTick      rt_cmsis.o
    0x08005364   0x0000004e   Code   RO         5030    i.ticker_irq_handler  mbed.ar(ticker_api.o)
    0x080053b2   0x00000002   PAD
    0x080053b4   0x00000054   Code   RO         2567    i.timer_irq_handler  hal_tick.o
    0x08005408   0x00000010   Code   RO         4960    i.us_ticker_clear_interrupt  mbed.ar(us_ticker.o)
    0x08005418   0x00000014   Code   RO         4961    i.us_ticker_disable_interrupt  mbed.ar(us_ticker.o)
    0x0800542c   0x00000028   Code   RO         4962    i.us_ticker_init    mbed.ar(us_ticker.o)
    0x08005454   0x0000000c   Code   RO         4853    i.us_ticker_irq_handler  mbed.ar(us_ticker_api.o)
    0x08005460   0x00000030   Code   RO         4963    i.us_ticker_read    mbed.ar(us_ticker.o)
    0x08005490   0x00000014   Code   RO         4964    i.us_ticker_set_interrupt  mbed.ar(us_ticker.o)
    0x080054a4   0x0000001c   Code   RO         4866    i.wait_ms           mbed.ar(wait_api.o)
    0x080054c0   0x0000001b   Data   RO          557    .constdata          rtx_conf_cm.o
    0x080054db   0x00000010   Data   RO         3705    .constdata          stm32f4xx_hal_rcc.o
    0x080054eb   0x00000010   Data   RO         4645    .constdata          system_stm32f4xx.o
    0x080054fb   0x00000001   PAD
    0x080054fc   0x00000014   Data   RO         4854    .constdata          mbed.ar(us_ticker_api.o)
    0x08005510   0x00000008   Data   RO         4855    .constdata          mbed.ar(us_ticker_api.o)
    0x08005518   0x00000048   Data   RO         4878    .constdata          mbed.ar(PeripheralPins.o)
    0x08005560   0x0000003c   Data   RO         4879    .constdata          mbed.ar(PeripheralPins.o)
    0x0800559c   0x00000048   Data   RO         4881    .constdata          mbed.ar(PeripheralPins.o)
    0x080055e4   0x00000048   Data   RO         4882    .constdata          mbed.ar(PeripheralPins.o)
    0x0800562c   0x00000034   Data   RO         4949    .constdata          mbed.ar(pinmap.o)
    0x08005660   0x00000040   Data   RO         5672    .constdata          mc_w.l(ctype_c.o)
    0x080056a0   0x00000086   Data   RO            9    .conststring        main.o
    0x08005726   0x00000002   PAD
    0x08005728   0x0000006e   Data   RO         2548    .conststring        board.o
    0x08005796   0x00000002   PAD
    0x08005798   0x00000068   Data   RO         4677    .conststring        mbed.ar(serial_api.o)
    0x08005800   0x00000066   Data   RO         4897    .conststring        mbed.ar(gpio_api.o)
    0x08005866   0x00000002   PAD
    0x08005868   0x00000065   Data   RO         4921    .conststring        mbed.ar(i2c_api.o)
    0x080058cd   0x00000003   PAD
    0x080058d0   0x00000064   Data   RO         4950    .conststring        mbed.ar(pinmap.o)
    0x08005934   0x00000020   Data   RO         5678    Region$$Table       anon$$obj.o
    0x08005954   0x00000004   Data   RO           11    .init_array         main.o
    0x08005958   0x00000004   Data   RO         1931    .init_array         hts221.o
    0x0800595c   0x00000000   Data   RO         5496    .init_array         mc_w.l(cpp_init.o)


    Execution Region RW_IRAM1 (Base: 0x20000194, Size: 0x00000868, Max: 0x00017e6c, ABSOLUTE, COMPRESSED[0x00000028])

    Base Addr    Size         Type   Attr      Idx    E Section Name        Object

    0x20000194   0x0000001c   Data   RW           10    .data               main.o
    0x200001b0   0x00000098   Data   RW          558    .data               rtx_conf_cm.o
    0x20000248   0x00000008   Data   RW          699    .data               rt_cmsis.o
    0x20000250   0x00000008   Data   RW         1414    .data               rt_robin.o
    0x20000258   0x00000007   Data   RW         1486    .data               rt_system.o
    0x2000025f   0x00000001   PAD
    0x20000260   0x00000008   Data   RW         1566    .data               rt_task.o
    0x20000268   0x00000004   Data   RW         1641    .data               rt_time.o
    0x2000026c   0x00000020   Data   RW         1930    .data               hts221.o
    0x2000028c   0x00000004   Data   RW         2569    .data               hal_tick.o
    0x20000290   0x00000004   Data   RW         2648    .data               retarget.o
    0x20000294   0x00000004   Data   RW         2735    .data               stm32f4xx_hal.o
    0x20000298   0x00000004   Data   RW         4646    .data               system_stm32f4xx.o
    0x2000029c   0x00000008   Data   RW         4678    .data               mbed.ar(serial_api.o)
    0x200002a4   0x00000004   Data   RW         4809    .data               mbed.ar(I2C.o)
    0x200002a8   0x00000008   Data   RW         4856    .data               mbed.ar(us_ticker_api.o)
    0x200002b0   0x0000000c   Data   RW         4922    .data               mbed.ar(i2c_api.o)
    0x200002bc   0x00000004   Data   RW         4966    .data               mbed.ar(us_ticker.o)
    0x200002c0   0x00000004   Data   RW         4992    .data               mbed.ar(FileBase.o)
    0x200002c4   0x0000003c   Zero   RW            8    .bss                main.o
    0x20000300   0x000004e0   Zero   RW          556    .bss                rtx_conf_cm.o
    0x200007e0   0x00000030   Zero   RW         1238    .bss                rt_list.o
    0x20000810   0x00000034   Zero   RW         1565    .bss                rt_task.o
    0x20000844   0x0000000c   Zero   RW         1929    .bss                hts221.o
    0x20000850   0x0000003c   Zero   RW         2568    .bss                hal_tick.o
    0x2000088c   0x00000040   Zero   RW         2644    .bss                retarget.o
    0x200008cc   0x0000007c   Zero   RW         4675    .bss                mbed.ar(serial_api.o)
    0x20000948   0x0000003c   Zero   RW         4920    .bss                mbed.ar(i2c_api.o)
    0x20000984   0x0000003c   Zero   RW         4965    .bss                mbed.ar(us_ticker.o)
    0x200009c0   0x00000014   Zero   RW         5213    .bss                mc_w.l(stdin_f.o)
    0x200009d4   0x00000014   Zero   RW         5214    .bss                mc_w.l(stdout_f.o)
    0x200009e8   0x00000014   Zero   RW         5215    .bss                mc_w.l(stderr_f.o)


==============================================================================

Image component sizes


      Code (inc. data)   RO Data    RW Data    ZI Data      Debug   Object Name

       108         28        110          0          0        124   board.o
        52          4          0          0          0        132   cmsis_nvic.o
       140          6          0          0          0       6919   hal_cm.o
       384         28          0          0          0        920   hal_cm4.o
       264         44          0          4         60        256   hal_tick.o
      1004        122          4         32         12     146000   hts221.o
       516         24          0          0          0     146348   lps25h.o
       480        158        138         28         60     154963   main.o
        14          0          0          0          0        128   mbed_overrides.o
         0          0          0          0          0       5092   mutex.o
       500         56          0          4         64        888   retarget.o
      1488        124          0          8          0      28441   rt_cmsis.o
        92          4          0          0          0        721   rt_event.o
       638         34          0          0         48       8677   rt_list.o
       666         12          0          0          0       4433   rt_mailbox.o
        66          0          0          0          0       1297   rt_membox.o
       112         22          0          8          0       1334   rt_robin.o
        56          4          0          0          0        645   rt_semaphore.o
       382         58          0          7          0       6539   rt_system.o
       854        122          0          8         52       9008   rt_task.o
        14          0          0          4          0        808   rt_time.o
        82         20         27        152       1248      11645   rtx_conf_cm.o
        36          8        404          0          0        276   startup_stm32f401xe.o
        80         16          0          4          0        356   stm32f4xx_hal.o
        36          6          0          0          0        116   stm32f4xx_hal_cortex.o
       516         22          0          0          0        140   stm32f4xx_hal_gpio.o
       258          8          0          0          0        244   stm32f4xx_hal_i2c.o
         2          0          0          0          0        116   stm32f4xx_hal_msp_template.o
      1812         94         16          0          0        652   stm32f4xx_hal_rcc.o
       258         16          0          0          0        488   stm32f4xx_hal_tim.o
       632         14          0          0          0        376   stm32f4xx_hal_uart.o
         4          4          0          0          0        260   svc_table.o
       544         74         16          4          0        400   system_stm32f4xx.o
        12          0          0          0          0       1808   thread.o

    ----------------------------------------------------------------------
     12126       1132        752        264       1544     540550   Object Totals
         0          0         32          0          0          0   (incl. Generated)
        24          0          5          1          0          0   (incl. Padding)

    ----------------------------------------------------------------------

      Code (inc. data)   RO Data    RW Data    ZI Data      Debug   Library Member Name

        60          6          0          4          0        244   FileBase.o
       154          0          0          0          0        728   FilePath.o
       200         20          0          4          0        520   I2C.o
         0          0        276          0          0          0   PeripheralPins.o
        64         52          0          0          0        116   assert.o
        24          4          0          0          0        128   error.o
       184         36          0          0          0        276   gpio.o
       150         30        102          0          0        388   gpio_api.o
      1280        124        101         12         60        604   i2c_api.o
       404        126        152          0          0        392   pinmap.o
       248         76          0          0          0        384   pinmap_common.o
       484        104        104          8        124        368   serial_api.o
        78          0          0          0          0        136   ticker_api.o
       144         46          0          4         60        588   us_ticker.o
        12          6         28          8          0        116   us_ticker_api.o
        28          0          0          0          0        128   wait_api.o
        56          8          0          0          0         84   __0sscanf.o
        86          0          0          0          0          0   __dczerorl2.o
        28          0          0          0          0         68   _chval.o
       812          4          0          0          0        112   _scanf.o
       332          0          0          0          0         96   _scanf_int.o
        64          0          0          0          0         84   _sgetc.o
        32         10          0          0          0         80   cpp_init.o
        40          6         64          0          0         68   ctype_c.o
         0          0          0          0          0          0   entry.o
         0          0          0          0          0          0   entry10a.o
         0          0          0          0          0          0   entry11a.o
         8          4          0          0          0          0   entry2.o
         4          0          0          0          0          0   entry5.o
         4          0          0          0          0          0   entry6b.o
         0          0          0          0          0          0   entry7b.o
         4          0          0          0          0          0   entry8a.o
         0          0          0          0          0          0   entry8b.o
        24          0          0          0          0         76   fflush_f.o
        34          0          0          0          0         76   fgetc_pf.o
        40          0          0          0          0         80   fputc_fp.o
         4          0          0          0          0         68   getc.o
        30          0          0          0          0          0   handlers.o
        36          8          0          0          0         68   init.o
        48         16          0          0          0         72   initio_ioe.o
        10          0          0          0          0         68   isspace_c.o
         0          0          0          0          0          0   iusefp.o
        30          0          0          0          0         68   llshl.o
        36          0          0          0          0         68   llsshr.o
        32          0          0          0          0         68   llushr.o
        36          0          0          0          0         68   memcpya.o
      2282         94          0          0          0        532   printfa.o
        40          8          0          0          0         84   scanf_char.o
         0          0          0          0         20          0   stderr_f.o
         0          0          0          0         20          0   stdin_f.o
         0          0          0          0         20          0   stdout_f.o
        28          0          0          0          0         76   strcmp.o
        14          0          0          0          0         68   strlen.o
        30          0          0          0          0         80   strncmp.o
        44          0          0          0          0         80   uidiv.o
        98          0          0          0          0         92   uldiv.o
        48          0          0          0          0         68   cdrcmple.o
        56          0          0          0          0         88   d2f.o
       334          0          0          0          0        148   dadd.o
       222          0          0          0          0        100   ddiv.o
       186          0          0          0          0        176   depilogue.o
        48          0          0          0          0         68   dfixul.o
       228          0          0          0          0         96   dmul.o
        38          0          0          0          0         68   f2d.o
       110          0          0          0          0        168   fepilogue.o

    ----------------------------------------------------------------------
      9166        788        832         40        304       8480   Library Totals
        16          0          5          0          0          0   (incl. Padding)

    ----------------------------------------------------------------------

      Code (inc. data)   RO Data    RW Data    ZI Data      Debug   Library Name

      3514        630        763         40        244       5116   mbed.ar
      4366        158         64          0         60       2384   mc_w.l
      1270          0          0          0          0        980   mf_w.l

    ----------------------------------------------------------------------
      9166        788        832         40        304       8480   Library Totals

    ----------------------------------------------------------------------

==============================================================================


      Code (inc. data)   RO Data    RW Data    ZI Data      Debug   

     21292       1920       1584        304       1848     532242   Grand Totals
     21292       1920       1584         40       1848     532242   ELF Image Totals (compressed)
     21292       1920       1584         40          0          0   ROM Totals

==============================================================================

    Total RO  Size (Code + RO Data)                22876 (  22.34kB)
    Total RW  Size (RW Data + ZI Data)              2152 (   2.10kB)
    Total ROM Size (Code + RO Data + RW Data)      22916 (  22.38kB)

==============================================================================

